Capstone 3/eia_energy_data.csv
period,stateid,stateDescription,sectorid,sectorName,price,sales,price-units,sales-units
2024-05,AL,Alabama,RES,residential,14.73,2532.77329,cents per kilowatthour,million kilowatthours
2024-04,AL,Alabama,RES,residential,15.85,1952.08615,cents per kilowatthour,million kilowatthours
2024-03,AL,Alabama,RES,residential,15.87,2062.74686,cents per kilowatthour,million kilowatthours
2024-02,AL,Alabama,RES,residential,14.98,2588.88968,cents per kilowatthour,million kilowatthours
2024-01,AL,Alabama,RES,residential,14.4,3496.0344,cents per kilowatthour,million kilowatthours
2023-12,AL,Alabama,RES,residential,14.13,2695.51377,cents per kilowatthour,million kilowatthours
2023-11,AL,Alabama,RES,residential,14.89,2169.82616,cents per kilowatthour,million kilowatthours
2023-10,AL,Alabama,RES,residential,15.02,2153.5247,cents per kilowatthour,million kilowatthours
2023-09,AL,Alabama,RES,residential,14.83,3067.36023,cents per kilowatthour,million kilowatthours
2023-08,AL,Alabama,RES,residential,14.14,3773.72627,cents per kilowatthour,million kilowatthours
2023-07,AL,Alabama,RES,residential,14.43,3623.5071,cents per kilowatthour,million kilowatthours
2023-06,AL,Alabama,RES,residential,14.63,2874.05796,cents per kilowatthour,million kilowatthours
2023-05,AL,Alabama,RES,residential,14.51,2227.48544,cents per kilowatthour,million kilowatthours
2023-04,AL,Alabama,RES,residential,14.49,1975.33052,cents per kilowatthour,million kilowatthours
2023-03,AL,Alabama,RES,residential,14.63,2188.24163,cents per kilowatthour,million kilowatthours
2023-02,AL,Alabama,RES,residential,15.29,2329.05173,cents per kilowatthour,million kilowatthours
2023-01,AL,Alabama,RES,residential,14.36,2843.50576,cents per kilowatthour,million kilowatthours
2022-12,AL,Alabama,RES,residential,13.1,2861.59672,cents per kilowatthour,million kilowatthours
2022-11,AL,Alabama,RES,residential,14.83,2185.74702,cents per kilowatthour,million kilowatthours
2022-10,AL,Alabama,RES,residential,15.02,2047.40004,cents per kilowatthour,million kilowatthours
2022-09,AL,Alabama,RES,residential,15.48,2783.48475,cents per kilowatthour,million kilowatthours
2022-08,AL,Alabama,RES,residential,15.43,3362.92716,cents per kilowatthour,million kilowatthours
2022-07,AL,Alabama,RES,residential,14.83,3707.14287,cents per kilowatthour,million kilowatthours
2022-06,AL,Alabama,RES,residential,14.64,3246.49856,cents per kilowatthour,million kilowatthours
2022-05,AL,Alabama,RES,residential,14.13,2494.73321,cents per kilowatthour,million kilowatthours
2022-04,AL,Alabama,RES,residential,14.1,1987.43085,cents per kilowatthour,million kilowatthours
2022-03,AL,Alabama,RES,residential,13.56,2255.4402,cents per kilowatthour,million kilowatthours
2022-02,AL,Alabama,RES,residential,13.01,2734.67956,cents per kilowatthour,million kilowatthours
2022-01,AL,Alabama,RES,residential,12.75,3256.49206,cents per kilowatthour,million kilowatthours
2021-12,AL,Alabama,RES,residential,9.66,2385.83902,cents per kilowatthour,million kilowatthours
2021-11,AL,Alabama,RES,residential,13.3,2229.23715,cents per kilowatthour,million kilowatthours
2021-10,AL,Alabama,RES,residential,13.7,2229.73128,cents per kilowatthour,million kilowatthours
2021-09,AL,Alabama,RES,residential,13.48,2820.86906,cents per kilowatthour,million kilowatthours
2021-08,AL,Alabama,RES,residential,13.38,3397.27717,cents per kilowatthour,million kilowatthours
2021-07,AL,Alabama,RES,residential,13.23,3267.54593,cents per kilowatthour,million kilowatthours
2021-06,AL,Alabama,RES,residential,13.4,2769.62211,cents per kilowatthour,million kilowatthours
2021-05,AL,Alabama,RES,residential,13.42,2178.49545,cents per kilowatthour,million kilowatthours
2021-04,AL,Alabama,RES,residential,13.61,1965.6845,cents per kilowatthour,million kilowatthours
2021-03,AL,Alabama,RES,residential,13.23,2306.30244,cents per kilowatthour,million kilowatthours
2021-02,AL,Alabama,RES,residential,12.88,2888.98203,cents per kilowatthour,million kilowatthours
2021-01,AL,Alabama,RES,residential,12.21,3145.56687,cents per kilowatthour,million kilowatthours
2024-05,MN,Minnesota,RES,residential,15.69,1571.5684,cents per kilowatthour,million kilowatthours
2024-04,MN,Minnesota,RES,residential,15.08,1631.01056,cents per kilowatthour,million kilowatthours
2024-03,MN,Minnesota,RES,residential,14.69,1866.53297,cents per kilowatthour,million kilowatthours
2024-02,MN,Minnesota,RES,residential,14.36,1928.53045,cents per kilowatthour,million kilowatthours
2024-01,MN,Minnesota,RES,residential,14.04,2364.42455,cents per kilowatthour,million kilowatthours
2023-12,MN,Minnesota,RES,residential,13.94,2081.80681,cents per kilowatthour,million kilowatthours
2023-11,MN,Minnesota,RES,residential,14.36,1743.45618,cents per kilowatthour,million kilowatthours
2023-10,MN,Minnesota,RES,residential,15.29,1601.03597,cents per kilowatthour,million kilowatthours
2023-09,MN,Minnesota,RES,residential,15.29,1794.40404,cents per kilowatthour,million kilowatthours
2023-08,MN,Minnesota,RES,residential,15.46,2266.4553,cents per kilowatthour,million kilowatthours
2023-07,MN,Minnesota,RES,residential,15.45,2113.46317,cents per kilowatthour,million kilowatthours
2023-06,MN,Minnesota,RES,residential,15.54,2037.69922,cents per kilowatthour,million kilowatthours
2023-05,MN,Minnesota,RES,residential,15.16,1645.33465,cents per kilowatthour,million kilowatthours
2023-04,MN,Minnesota,RES,residential,14.54,1719.65137,cents per kilowatthour,million kilowatthours
2023-03,MN,Minnesota,RES,residential,13.76,2100.04106,cents per kilowatthour,million kilowatthours
2023-02,MN,Minnesota,RES,residential,13.45,2014.9735,cents per kilowatthour,million kilowatthours
2023-01,MN,Minnesota,RES,residential,13.08,2371.59732,cents per kilowatthour,million kilowatthours
2022-12,MN,Minnesota,RES,residential,13.15,2290.19226,cents per kilowatthour,million kilowatthours
2022-11,MN,Minnesota,RES,residential,14.18,1734.24388,cents per kilowatthour,million kilowatthours
2022-10,MN,Minnesota,RES,residential,15.07,1496.64739,cents per kilowatthour,million kilowatthours
2022-09,MN,Minnesota,RES,residential,15.53,1725.50059,cents per kilowatthour,million kilowatthours
2022-08,MN,Minnesota,RES,residential,15.26,2126.80186,cents per kilowatthour,million kilowatthours
2022-07,MN,Minnesota,RES,residential,15.25,2258.44699,cents per kilowatthour,million kilowatthours
2022-06,MN,Minnesota,RES,residential,15.1,1919.25998,cents per kilowatthour,million kilowatthours
2022-05,MN,Minnesota,RES,residential,14.6,1640.83587,cents per kilowatthour,million kilowatthours
2022-04,MN,Minnesota,RES,residential,13.96,1689.30683,cents per kilowatthour,million kilowatthours
2022-03,MN,Minnesota,RES,residential,13.49,2019.2309,cents per kilowatthour,million kilowatthours
2022-02,MN,Minnesota,RES,residential,13.28,2099.14117,cents per kilowatthour,million kilowatthours
2022-01,MN,Minnesota,RES,residential,12.84,2418.70531,cents per kilowatthour,million kilowatthours
2021-12,MN,Minnesota,RES,residential,12.89,2122.98286,cents per kilowatthour,million kilowatthours
2021-11,MN,Minnesota,RES,residential,13.54,1712.56033,cents per kilowatthour,million kilowatthours
2021-10,MN,Minnesota,RES,residential,14.11,1571.56394,cents per kilowatthour,million kilowatthours
2021-09,MN,Minnesota,RES,residential,14.3,1671.03452,cents per kilowatthour,million kilowatthours
2021-08,MN,Minnesota,RES,residential,14.01,2258.3768,cents per kilowatthour,million kilowatthours
2021-07,MN,Minnesota,RES,residential,14.06,2278.63642,cents per kilowatthour,million kilowatthours
2021-06,MN,Minnesota,RES,residential,14.17,2184.81982,cents per kilowatthour,million kilowatthours
2021-05,MN,Minnesota,RES,residential,13.63,1579.99768,cents per kilowatthour,million kilowatthours
2021-04,MN,Minnesota,RES,residential,13.25,1613.96487,cents per kilowatthour,million kilowatthours
2021-03,MN,Minnesota,RES,residential,12.97,1950.24604,cents per kilowatthour,million kilowatthours
2021-02,MN,Minnesota,RES,residential,12.7,2109.38991,cents per kilowatthour,million kilowatthours
2021-01,MN,Minnesota,RES,residential,12.56,2192.48179,cents per kilowatthour,million kilowatthours
2024-05,MI,Michigan,RES,residential,19.44,2477.25469,cents per kilowatthour,million kilowatthours
2024-04,MI,Michigan,RES,residential,19.23,2251.20822,cents per kilowatthour,million kilowatthours
2024-03,MI,Michigan,RES,residential,18.7,2571.98349,cents per kilowatthour,million kilowatthours
2024-02,MI,Michigan,RES,residential,18.57,2578.05862,cents per kilowatthour,million kilowatthours
2024-01,MI,Michigan,RES,residential,18.34,3116.87063,cents per kilowatthour,million kilowatthours
2023-12,MI,Michigan,RES,residential,18.55,2850.61238,cents per kilowatthour,million kilowatthours
2023-11,MI,Michigan,RES,residential,18.44,2532.0114,cents per kilowatthour,million kilowatthours
2023-10,MI,Michigan,RES,residential,19.06,2389.05485,cents per kilowatthour,million kilowatthours
2023-09,MI,Michigan,RES,residential,19.35,2548.20363,cents per kilowatthour,million kilowatthours
2023-08,MI,Michigan,RES,residential,19.44,3068.81985,cents per kilowatthour,million kilowatthours
2023-07,MI,Michigan,RES,residential,19.32,3531.85101,cents per kilowatthour,million kilowatthours
2023-06,MI,Michigan,RES,residential,19.26,2790.86393,cents per kilowatthour,million kilowatthours
2023-05,MI,Michigan,RES,residential,18.56,2338.43101,cents per kilowatthour,million kilowatthours
2023-04,MI,Michigan,RES,residential,18.25,2334.7608,cents per kilowatthour,million kilowatthours
2023-03,MI,Michigan,RES,residential,18.06,2724.86073,cents per kilowatthour,million kilowatthours
2023-02,MI,Michigan,RES,residential,17.82,2633.68632,cents per kilowatthour,million kilowatthours
2023-01,MI,Michigan,RES,residential,17.99,2956.14921,cents per kilowatthour,million kilowatthours
2022-12,MI,Michigan,RES,residential,17.91,3124.88782,cents per kilowatthour,million kilowatthours
2022-11,MI,Michigan,RES,residential,17.83,2514.73829,cents per kilowatthour,million kilowatthours
2022-10,MI,Michigan,RES,residential,18.28,2290.06909,cents per kilowatthour,million kilowatthours
2022-09,MI,Michigan,RES,residential,18.29,2675.70835,cents per kilowatthour,million kilowatthours
2022-08,MI,Michigan,RES,residential,18.07,3523.57569,cents per kilowatthour,million kilowatthours
2022-07,MI,Michigan,RES,residential,18.11,3738.5809,cents per kilowatthour,million kilowatthours
2022-06,MI,Michigan,RES,residential,18.2,3130.84475,cents per kilowatthour,million kilowatthours
2022-05,MI,Michigan,RES,residential,17.94,2584.36489,cents per kilowatthour,million kilowatthours
2022-04,MI,Michigan,RES,residential,17.76,2456.34327,cents per kilowatthour,million kilowatthours
2022-03,MI,Michigan,RES,residential,17.46,2768.19107,cents per kilowatthour,million kilowatthours
2022-02,MI,Michigan,RES,residential,17.24,2877.33173,cents per kilowatthour,million kilowatthours
2022-01,MI,Michigan,RES,residential,17.22,3350.33517,cents per kilowatthour,million kilowatthours
2021-12,MI,Michigan,RES,residential,17.26,3027.5176,cents per kilowatthour,million kilowatthours
2021-11,MI,Michigan,RES,residential,17.61,2658.92865,cents per kilowatthour,million kilowatthours
2021-10,MI,Michigan,RES,residential,17.97,2556.47048,cents per kilowatthour,million kilowatthours
2021-09,MI,Michigan,RES,residential,17.64,2671.10427,cents per kilowatthour,million kilowatthours
2021-08,MI,Michigan,RES,residential,17.87,4030.11048,cents per kilowatthour,million kilowatthours
2021-07,MI,Michigan,RES,residential,17.8,3687.10367,cents per kilowatthour,million kilowatthours
2021-06,MI,Michigan,RES,residential,17.85,3429.74709,cents per kilowatthour,million kilowatthours
2021-05,MI,Michigan,RES,residential,17.7,2581.91171,cents per kilowatthour,million kilowatthours
2021-04,MI,Michigan,RES,residential,17.58,2394.61032,cents per kilowatthour,million kilowatthours
2021-03,MI,Michigan,RES,residential,17.18,2676.53454,cents per kilowatthour,million kilowatthours
2021-02,MI,Michigan,RES,residential,16.95,2993.79627,cents per kilowatthour,million kilowatthours
2021-01,MI,Michigan,RES,residential,16.92,3160.26492,cents per kilowatthour,million kilowatthours
2024-05,MA,Massachusetts,RES,residential,28.7,1446.62243,cents per kilowatthour,million kilowatthours
2024-04,MA,Massachusetts,RES,residential,29.5,1474.40845,cents per kilowatthour,million kilowatthours
2024-03,MA,Massachusetts,RES,residential,29.66,1667.32748,cents per kilowatthour,million kilowatthours
2024-02,MA,Massachusetts,RES,residential,29.25,1759.65785,cents per kilowatthour,million kilowatthours
2024-01,MA,Massachusetts,RES,residential,28.34,1887.7355,cents per kilowatthour,million kilowatthours
2023-12,MA,Massachusetts,RES,residential,28.85,1603.02596,cents per kilowatthour,million kilowatthours
2023-11,MA,Massachusetts,RES,residential,28.31,1401.89595,cents per kilowatthour,million kilowatthours
2023-10,MA,Massachusetts,RES,residential,28.09,1380.8758,cents per kilowatthour,million kilowatthours
2023-09,MA,Massachusetts,RES,residential,28.07,1767.96356,cents per kilowatthour,million kilowatthours
2023-08,MA,Massachusetts,RES,residential,27.83,2036.65064,cents per kilowatthour,million kilowatthours
2023-07,MA,Massachusetts,RES,residential,27.39,2009.00162,cents per kilowatthour,million kilowatthours
2023-06,MA,Massachusetts,RES,residential,27.18,1447.27104,cents per kilowatthour,million kilowatthours
2023-05,MA,Massachusetts,RES,residential,29.07,1292.68873,cents per kilowatthour,million kilowatthours
2023-04,MA,Massachusetts,RES,residential,32.06,1337.40472,cents per kilowatthour,million kilowatthours
2023-03,MA,Massachusetts,RES,residential,32.39,1581.93293,cents per kilowatthour,million kilowatthours
2023-02,MA,Massachusetts,RES,residential,32.23,1648.86135,cents per kilowatthour,million kilowatthours
2023-01,MA,Massachusetts,RES,residential,31.83,1816.75305,cents per kilowatthour,million kilowatthours
2022-12,MA,Massachusetts,RES,residential,30.64,1630.96378,cents per kilowatthour,million kilowatthours
2022-11,MA,Massachusetts,RES,residential,28.07,1377.07796,cents per kilowatthour,million kilowatthours
2022-10,MA,Massachusetts,RES,residential,26.15,1447.26959,cents per kilowatthour,million kilowatthours
2022-09,MA,Massachusetts,RES,residential,27.56,1785.82224,cents per kilowatthour,million kilowatthours
2022-08,MA,Massachusetts,RES,residential,26.46,2131.69953,cents per kilowatthour,million kilowatthours
2022-07,MA,Massachusetts,RES,residential,23.76,1918.35206,cents per kilowatthour,million kilowatthours
2022-06,MA,Massachusetts,RES,residential,25.02,1492.61157,cents per kilowatthour,million kilowatthours
2022-05,MA,Massachusetts,RES,residential,23.72,1408.67267,cents per kilowatthour,million kilowatthours
2022-04,MA,Massachusetts,RES,residential,24.21,1491.47368,cents per kilowatthour,million kilowatthours
2022-03,MA,Massachusetts,RES,residential,25.29,1626.33509,cents per kilowatthour,million kilowatthours
2022-02,MA,Massachusetts,RES,residential,25.57,1810.21095,cents per kilowatthour,million kilowatthours
2022-01,MA,Massachusetts,RES,residential,25.27,1886.40187,cents per kilowatthour,million kilowatthours
2021-12,MA,Massachusetts,RES,residential,24.32,1631.28089,cents per kilowatthour,million kilowatthours
2021-11,MA,Massachusetts,RES,residential,23.33,1442.96302,cents per kilowatthour,million kilowatthours
2021-10,MA,Massachusetts,RES,residential,22.48,1434.00305,cents per kilowatthour,million kilowatthours
2021-09,MA,Massachusetts,RES,residential,23.44,1882.68962,cents per kilowatthour,million kilowatthours
2021-08,MA,Massachusetts,RES,residential,22.19,2112.84302,cents per kilowatthour,million kilowatthours
2021-07,MA,Massachusetts,RES,residential,22.88,1997.10538,cents per kilowatthour,million kilowatthours
2021-06,MA,Massachusetts,RES,residential,22.2,1745.85096,cents per kilowatthour,million kilowatthours
2021-05,MA,Massachusetts,RES,residential,22.69,1333.82812,cents per kilowatthour,million kilowatthours
2021-04,MA,Massachusetts,RES,residential,23.45,1396.73322,cents per kilowatthour,million kilowatthours
2021-03,MA,Massachusetts,RES,residential,23.08,1592.50122,cents per kilowatthour,million kilowatthours
2021-02,MA,Massachusetts,RES,residential,22.67,1793.69836,cents per kilowatthour,million kilowatthours
2021-01,MA,Massachusetts,RES,residential,22.3,1941.77215,cents per kilowatthour,million kilowatthours
