Capstone 3/eia_energy_data.csv
period,stateid,stateDescription,sectorid,sectorName,price,sales,price-units,sales-units
2024-05,MD,Maryland,RES,residential,17.63,1858.93542,cents per kilowatthour,million kilowatthours
2024-04,MD,Maryland,RES,residential,17.85,1728.13323,cents per kilowatthour,million kilowatthours
2024-03,MD,Maryland,RES,residential,18.09,2074.90083,cents per kilowatthour,million kilowatthours
2024-02,MD,Maryland,RES,residential,17.6,2389.91876,cents per kilowatthour,million kilowatthours
2024-01,MD,Maryland,RES,residential,17.48,2882.79278,cents per kilowatthour,million kilowatthours
2023-12,MD,Maryland,RES,residential,17.46,2433.70093,cents per kilowatthour,million kilowatthours
2023-11,MD,Maryland,RES,residential,17.38,2033.88741,cents per kilowatthour,million kilowatthours
2023-10,MD,Maryland,RES,residential,18.4,1657.8698,cents per kilowatthour,million kilowatthours
2023-09,MD,Maryland,RES,residential,16.96,2215.58311,cents per kilowatthour,million kilowatthours
2023-08,MD,Maryland,RES,residential,16.35,2642.54595,cents per kilowatthour,million kilowatthours
2023-07,MD,Maryland,RES,residential,16.03,2887.89109,cents per kilowatthour,million kilowatthours
2023-06,MD,Maryland,RES,residential,16.99,1969.06761,cents per kilowatthour,million kilowatthours
2023-05,MD,Maryland,RES,residential,16.08,1663.98981,cents per kilowatthour,million kilowatthours
2023-04,MD,Maryland,RES,residential,15.91,1727.16111,cents per kilowatthour,million kilowatthours
2023-03,MD,Maryland,RES,residential,15.85,2199.67197,cents per kilowatthour,million kilowatthours
2023-02,MD,Maryland,RES,residential,16.21,2206.17096,cents per kilowatthour,million kilowatthours
2023-01,MD,Maryland,RES,residential,15.97,2516.414,cents per kilowatthour,million kilowatthours
2022-12,MD,Maryland,RES,residential,15.53,2809.69318,cents per kilowatthour,million kilowatthours
2022-11,MD,Maryland,RES,residential,15.37,1948.47268,cents per kilowatthour,million kilowatthours
2022-10,MD,Maryland,RES,residential,15.84,1711.10053,cents per kilowatthour,million kilowatthours
2022-09,MD,Maryland,RES,residential,14.55,2061.56355,cents per kilowatthour,million kilowatthours
2022-08,MD,Maryland,RES,residential,14.24,2799.70036,cents per kilowatthour,million kilowatthours
2022-07,MD,Maryland,RES,residential,14.22,2909.94044,cents per kilowatthour,million kilowatthours
2022-06,MD,Maryland,RES,residential,14.61,2274.33026,cents per kilowatthour,million kilowatthours
2022-05,MD,Maryland,RES,residential,14.17,1859.19302,cents per kilowatthour,million kilowatthours
2022-04,MD,Maryland,RES,residential,14.11,1779.48541,cents per kilowatthour,million kilowatthours
2022-03,MD,Maryland,RES,residential,14.14,2172.65992,cents per kilowatthour,million kilowatthours
2022-02,MD,Maryland,RES,residential,14.04,2533.57666,cents per kilowatthour,million kilowatthours
2022-01,MD,Maryland,RES,residential,13.38,3205.663,cents per kilowatthour,million kilowatthours
2021-12,MD,Maryland,RES,residential,14.07,2412.35002,cents per kilowatthour,million kilowatthours
2021-11,MD,Maryland,RES,residential,13.65,2069.30181,cents per kilowatthour,million kilowatthours
2021-10,MD,Maryland,RES,residential,14.5,1685.29974,cents per kilowatthour,million kilowatthours
2021-09,MD,Maryland,RES,residential,13.28,2191.97427,cents per kilowatthour,million kilowatthours
2021-08,MD,Maryland,RES,residential,12.89,2883.33453,cents per kilowatthour,million kilowatthours
2021-07,MD,Maryland,RES,residential,12.95,2890.73415,cents per kilowatthour,million kilowatthours
2021-06,MD,Maryland,RES,residential,13.07,2426.13952,cents per kilowatthour,million kilowatthours
2021-05,MD,Maryland,RES,residential,12.88,1844.21623,cents per kilowatthour,million kilowatthours
2021-04,MD,Maryland,RES,residential,12.96,1736.43606,cents per kilowatthour,million kilowatthours
2021-03,MD,Maryland,RES,residential,12.78,2203.41932,cents per kilowatthour,million kilowatthours
2021-02,MD,Maryland,RES,residential,12.47,2699.71742,cents per kilowatthour,million kilowatthours
2021-01,MD,Maryland,RES,residential,12.6,2921.62193,cents per kilowatthour,million kilowatthours
2024-05,ME,Maine,RES,residential,20.48,386.78962,cents per kilowatthour,million kilowatthours
2024-04,ME,Maine,RES,residential,20.47,438.03941,cents per kilowatthour,million kilowatthours
2024-03,ME,Maine,RES,residential,22.25,459.46404,cents per kilowatthour,million kilowatthours
2024-02,ME,Maine,RES,residential,24.95,473.60599,cents per kilowatthour,million kilowatthours
2024-01,ME,Maine,RES,residential,25.89,475.46918,cents per kilowatthour,million kilowatthours
2023-12,ME,Maine,RES,residential,28.04,419.58667,cents per kilowatthour,million kilowatthours
2023-11,ME,Maine,RES,residential,28.51,391.86519,cents per kilowatthour,million kilowatthours
2023-10,ME,Maine,RES,residential,29.12,345.96341,cents per kilowatthour,million kilowatthours
2023-09,ME,Maine,RES,residential,26.85,401.10472,cents per kilowatthour,million kilowatthours
2023-08,ME,Maine,RES,residential,25.43,445.78198,cents per kilowatthour,million kilowatthours
2023-07,ME,Maine,RES,residential,27.79,411.6289,cents per kilowatthour,million kilowatthours
2023-06,ME,Maine,RES,residential,27.61,339.91432,cents per kilowatthour,million kilowatthours
2023-05,ME,Maine,RES,residential,29.24,332.85182,cents per kilowatthour,million kilowatthours
2023-04,ME,Maine,RES,residential,28.64,383.35452,cents per kilowatthour,million kilowatthours
2023-03,ME,Maine,RES,residential,29.39,458.77313,cents per kilowatthour,million kilowatthours
2023-02,ME,Maine,RES,residential,26.33,491.762,cents per kilowatthour,million kilowatthours
2023-01,ME,Maine,RES,residential,24.1,484.21901,cents per kilowatthour,million kilowatthours
2022-12,ME,Maine,RES,residential,22.44,442.87751,cents per kilowatthour,million kilowatthours
2022-11,ME,Maine,RES,residential,22.23,378.25519,cents per kilowatthour,million kilowatthours
2022-10,ME,Maine,RES,residential,22.97,339.88712,cents per kilowatthour,million kilowatthours
2022-09,ME,Maine,RES,residential,23.17,395.0012,cents per kilowatthour,million kilowatthours
2022-08,ME,Maine,RES,residential,21.08,484.67,cents per kilowatthour,million kilowatthours
2022-07,ME,Maine,RES,residential,22.99,399.76174,cents per kilowatthour,million kilowatthours
2022-06,ME,Maine,RES,residential,24.11,356.43755,cents per kilowatthour,million kilowatthours
2022-05,ME,Maine,RES,residential,25.67,353.65399,cents per kilowatthour,million kilowatthours
2022-04,ME,Maine,RES,residential,25.29,397.84954,cents per kilowatthour,million kilowatthours
2022-03,ME,Maine,RES,residential,22.97,493.69056,cents per kilowatthour,million kilowatthours
2022-02,ME,Maine,RES,residential,20.88,501.10962,cents per kilowatthour,million kilowatthours
2022-01,ME,Maine,RES,residential,18.27,547.68,cents per kilowatthour,million kilowatthours
2021-12,ME,Maine,RES,residential,17.9,495.50251,cents per kilowatthour,million kilowatthours
2021-11,ME,Maine,RES,residential,18.19,365.25257,cents per kilowatthour,million kilowatthours
2021-10,ME,Maine,RES,residential,18.17,352.2313,cents per kilowatthour,million kilowatthours
2021-09,ME,Maine,RES,residential,17.98,437.35582,cents per kilowatthour,million kilowatthours
2021-08,ME,Maine,RES,residential,17.13,436.38626,cents per kilowatthour,million kilowatthours
2021-07,ME,Maine,RES,residential,16.37,429.97373,cents per kilowatthour,million kilowatthours
2021-06,ME,Maine,RES,residential,16.57,386.77151,cents per kilowatthour,million kilowatthours
2021-05,ME,Maine,RES,residential,16.61,342.11034,cents per kilowatthour,million kilowatthours
2021-04,ME,Maine,RES,residential,16.45,423.9298,cents per kilowatthour,million kilowatthours
2021-03,ME,Maine,RES,residential,16.41,456.61498,cents per kilowatthour,million kilowatthours
2021-02,ME,Maine,RES,residential,16.23,468.12911,cents per kilowatthour,million kilowatthours
2021-01,ME,Maine,RES,residential,16.49,468.00806,cents per kilowatthour,million kilowatthours
2024-05,LA,Louisiana,RES,residential,11.49,2325.59426,cents per kilowatthour,million kilowatthours
2024-04,LA,Louisiana,RES,residential,12.08,1792.78495,cents per kilowatthour,million kilowatthours
2024-03,LA,Louisiana,RES,residential,12.38,1826.12144,cents per kilowatthour,million kilowatthours
2024-02,LA,Louisiana,RES,residential,11.25,2331.21821,cents per kilowatthour,million kilowatthours
2024-01,LA,Louisiana,RES,residential,10.82,2861.46841,cents per kilowatthour,million kilowatthours
2023-12,LA,Louisiana,RES,residential,11.4,2217.97061,cents per kilowatthour,million kilowatthours
2023-11,LA,Louisiana,RES,residential,11.37,2013.56225,cents per kilowatthour,million kilowatthours
2023-10,LA,Louisiana,RES,residential,11.92,2474.58617,cents per kilowatthour,million kilowatthours
2023-09,LA,Louisiana,RES,residential,11.39,3608.40701,cents per kilowatthour,million kilowatthours
2023-08,LA,Louisiana,RES,residential,11.04,4063.58394,cents per kilowatthour,million kilowatthours
2023-07,LA,Louisiana,RES,residential,11.23,3774.32125,cents per kilowatthour,million kilowatthours
2023-06,LA,Louisiana,RES,residential,11.23,2953.89222,cents per kilowatthour,million kilowatthours
2023-05,LA,Louisiana,RES,residential,11.69,2144.12399,cents per kilowatthour,million kilowatthours
2023-04,LA,Louisiana,RES,residential,11.17,1903.25705,cents per kilowatthour,million kilowatthours
2023-03,LA,Louisiana,RES,residential,11.84,1997.55173,cents per kilowatthour,million kilowatthours
2023-02,LA,Louisiana,RES,residential,12.84,2155.32146,cents per kilowatthour,million kilowatthours
2023-01,LA,Louisiana,RES,residential,11.94,2619.66682,cents per kilowatthour,million kilowatthours
2022-12,LA,Louisiana,RES,residential,12.5,2395.54039,cents per kilowatthour,million kilowatthours
2022-11,LA,Louisiana,RES,residential,13.82,1969.29981,cents per kilowatthour,million kilowatthours
2022-10,LA,Louisiana,RES,residential,14.29,2319.75374,cents per kilowatthour,million kilowatthours
2022-09,LA,Louisiana,RES,residential,14.26,2906.24556,cents per kilowatthour,million kilowatthours
2022-08,LA,Louisiana,RES,residential,14.14,3302.83352,cents per kilowatthour,million kilowatthours
2022-07,LA,Louisiana,RES,residential,14.09,3645.41774,cents per kilowatthour,million kilowatthours
2022-06,LA,Louisiana,RES,residential,13.04,3232.64444,cents per kilowatthour,million kilowatthours
2022-05,LA,Louisiana,RES,residential,12.22,2389.13934,cents per kilowatthour,million kilowatthours
2022-04,LA,Louisiana,RES,residential,12.25,1823.82009,cents per kilowatthour,million kilowatthours
2022-03,LA,Louisiana,RES,residential,11.3,2182.64801,cents per kilowatthour,million kilowatthours
2022-02,LA,Louisiana,RES,residential,10.73,2658.50204,cents per kilowatthour,million kilowatthours
2022-01,LA,Louisiana,RES,residential,11.45,2618.86332,cents per kilowatthour,million kilowatthours
2021-12,LA,Louisiana,RES,residential,11.56,2042.48913,cents per kilowatthour,million kilowatthours
2021-11,LA,Louisiana,RES,residential,11.66,2007.37094,cents per kilowatthour,million kilowatthours
2021-10,LA,Louisiana,RES,residential,11.69,2311.68768,cents per kilowatthour,million kilowatthours
2021-09,LA,Louisiana,RES,residential,11.69,2848.6272,cents per kilowatthour,million kilowatthours
2021-08,LA,Louisiana,RES,residential,11.45,3403.76888,cents per kilowatthour,million kilowatthours
2021-07,LA,Louisiana,RES,residential,10.9,3262.87826,cents per kilowatthour,million kilowatthours
2021-06,LA,Louisiana,RES,residential,11.35,2785.68162,cents per kilowatthour,million kilowatthours
2021-05,LA,Louisiana,RES,residential,11.67,2085.04199,cents per kilowatthour,million kilowatthours
2021-04,LA,Louisiana,RES,residential,11.02,1813.05049,cents per kilowatthour,million kilowatthours
2021-03,LA,Louisiana,RES,residential,10.14,2464.62477,cents per kilowatthour,million kilowatthours
2021-02,LA,Louisiana,RES,residential,9.97,2524.46573,cents per kilowatthour,million kilowatthours
2021-01,LA,Louisiana,RES,residential,9.51,2858.53733,cents per kilowatthour,million kilowatthours
2024-05,KY,Kentucky,RES,residential,12.94,1895.03048,cents per kilowatthour,million kilowatthours
2024-04,KY,Kentucky,RES,residential,13,1682.8654,cents per kilowatthour,million kilowatthours
2024-03,KY,Kentucky,RES,residential,13.01,1916.67081,cents per kilowatthour,million kilowatthours
2024-02,KY,Kentucky,RES,residential,12.48,2314.06391,cents per kilowatthour,million kilowatthours
2024-01,KY,Kentucky,RES,residential,12.27,2997.58609,cents per kilowatthour,million kilowatthours
2023-12,KY,Kentucky,RES,residential,12.21,2257.6016,cents per kilowatthour,million kilowatthours
2023-11,KY,Kentucky,RES,residential,13.13,1817.96201,cents per kilowatthour,million kilowatthours
2023-10,KY,Kentucky,RES,residential,12.99,1683.70094,cents per kilowatthour,million kilowatthours
2023-09,KY,Kentucky,RES,residential,12.43,2126.25874,cents per kilowatthour,million kilowatthours
2023-08,KY,Kentucky,RES,residential,12.16,2639.92571,cents per kilowatthour,million kilowatthours
2023-07,KY,Kentucky,RES,residential,12.37,2676.05241,cents per kilowatthour,million kilowatthours
2023-06,KY,Kentucky,RES,residential,12.49,2002.53133,cents per kilowatthour,million kilowatthours
2023-05,KY,Kentucky,RES,residential,12.53,1729.68869,cents per kilowatthour,million kilowatthours
2023-04,KY,Kentucky,RES,residential,12.61,1654.55032,cents per kilowatthour,million kilowatthours
2023-03,KY,Kentucky,RES,residential,12.14,1976.28128,cents per kilowatthour,million kilowatthours
2023-02,KY,Kentucky,RES,residential,12.48,2122.05221,cents per kilowatthour,million kilowatthours
2023-01,KY,Kentucky,RES,residential,12.68,2513.5071,cents per kilowatthour,million kilowatthours
2022-12,KY,Kentucky,RES,residential,13.05,2517.42091,cents per kilowatthour,million kilowatthours
2022-11,KY,Kentucky,RES,residential,13.87,1814.69858,cents per kilowatthour,million kilowatthours
2022-10,KY,Kentucky,RES,residential,14.06,1590.69845,cents per kilowatthour,million kilowatthours
2022-09,KY,Kentucky,RES,residential,13.48,2050.56637,cents per kilowatthour,million kilowatthours
2022-08,KY,Kentucky,RES,residential,13.57,2691.4351,cents per kilowatthour,million kilowatthours
2022-07,KY,Kentucky,RES,residential,13.28,2865.62799,cents per kilowatthour,million kilowatthours
2022-06,KY,Kentucky,RES,residential,13.16,2344.68515,cents per kilowatthour,million kilowatthours
2022-05,KY,Kentucky,RES,residential,12.85,1843.05034,cents per kilowatthour,million kilowatthours
2022-04,KY,Kentucky,RES,residential,12.7,1701.28812,cents per kilowatthour,million kilowatthours
2022-03,KY,Kentucky,RES,residential,12.05,2008.5252,cents per kilowatthour,million kilowatthours
2022-02,KY,Kentucky,RES,residential,11.5,2554.45485,cents per kilowatthour,million kilowatthours
2022-01,KY,Kentucky,RES,residential,11.99,2857.73495,cents per kilowatthour,million kilowatthours
2021-12,KY,Kentucky,RES,residential,12.19,2154.58007,cents per kilowatthour,million kilowatthours
2021-11,KY,Kentucky,RES,residential,12.49,1910.9937,cents per kilowatthour,million kilowatthours
2021-10,KY,Kentucky,RES,residential,12.28,1695.21767,cents per kilowatthour,million kilowatthours
2021-09,KY,Kentucky,RES,residential,11.78,2125.22824,cents per kilowatthour,million kilowatthours
2021-08,KY,Kentucky,RES,residential,11.63,2742.29232,cents per kilowatthour,million kilowatthours
2021-07,KY,Kentucky,RES,residential,11.59,2638.46562,cents per kilowatthour,million kilowatthours
2021-06,KY,Kentucky,RES,residential,11.46,2237.66887,cents per kilowatthour,million kilowatthours
2021-05,KY,Kentucky,RES,residential,11.84,1701.52109,cents per kilowatthour,million kilowatthours
2021-04,KY,Kentucky,RES,residential,12.09,1626.10234,cents per kilowatthour,million kilowatthours
2021-03,KY,Kentucky,RES,residential,10.98,2063.74761,cents per kilowatthour,million kilowatthours
2021-02,KY,Kentucky,RES,residential,10.31,2730.74482,cents per kilowatthour,million kilowatthours
2021-01,KY,Kentucky,RES,residential,10.46,2807.80868,cents per kilowatthour,million kilowatthours
