Capstone 3/eia_energy_data.csv
period,stateid,stateDescription,sectorid,sectorName,price,sales,price-units,sales-units
2024-05,KS,Kansas,RES,residential,14.14,982.46917,cents per kilowatthour,million kilowatthours
2024-04,KS,Kansas,RES,residential,14.38,820.0969,cents per kilowatthour,million kilowatthours
2024-03,KS,Kansas,RES,residential,14.24,857.21133,cents per kilowatthour,million kilowatthours
2024-02,KS,Kansas,RES,residential,13.74,991.65646,cents per kilowatthour,million kilowatthours
2024-01,KS,Kansas,RES,residential,13.04,1411.37767,cents per kilowatthour,million kilowatthours
2023-12,KS,Kansas,RES,residential,12.96,1041.64569,cents per kilowatthour,million kilowatthours
2023-11,KS,Kansas,RES,residential,13.26,909.37212,cents per kilowatthour,million kilowatthours
2023-10,KS,Kansas,RES,residential,13.72,924.09546,cents per kilowatthour,million kilowatthours
2023-09,KS,Kansas,RES,residential,13.46,1362.21342,cents per kilowatthour,million kilowatthours
2023-08,KS,Kansas,RES,residential,13.57,1727.78949,cents per kilowatthour,million kilowatthours
2023-07,KS,Kansas,RES,residential,13.7,1686.82437,cents per kilowatthour,million kilowatthours
2023-06,KS,Kansas,RES,residential,13.54,1356.78271,cents per kilowatthour,million kilowatthours
2023-05,KS,Kansas,RES,residential,14.09,974.58735,cents per kilowatthour,million kilowatthours
2023-04,KS,Kansas,RES,residential,13.83,826.49526,cents per kilowatthour,million kilowatthours
2023-03,KS,Kansas,RES,residential,13.96,943.66671,cents per kilowatthour,million kilowatthours
2023-02,KS,Kansas,RES,residential,14.71,971.27123,cents per kilowatthour,million kilowatthours
2023-01,KS,Kansas,RES,residential,12.97,1252.71432,cents per kilowatthour,million kilowatthours
2022-12,KS,Kansas,RES,residential,13.24,1211.87523,cents per kilowatthour,million kilowatthours
2022-11,KS,Kansas,RES,residential,14.51,937.51395,cents per kilowatthour,million kilowatthours
2022-10,KS,Kansas,RES,residential,14.95,894.24518,cents per kilowatthour,million kilowatthours
2022-09,KS,Kansas,RES,residential,14.6,1306.26846,cents per kilowatthour,million kilowatthours
2022-08,KS,Kansas,RES,residential,14.77,1700.46665,cents per kilowatthour,million kilowatthours
2022-07,KS,Kansas,RES,residential,14.77,1727.52323,cents per kilowatthour,million kilowatthours
2022-06,KS,Kansas,RES,residential,14.38,1448.26046,cents per kilowatthour,million kilowatthours
2022-05,KS,Kansas,RES,residential,13.98,1050.83984,cents per kilowatthour,million kilowatthours
2022-04,KS,Kansas,RES,residential,13.96,826.33558,cents per kilowatthour,million kilowatthours
2022-03,KS,Kansas,RES,residential,13.18,968.64093,cents per kilowatthour,million kilowatthours
2022-02,KS,Kansas,RES,residential,12.54,1125.28689,cents per kilowatthour,million kilowatthours
2022-01,KS,Kansas,RES,residential,12.39,1246.26563,cents per kilowatthour,million kilowatthours
2021-12,KS,Kansas,RES,residential,12.75,992.0823,cents per kilowatthour,million kilowatthours
2021-11,KS,Kansas,RES,residential,13.37,864.79868,cents per kilowatthour,million kilowatthours
2021-10,KS,Kansas,RES,residential,13.19,926.28535,cents per kilowatthour,million kilowatthours
2021-09,KS,Kansas,RES,residential,12.91,1342.09884,cents per kilowatthour,million kilowatthours
2021-08,KS,Kansas,RES,residential,13.1,1667.82432,cents per kilowatthour,million kilowatthours
2021-07,KS,Kansas,RES,residential,13.12,1563.07269,cents per kilowatthour,million kilowatthours
2021-06,KS,Kansas,RES,residential,13.33,1376.98324,cents per kilowatthour,million kilowatthours
2021-05,KS,Kansas,RES,residential,13.84,864.58678,cents per kilowatthour,million kilowatthours
2021-04,KS,Kansas,RES,residential,13.66,802.69094,cents per kilowatthour,million kilowatthours
2021-03,KS,Kansas,RES,residential,12.92,923.01595,cents per kilowatthour,million kilowatthours
2021-02,KS,Kansas,RES,residential,12.21,1247.1262,cents per kilowatthour,million kilowatthours
2021-01,KS,Kansas,RES,residential,11.85,1198.84473,cents per kilowatthour,million kilowatthours
2024-05,IA,Iowa,RES,residential,14.23,999.78294,cents per kilowatthour,million kilowatthours
2024-04,IA,Iowa,RES,residential,13.1,1033.92468,cents per kilowatthour,million kilowatthours
2024-03,IA,Iowa,RES,residential,12.85,1148.62454,cents per kilowatthour,million kilowatthours
2024-02,IA,Iowa,RES,residential,12.15,1240.66451,cents per kilowatthour,million kilowatthours
2024-01,IA,Iowa,RES,residential,11.85,1591.6102,cents per kilowatthour,million kilowatthours
2023-12,IA,Iowa,RES,residential,11.88,1370.4964,cents per kilowatthour,million kilowatthours
2023-11,IA,Iowa,RES,residential,12.81,1034.90254,cents per kilowatthour,million kilowatthours
2023-10,IA,Iowa,RES,residential,13.37,974.38953,cents per kilowatthour,million kilowatthours
2023-09,IA,Iowa,RES,residential,14.03,1158.13161,cents per kilowatthour,million kilowatthours
2023-08,IA,Iowa,RES,residential,15.06,1472.57009,cents per kilowatthour,million kilowatthours
2023-07,IA,Iowa,RES,residential,15.07,1434.59855,cents per kilowatthour,million kilowatthours
2023-06,IA,Iowa,RES,residential,15,1268.27092,cents per kilowatthour,million kilowatthours
2023-05,IA,Iowa,RES,residential,14.18,999.96085,cents per kilowatthour,million kilowatthours
2023-04,IA,Iowa,RES,residential,12.51,1021.11158,cents per kilowatthour,million kilowatthours
2023-03,IA,Iowa,RES,residential,11.89,1321.14764,cents per kilowatthour,million kilowatthours
2023-02,IA,Iowa,RES,residential,11.6,1310.57106,cents per kilowatthour,million kilowatthours
2023-01,IA,Iowa,RES,residential,11.3,1572.14016,cents per kilowatthour,million kilowatthours
2022-12,IA,Iowa,RES,residential,11.25,1569.60839,cents per kilowatthour,million kilowatthours
2022-11,IA,Iowa,RES,residential,12.57,1056.14245,cents per kilowatthour,million kilowatthours
2022-10,IA,Iowa,RES,residential,13.43,896.68223,cents per kilowatthour,million kilowatthours
2022-09,IA,Iowa,RES,residential,14.34,1078.47875,cents per kilowatthour,million kilowatthours
2022-08,IA,Iowa,RES,residential,15.37,1449.73318,cents per kilowatthour,million kilowatthours
2022-07,IA,Iowa,RES,residential,15.69,1537.81702,cents per kilowatthour,million kilowatthours
2022-06,IA,Iowa,RES,residential,15.06,1267.71599,cents per kilowatthour,million kilowatthours
2022-05,IA,Iowa,RES,residential,14.19,1043.91724,cents per kilowatthour,million kilowatthours
2022-04,IA,Iowa,RES,residential,12.16,1058.42618,cents per kilowatthour,million kilowatthours
2022-03,IA,Iowa,RES,residential,11.78,1220.84836,cents per kilowatthour,million kilowatthours
2022-02,IA,Iowa,RES,residential,11.39,1329.45311,cents per kilowatthour,million kilowatthours
2022-01,IA,Iowa,RES,residential,11.03,1684.03609,cents per kilowatthour,million kilowatthours
2021-12,IA,Iowa,RES,residential,11.52,1315.48211,cents per kilowatthour,million kilowatthours
2021-11,IA,Iowa,RES,residential,12.22,968.37109,cents per kilowatthour,million kilowatthours
2021-10,IA,Iowa,RES,residential,12.5,1003.98624,cents per kilowatthour,million kilowatthours
2021-09,IA,Iowa,RES,residential,13.85,1125.66505,cents per kilowatthour,million kilowatthours
2021-08,IA,Iowa,RES,residential,14.58,1452.96542,cents per kilowatthour,million kilowatthours
2021-07,IA,Iowa,RES,residential,14.39,1510.57281,cents per kilowatthour,million kilowatthours
2021-06,IA,Iowa,RES,residential,13.99,1327.64388,cents per kilowatthour,million kilowatthours
2021-05,IA,Iowa,RES,residential,13.37,957.05422,cents per kilowatthour,million kilowatthours
2021-04,IA,Iowa,RES,residential,12.32,950.08601,cents per kilowatthour,million kilowatthours
2021-03,IA,Iowa,RES,residential,11.26,1196.39347,cents per kilowatthour,million kilowatthours
2021-02,IA,Iowa,RES,residential,11.6,1377.2499,cents per kilowatthour,million kilowatthours
2021-01,IA,Iowa,RES,residential,10.85,1466.28481,cents per kilowatthour,million kilowatthours
2024-05,IN,Indiana,RES,residential,15.27,2326.71053,cents per kilowatthour,million kilowatthours
2024-04,IN,Indiana,RES,residential,15.33,2132.79493,cents per kilowatthour,million kilowatthours
2024-03,IN,Indiana,RES,residential,14.53,2400.11611,cents per kilowatthour,million kilowatthours
2024-02,IN,Indiana,RES,residential,14.11,2876.17895,cents per kilowatthour,million kilowatthours
2024-01,IN,Indiana,RES,residential,13.75,3475.66336,cents per kilowatthour,million kilowatthours
2023-12,IN,Indiana,RES,residential,14.58,2746.70089,cents per kilowatthour,million kilowatthours
2023-11,IN,Indiana,RES,residential,14.64,2389.55689,cents per kilowatthour,million kilowatthours
2023-10,IN,Indiana,RES,residential,15.17,2183.08614,cents per kilowatthour,million kilowatthours
2023-09,IN,Indiana,RES,residential,14.1,2678.8317,cents per kilowatthour,million kilowatthours
2023-08,IN,Indiana,RES,residential,14.15,3282.7194,cents per kilowatthour,million kilowatthours
2023-07,IN,Indiana,RES,residential,14.48,3337.06581,cents per kilowatthour,million kilowatthours
2023-06,IN,Indiana,RES,residential,14.67,2591.89064,cents per kilowatthour,million kilowatthours
2023-05,IN,Indiana,RES,residential,15.12,2203.08167,cents per kilowatthour,million kilowatthours
2023-04,IN,Indiana,RES,residential,15.08,2121.9865,cents per kilowatthour,million kilowatthours
2023-03,IN,Indiana,RES,residential,16.01,2569.10725,cents per kilowatthour,million kilowatthours
2023-02,IN,Indiana,RES,residential,16.12,2674.63746,cents per kilowatthour,million kilowatthours
2023-01,IN,Indiana,RES,residential,15.43,3128.903,cents per kilowatthour,million kilowatthours
2022-12,IN,Indiana,RES,residential,15.25,3216.19882,cents per kilowatthour,million kilowatthours
2022-11,IN,Indiana,RES,residential,15.94,2307.227,cents per kilowatthour,million kilowatthours
2022-10,IN,Indiana,RES,residential,16.7,2002.30263,cents per kilowatthour,million kilowatthours
2022-09,IN,Indiana,RES,residential,14.99,2613.93717,cents per kilowatthour,million kilowatthours
2022-08,IN,Indiana,RES,residential,15.15,3564.95676,cents per kilowatthour,million kilowatthours
2022-07,IN,Indiana,RES,residential,14.54,3575.09911,cents per kilowatthour,million kilowatthours
2022-06,IN,Indiana,RES,residential,14.41,2924.81644,cents per kilowatthour,million kilowatthours
2022-05,IN,Indiana,RES,residential,14.93,2335.99712,cents per kilowatthour,million kilowatthours
2022-04,IN,Indiana,RES,residential,14.31,2199.15292,cents per kilowatthour,million kilowatthours
2022-03,IN,Indiana,RES,residential,13.94,2674.03189,cents per kilowatthour,million kilowatthours
2022-02,IN,Indiana,RES,residential,13.07,3166.20122,cents per kilowatthour,million kilowatthours
2022-01,IN,Indiana,RES,residential,13.08,3478.57692,cents per kilowatthour,million kilowatthours
2021-12,IN,Indiana,RES,residential,13.57,2785.5627,cents per kilowatthour,million kilowatthours
2021-11,IN,Indiana,RES,residential,14.27,2427.67066,cents per kilowatthour,million kilowatthours
2021-10,IN,Indiana,RES,residential,14.25,2211.31076,cents per kilowatthour,million kilowatthours
2021-09,IN,Indiana,RES,residential,13.56,2802.91454,cents per kilowatthour,million kilowatthours
2021-08,IN,Indiana,RES,residential,13.34,3537.58827,cents per kilowatthour,million kilowatthours
2021-07,IN,Indiana,RES,residential,13.34,3310.94106,cents per kilowatthour,million kilowatthours
2021-06,IN,Indiana,RES,residential,13.64,2910.06131,cents per kilowatthour,million kilowatthours
2021-05,IN,Indiana,RES,residential,14.12,2166.84404,cents per kilowatthour,million kilowatthours
2021-04,IN,Indiana,RES,residential,13.84,2085.00192,cents per kilowatthour,million kilowatthours
2021-03,IN,Indiana,RES,residential,13.04,2574.49337,cents per kilowatthour,million kilowatthours
2021-02,IN,Indiana,RES,residential,12.32,3330.0527,cents per kilowatthour,million kilowatthours
2021-01,IN,Indiana,RES,residential,12.18,3329.52868,cents per kilowatthour,million kilowatthours
2024-05,IL,Illinois,RES,residential,16.71,3605.99777,cents per kilowatthour,million kilowatthours
2024-04,IL,Illinois,RES,residential,16.68,2812.99621,cents per kilowatthour,million kilowatthours
2024-03,IL,Illinois,RES,residential,16.1,3077.34628,cents per kilowatthour,million kilowatthours
2024-02,IL,Illinois,RES,residential,15.72,3348.17445,cents per kilowatthour,million kilowatthours
2024-01,IL,Illinois,RES,residential,14.93,4361.44196,cents per kilowatthour,million kilowatthours
2023-12,IL,Illinois,RES,residential,14.98,3625.91653,cents per kilowatthour,million kilowatthours
2023-11,IL,Illinois,RES,residential,15.79,3139.43259,cents per kilowatthour,million kilowatthours
2023-10,IL,Illinois,RES,residential,15.88,2987.80432,cents per kilowatthour,million kilowatthours
2023-09,IL,Illinois,RES,residential,14.84,3656.49966,cents per kilowatthour,million kilowatthours
2023-08,IL,Illinois,RES,residential,13.94,4840.32058,cents per kilowatthour,million kilowatthours
2023-07,IL,Illinois,RES,residential,14.93,5017.69174,cents per kilowatthour,million kilowatthours
2023-06,IL,Illinois,RES,residential,15.17,3956.2235,cents per kilowatthour,million kilowatthours
2023-05,IL,Illinois,RES,residential,17.94,2934.56442,cents per kilowatthour,million kilowatthours
2023-04,IL,Illinois,RES,residential,17.89,2775.27635,cents per kilowatthour,million kilowatthours
2023-03,IL,Illinois,RES,residential,17.45,3335.65793,cents per kilowatthour,million kilowatthours
2023-02,IL,Illinois,RES,residential,17.12,3404.16374,cents per kilowatthour,million kilowatthours
2023-01,IL,Illinois,RES,residential,16.07,3908.89349,cents per kilowatthour,million kilowatthours
2022-12,IL,Illinois,RES,residential,15.98,4134.21523,cents per kilowatthour,million kilowatthours
2022-11,IL,Illinois,RES,residential,17.04,3128.53338,cents per kilowatthour,million kilowatthours
2022-10,IL,Illinois,RES,residential,17.02,2775.22314,cents per kilowatthour,million kilowatthours
2022-09,IL,Illinois,RES,residential,16.81,3714.87365,cents per kilowatthour,million kilowatthours
2022-08,IL,Illinois,RES,residential,16.73,4908.90265,cents per kilowatthour,million kilowatthours
2022-07,IL,Illinois,RES,residential,16.36,5260.59156,cents per kilowatthour,million kilowatthours
2022-06,IL,Illinois,RES,residential,16.58,4444.20179,cents per kilowatthour,million kilowatthours
2022-05,IL,Illinois,RES,residential,15.02,3557.28214,cents per kilowatthour,million kilowatthours
2022-04,IL,Illinois,RES,residential,14.98,2890.07871,cents per kilowatthour,million kilowatthours
2022-03,IL,Illinois,RES,residential,14.57,3312.99855,cents per kilowatthour,million kilowatthours
2022-02,IL,Illinois,RES,residential,13.83,3851.25716,cents per kilowatthour,million kilowatthours
2022-01,IL,Illinois,RES,residential,12.92,4501.03704,cents per kilowatthour,million kilowatthours
2021-12,IL,Illinois,RES,residential,13.4,3735.33637,cents per kilowatthour,million kilowatthours
2021-11,IL,Illinois,RES,residential,14.33,3251.76273,cents per kilowatthour,million kilowatthours
2021-10,IL,Illinois,RES,residential,13.98,3163.84329,cents per kilowatthour,million kilowatthours
2021-09,IL,Illinois,RES,residential,13.02,3833.76,cents per kilowatthour,million kilowatthours
2021-08,IL,Illinois,RES,residential,12.85,5600.97551,cents per kilowatthour,million kilowatthours
2021-07,IL,Illinois,RES,residential,12.68,5064.65762,cents per kilowatthour,million kilowatthours
2021-06,IL,Illinois,RES,residential,12.83,4693.57222,cents per kilowatthour,million kilowatthours
2021-05,IL,Illinois,RES,residential,14.18,3093.18298,cents per kilowatthour,million kilowatthours
2021-04,IL,Illinois,RES,residential,13.98,2777.24876,cents per kilowatthour,million kilowatthours
2021-03,IL,Illinois,RES,residential,13.82,3268.80284,cents per kilowatthour,million kilowatthours
2021-02,IL,Illinois,RES,residential,12.19,4158.57897,cents per kilowatthour,million kilowatthours
2021-01,IL,Illinois,RES,residential,12.23,4171.3467,cents per kilowatthour,million kilowatthours
