Capstone 3/eia_energy_data.csv
period,stateid,stateDescription,sectorid,sectorName,price,sales,price-units,sales-units
2024-05,ID,Idaho,RES,residential,11.55,634.93089,cents per kilowatthour,million kilowatthours
2024-04,ID,Idaho,RES,residential,11.45,662.7971,cents per kilowatthour,million kilowatthours
2024-03,ID,Idaho,RES,residential,11.07,832.877,cents per kilowatthour,million kilowatthours
2024-02,ID,Idaho,RES,residential,11.26,872.04321,cents per kilowatthour,million kilowatthours
2024-01,ID,Idaho,RES,residential,10.79,1092.26494,cents per kilowatthour,million kilowatthours
2023-12,ID,Idaho,RES,residential,11.6,998.65564,cents per kilowatthour,million kilowatthours
2023-11,ID,Idaho,RES,residential,11.55,813.30759,cents per kilowatthour,million kilowatthours
2023-10,ID,Idaho,RES,residential,12.15,618.05141,cents per kilowatthour,million kilowatthours
2023-09,ID,Idaho,RES,residential,11.6,610.51022,cents per kilowatthour,million kilowatthours
2023-08,ID,Idaho,RES,residential,11.63,818.61419,cents per kilowatthour,million kilowatthours
2023-07,ID,Idaho,RES,residential,11.82,904.3769,cents per kilowatthour,million kilowatthours
2023-06,ID,Idaho,RES,residential,11.78,636.86972,cents per kilowatthour,million kilowatthours
2023-05,ID,Idaho,RES,residential,10.79,626.63159,cents per kilowatthour,million kilowatthours
2023-04,ID,Idaho,RES,residential,10.24,733.62297,cents per kilowatthour,million kilowatthours
2023-03,ID,Idaho,RES,residential,10.09,925.51027,cents per kilowatthour,million kilowatthours
2023-02,ID,Idaho,RES,residential,10.25,950.02123,cents per kilowatthour,million kilowatthours
2023-01,ID,Idaho,RES,residential,10.58,1059.09778,cents per kilowatthour,million kilowatthours
2022-12,ID,Idaho,RES,residential,10.47,1129.62503,cents per kilowatthour,million kilowatthours
2022-11,ID,Idaho,RES,residential,9.98,910.99307,cents per kilowatthour,million kilowatthours
2022-10,ID,Idaho,RES,residential,11.19,600.57294,cents per kilowatthour,million kilowatthours
2022-09,ID,Idaho,RES,residential,10.47,650.28976,cents per kilowatthour,million kilowatthours
2022-08,ID,Idaho,RES,residential,10.73,906.99803,cents per kilowatthour,million kilowatthours
2022-07,ID,Idaho,RES,residential,11.18,911.23875,cents per kilowatthour,million kilowatthours
2022-06,ID,Idaho,RES,residential,11.32,644.20107,cents per kilowatthour,million kilowatthours
2022-05,ID,Idaho,RES,residential,10.25,635.13654,cents per kilowatthour,million kilowatthours
2022-04,ID,Idaho,RES,residential,9.82,717.06629,cents per kilowatthour,million kilowatthours
2022-03,ID,Idaho,RES,residential,10.02,810.4739,cents per kilowatthour,million kilowatthours
2022-02,ID,Idaho,RES,residential,9.71,941.99692,cents per kilowatthour,million kilowatthours
2022-01,ID,Idaho,RES,residential,9.85,1105.06071,cents per kilowatthour,million kilowatthours
2021-12,ID,Idaho,RES,residential,10.31,985.2773,cents per kilowatthour,million kilowatthours
2021-11,ID,Idaho,RES,residential,10.19,754.08536,cents per kilowatthour,million kilowatthours
2021-10,ID,Idaho,RES,residential,10.58,611.35723,cents per kilowatthour,million kilowatthours
2021-09,ID,Idaho,RES,residential,10.4,584.53375,cents per kilowatthour,million kilowatthours
2021-08,ID,Idaho,RES,residential,10.71,762.45142,cents per kilowatthour,million kilowatthours
2021-07,ID,Idaho,RES,residential,10.39,950.23171,cents per kilowatthour,million kilowatthours
2021-06,ID,Idaho,RES,residential,9.93,786.11359,cents per kilowatthour,million kilowatthours
2021-05,ID,Idaho,RES,residential,10.32,590.83635,cents per kilowatthour,million kilowatthours
2021-04,ID,Idaho,RES,residential,9.62,673.8335,cents per kilowatthour,million kilowatthours
2021-03,ID,Idaho,RES,residential,9.96,761.19979,cents per kilowatthour,million kilowatthours
2021-02,ID,Idaho,RES,residential,9.59,872.56559,cents per kilowatthour,million kilowatthours
2021-01,ID,Idaho,RES,residential,10.02,968.3574,cents per kilowatthour,million kilowatthours
2024-05,HI,Hawaii,RES,residential,44.14,211.28723,cents per kilowatthour,million kilowatthours
2024-04,HI,Hawaii,RES,residential,45.19,195.43844,cents per kilowatthour,million kilowatthours
2024-03,HI,Hawaii,RES,residential,45.25,195.48792,cents per kilowatthour,million kilowatthours
2024-02,HI,Hawaii,RES,residential,43.93,195.31835,cents per kilowatthour,million kilowatthours
2024-01,HI,Hawaii,RES,residential,44.28,227.43747,cents per kilowatthour,million kilowatthours
2023-12,HI,Hawaii,RES,residential,41.6,240.42277,cents per kilowatthour,million kilowatthours
2023-11,HI,Hawaii,RES,residential,43.53,232.65211,cents per kilowatthour,million kilowatthours
2023-10,HI,Hawaii,RES,residential,42.68,239.29311,cents per kilowatthour,million kilowatthours
2023-09,HI,Hawaii,RES,residential,41.52,226.76456,cents per kilowatthour,million kilowatthours
2023-08,HI,Hawaii,RES,residential,39.17,243.6996,cents per kilowatthour,million kilowatthours
2023-07,HI,Hawaii,RES,residential,39.98,233.41861,cents per kilowatthour,million kilowatthours
2023-06,HI,Hawaii,RES,residential,41.74,212.29848,cents per kilowatthour,million kilowatthours
2023-05,HI,Hawaii,RES,residential,42.26,210.70594,cents per kilowatthour,million kilowatthours
2023-04,HI,Hawaii,RES,residential,43.18,212.48771,cents per kilowatthour,million kilowatthours
2023-03,HI,Hawaii,RES,residential,44.06,216.13417,cents per kilowatthour,million kilowatthours
2023-02,HI,Hawaii,RES,residential,44.24,195.34623,cents per kilowatthour,million kilowatthours
2023-01,HI,Hawaii,RES,residential,44.96,231.96922,cents per kilowatthour,million kilowatthours
2022-12,HI,Hawaii,RES,residential,44.79,230.75711,cents per kilowatthour,million kilowatthours
2022-11,HI,Hawaii,RES,residential,43.8,228.14689,cents per kilowatthour,million kilowatthours
2022-10,HI,Hawaii,RES,residential,44.72,248.57667,cents per kilowatthour,million kilowatthours
2022-09,HI,Hawaii,RES,residential,45.59,241.10412,cents per kilowatthour,million kilowatthours
2022-08,HI,Hawaii,RES,residential,45.56,245.86998,cents per kilowatthour,million kilowatthours
2022-07,HI,Hawaii,RES,residential,45.11,237.31857,cents per kilowatthour,million kilowatthours
2022-06,HI,Hawaii,RES,residential,44.31,224.56373,cents per kilowatthour,million kilowatthours
2022-05,HI,Hawaii,RES,residential,43.31,223.8929,cents per kilowatthour,million kilowatthours
2022-04,HI,Hawaii,RES,residential,41.81,212.18675,cents per kilowatthour,million kilowatthours
2022-03,HI,Hawaii,RES,residential,40.19,219.37357,cents per kilowatthour,million kilowatthours
2022-02,HI,Hawaii,RES,residential,38.36,194.67814,cents per kilowatthour,million kilowatthours
2022-01,HI,Hawaii,RES,residential,37.62,242.01058,cents per kilowatthour,million kilowatthours
2021-12,HI,Hawaii,RES,residential,35.85,249.68296,cents per kilowatthour,million kilowatthours
2021-11,HI,Hawaii,RES,residential,34.74,236.80574,cents per kilowatthour,million kilowatthours
2021-10,HI,Hawaii,RES,residential,34.48,242.1196,cents per kilowatthour,million kilowatthours
2021-09,HI,Hawaii,RES,residential,34.57,239.27794,cents per kilowatthour,million kilowatthours
2021-08,HI,Hawaii,RES,residential,33.36,259.63763,cents per kilowatthour,million kilowatthours
2021-07,HI,Hawaii,RES,residential,33.48,253.7802,cents per kilowatthour,million kilowatthours
2021-06,HI,Hawaii,RES,residential,32.97,238.12491,cents per kilowatthour,million kilowatthours
2021-05,HI,Hawaii,RES,residential,32.99,229.25216,cents per kilowatthour,million kilowatthours
2021-04,HI,Hawaii,RES,residential,32.92,209.5885,cents per kilowatthour,million kilowatthours
2021-03,HI,Hawaii,RES,residential,33.07,221.16512,cents per kilowatthour,million kilowatthours
2021-02,HI,Hawaii,RES,residential,32.49,200.56171,cents per kilowatthour,million kilowatthours
2021-01,HI,Hawaii,RES,residential,30.67,245.08555,cents per kilowatthour,million kilowatthours
2024-05,GA,Georgia,RES,residential,14.92,4651.43145,cents per kilowatthour,million kilowatthours
2024-04,GA,Georgia,RES,residential,14.1,3841.52847,cents per kilowatthour,million kilowatthours
2024-03,GA,Georgia,RES,residential,13.57,3954.81088,cents per kilowatthour,million kilowatthours
2024-02,GA,Georgia,RES,residential,12.95,4776.33666,cents per kilowatthour,million kilowatthours
2024-01,GA,Georgia,RES,residential,12.34,6214.46102,cents per kilowatthour,million kilowatthours
2023-12,GA,Georgia,RES,residential,12.79,5062.69984,cents per kilowatthour,million kilowatthours
2023-11,GA,Georgia,RES,residential,13.18,4142.59254,cents per kilowatthour,million kilowatthours
2023-10,GA,Georgia,RES,residential,13.75,4095.17358,cents per kilowatthour,million kilowatthours
2023-09,GA,Georgia,RES,residential,14.01,5598.22637,cents per kilowatthour,million kilowatthours
2023-08,GA,Georgia,RES,residential,14.14,7066.40531,cents per kilowatthour,million kilowatthours
2023-07,GA,Georgia,RES,residential,14.35,7045.55794,cents per kilowatthour,million kilowatthours
2023-06,GA,Georgia,RES,residential,14.62,5239.66604,cents per kilowatthour,million kilowatthours
2023-05,GA,Georgia,RES,residential,14,4204.00678,cents per kilowatthour,million kilowatthours
2023-04,GA,Georgia,RES,residential,13.3,3773.75598,cents per kilowatthour,million kilowatthours
2023-03,GA,Georgia,RES,residential,13.55,4128.12053,cents per kilowatthour,million kilowatthours
2023-02,GA,Georgia,RES,residential,13.6,4266.41667,cents per kilowatthour,million kilowatthours
2023-01,GA,Georgia,RES,residential,12.87,5303.83195,cents per kilowatthour,million kilowatthours
2022-12,GA,Georgia,RES,residential,11.76,5417.89868,cents per kilowatthour,million kilowatthours
2022-11,GA,Georgia,RES,residential,13.29,4042.1227,cents per kilowatthour,million kilowatthours
2022-10,GA,Georgia,RES,residential,14.06,3868.51003,cents per kilowatthour,million kilowatthours
2022-09,GA,Georgia,RES,residential,14.87,5119.42987,cents per kilowatthour,million kilowatthours
2022-08,GA,Georgia,RES,residential,15.97,6405.92331,cents per kilowatthour,million kilowatthours
2022-07,GA,Georgia,RES,residential,15.81,6932.02956,cents per kilowatthour,million kilowatthours
2022-06,GA,Georgia,RES,residential,15.07,6175.89162,cents per kilowatthour,million kilowatthours
2022-05,GA,Georgia,RES,residential,14.19,4723.07084,cents per kilowatthour,million kilowatthours
2022-04,GA,Georgia,RES,residential,13.23,3695.38452,cents per kilowatthour,million kilowatthours
2022-03,GA,Georgia,RES,residential,12.66,4151.99788,cents per kilowatthour,million kilowatthours
2022-02,GA,Georgia,RES,residential,11.67,4802.63555,cents per kilowatthour,million kilowatthours
2022-01,GA,Georgia,RES,residential,11.44,5805.34645,cents per kilowatthour,million kilowatthours
2021-12,GA,Georgia,RES,residential,12.07,4425.87088,cents per kilowatthour,million kilowatthours
2021-11,GA,Georgia,RES,residential,12.27,4173.75622,cents per kilowatthour,million kilowatthours
2021-10,GA,Georgia,RES,residential,12.86,4161.5194,cents per kilowatthour,million kilowatthours
2021-09,GA,Georgia,RES,residential,12.87,5178.02361,cents per kilowatthour,million kilowatthours
2021-08,GA,Georgia,RES,residential,13.23,6416.27469,cents per kilowatthour,million kilowatthours
2021-07,GA,Georgia,RES,residential,13.47,6238.43913,cents per kilowatthour,million kilowatthours
2021-06,GA,Georgia,RES,residential,13.52,5338.24739,cents per kilowatthour,million kilowatthours
2021-05,GA,Georgia,RES,residential,13.16,4188.36784,cents per kilowatthour,million kilowatthours
2021-04,GA,Georgia,RES,residential,12.13,3660.73381,cents per kilowatthour,million kilowatthours
2021-03,GA,Georgia,RES,residential,11.72,4263.29395,cents per kilowatthour,million kilowatthours
2021-02,GA,Georgia,RES,residential,11.57,4995.96106,cents per kilowatthour,million kilowatthours
2021-01,GA,Georgia,RES,residential,10.77,5644.47404,cents per kilowatthour,million kilowatthours
2024-05,FL,Florida,RES,residential,13.63,12160.43599,cents per kilowatthour,million kilowatthours
2024-04,FL,Florida,RES,residential,14.65,9148.36527,cents per kilowatthour,million kilowatthours
2024-03,FL,Florida,RES,residential,14.69,8963.91565,cents per kilowatthour,million kilowatthours
2024-02,FL,Florida,RES,residential,15.28,8871.48609,cents per kilowatthour,million kilowatthours
2024-01,FL,Florida,RES,residential,14.79,10086.15997,cents per kilowatthour,million kilowatthours
2023-12,FL,Florida,RES,residential,15.26,9011.0121,cents per kilowatthour,million kilowatthours
2023-11,FL,Florida,RES,residential,15.38,9061.47414,cents per kilowatthour,million kilowatthours
2023-10,FL,Florida,RES,residential,15.48,11089.94654,cents per kilowatthour,million kilowatthours
2023-09,FL,Florida,RES,residential,15.51,13777.1505,cents per kilowatthour,million kilowatthours
2023-08,FL,Florida,RES,residential,14.93,15450.62438,cents per kilowatthour,million kilowatthours
2023-07,FL,Florida,RES,residential,14.97,14861.79828,cents per kilowatthour,million kilowatthours
2023-06,FL,Florida,RES,residential,15.26,12459.43212,cents per kilowatthour,million kilowatthours
2023-05,FL,Florida,RES,residential,15.11,10805.63663,cents per kilowatthour,million kilowatthours
2023-04,FL,Florida,RES,residential,15.75,9934.09599,cents per kilowatthour,million kilowatthours
2023-03,FL,Florida,RES,residential,14.67,9530.2219,cents per kilowatthour,million kilowatthours
2023-02,FL,Florida,RES,residential,15.86,8705.84137,cents per kilowatthour,million kilowatthours
2023-01,FL,Florida,RES,residential,14.93,10026.55382,cents per kilowatthour,million kilowatthours
2022-12,FL,Florida,RES,residential,14.21,9713.81646,cents per kilowatthour,million kilowatthours
2022-11,FL,Florida,RES,residential,13.98,9424.37599,cents per kilowatthour,million kilowatthours
2022-10,FL,Florida,RES,residential,14.19,10380.68117,cents per kilowatthour,million kilowatthours
2022-09,FL,Florida,RES,residential,14.55,12890.223,cents per kilowatthour,million kilowatthours
2022-08,FL,Florida,RES,residential,14.06,14679.97258,cents per kilowatthour,million kilowatthours
2022-07,FL,Florida,RES,residential,13.91,14660.67379,cents per kilowatthour,million kilowatthours
2022-06,FL,Florida,RES,residential,13.85,13111.16659,cents per kilowatthour,million kilowatthours
2022-05,FL,Florida,RES,residential,13.52,11237.79759,cents per kilowatthour,million kilowatthours
2022-04,FL,Florida,RES,residential,13.67,9418.52973,cents per kilowatthour,million kilowatthours
2022-03,FL,Florida,RES,residential,13.47,9507.71617,cents per kilowatthour,million kilowatthours
2022-02,FL,Florida,RES,residential,13.74,9469.62717,cents per kilowatthour,million kilowatthours
2022-01,FL,Florida,RES,residential,13.45,9751.39477,cents per kilowatthour,million kilowatthours
2021-12,FL,Florida,RES,residential,12.09,9233.02849,cents per kilowatthour,million kilowatthours
2021-11,FL,Florida,RES,residential,12.49,8626.88409,cents per kilowatthour,million kilowatthours
2021-10,FL,Florida,RES,residential,12.12,11436.52481,cents per kilowatthour,million kilowatthours
2021-09,FL,Florida,RES,residential,12.34,12925.19285,cents per kilowatthour,million kilowatthours
2021-08,FL,Florida,RES,residential,11.84,13914.72966,cents per kilowatthour,million kilowatthours
2021-07,FL,Florida,RES,residential,11.78,13370.39242,cents per kilowatthour,million kilowatthours
2021-06,FL,Florida,RES,residential,11.88,12243.03919,cents per kilowatthour,million kilowatthours
2021-05,FL,Florida,RES,residential,11.76,10863.1859,cents per kilowatthour,million kilowatthours
2021-04,FL,Florida,RES,residential,11.68,9220.07091,cents per kilowatthour,million kilowatthours
2021-03,FL,Florida,RES,residential,11.53,9383.73825,cents per kilowatthour,million kilowatthours
2021-02,FL,Florida,RES,residential,11.79,9309.15229,cents per kilowatthour,million kilowatthours
2021-01,FL,Florida,RES,residential,11.47,9886.52514,cents per kilowatthour,million kilowatthours
