Capstone 3/eia_energy_data.csv
period,stateid,stateDescription,sectorid,sectorName,price,sales,price-units,sales-units
2024-05,DC,District of Columbia,RES,residential,17.76,171.99937,cents per kilowatthour,million kilowatthours
2024-04,DC,District of Columbia,RES,residential,17.85,156.10327,cents per kilowatthour,million kilowatthours
2024-03,DC,District of Columbia,RES,residential,17.65,176.75239,cents per kilowatthour,million kilowatthours
2024-02,DC,District of Columbia,RES,residential,17.1,204.41283,cents per kilowatthour,million kilowatthours
2024-01,DC,District of Columbia,RES,residential,16.83,221.9637,cents per kilowatthour,million kilowatthours
2023-12,DC,District of Columbia,RES,residential,17.75,187.07926,cents per kilowatthour,million kilowatthours
2023-11,DC,District of Columbia,RES,residential,16.93,162.46962,cents per kilowatthour,million kilowatthours
2023-10,DC,District of Columbia,RES,residential,17.93,159.78302,cents per kilowatthour,million kilowatthours
2023-09,DC,District of Columbia,RES,residential,16.23,267.54197,cents per kilowatthour,million kilowatthours
2023-08,DC,District of Columbia,RES,residential,16.4,242.12286,cents per kilowatthour,million kilowatthours
2023-07,DC,District of Columbia,RES,residential,16.55,250.23936,cents per kilowatthour,million kilowatthours
2023-06,DC,District of Columbia,RES,residential,16.45,194.47084,cents per kilowatthour,million kilowatthours
2023-05,DC,District of Columbia,RES,residential,16.97,151.97976,cents per kilowatthour,million kilowatthours
2023-04,DC,District of Columbia,RES,residential,15.24,167.20961,cents per kilowatthour,million kilowatthours
2023-03,DC,District of Columbia,RES,residential,15.92,177.02429,cents per kilowatthour,million kilowatthours
2023-02,DC,District of Columbia,RES,residential,15.58,198.48258,cents per kilowatthour,million kilowatthours
2023-01,DC,District of Columbia,RES,residential,14.8,213.23794,cents per kilowatthour,million kilowatthours
2022-12,DC,District of Columbia,RES,residential,15.05,198.26047,cents per kilowatthour,million kilowatthours
2022-11,DC,District of Columbia,RES,residential,15.77,165.9001,cents per kilowatthour,million kilowatthours
2022-10,DC,District of Columbia,RES,residential,15.44,167.4903,cents per kilowatthour,million kilowatthours
2022-09,DC,District of Columbia,RES,residential,13.96,220.43734,cents per kilowatthour,million kilowatthours
2022-08,DC,District of Columbia,RES,residential,14.06,269.03647,cents per kilowatthour,million kilowatthours
2022-07,DC,District of Columbia,RES,residential,13.86,270.1728,cents per kilowatthour,million kilowatthours
2022-06,DC,District of Columbia,RES,residential,13.82,225.95654,cents per kilowatthour,million kilowatthours
2022-05,DC,District of Columbia,RES,residential,14.83,170.95509,cents per kilowatthour,million kilowatthours
2022-04,DC,District of Columbia,RES,residential,13.72,159.15487,cents per kilowatthour,million kilowatthours
2022-03,DC,District of Columbia,RES,residential,14.09,199.04655,cents per kilowatthour,million kilowatthours
2022-02,DC,District of Columbia,RES,residential,13.42,214.52434,cents per kilowatthour,million kilowatthours
2022-01,DC,District of Columbia,RES,residential,13.22,258.14413,cents per kilowatthour,million kilowatthours
2021-12,DC,District of Columbia,RES,residential,13.34,201.24489,cents per kilowatthour,million kilowatthours
2021-11,DC,District of Columbia,RES,residential,14.07,176.69609,cents per kilowatthour,million kilowatthours
2021-10,DC,District of Columbia,RES,residential,13.8,174.44413,cents per kilowatthour,million kilowatthours
2021-09,DC,District of Columbia,RES,residential,13.02,209.62585,cents per kilowatthour,million kilowatthours
2021-08,DC,District of Columbia,RES,residential,13.08,283.78772,cents per kilowatthour,million kilowatthours
2021-07,DC,District of Columbia,RES,residential,12.87,280.17385,cents per kilowatthour,million kilowatthours
2021-06,DC,District of Columbia,RES,residential,12.96,217.78513,cents per kilowatthour,million kilowatthours
2021-05,DC,District of Columbia,RES,residential,13.36,179.79859,cents per kilowatthour,million kilowatthours
2021-04,DC,District of Columbia,RES,residential,13.31,156.89524,cents per kilowatthour,million kilowatthours
2021-03,DC,District of Columbia,RES,residential,12.88,196.06473,cents per kilowatthour,million kilowatthours
2021-02,DC,District of Columbia,RES,residential,12.74,211.45151,cents per kilowatthour,million kilowatthours
2021-01,DC,District of Columbia,RES,residential,12.21,240.08128,cents per kilowatthour,million kilowatthours
2024-05,DE,Delaware,RES,residential,17.27,325.14677,cents per kilowatthour,million kilowatthours
2024-04,DE,Delaware,RES,residential,18.28,340.6863,cents per kilowatthour,million kilowatthours
2024-03,DE,Delaware,RES,residential,16.6,443.89911,cents per kilowatthour,million kilowatthours
2024-02,DE,Delaware,RES,residential,15.73,463.23709,cents per kilowatthour,million kilowatthours
2024-01,DE,Delaware,RES,residential,15.53,485.46645,cents per kilowatthour,million kilowatthours
2023-12,DE,Delaware,RES,residential,16.32,428.31736,cents per kilowatthour,million kilowatthours
2023-11,DE,Delaware,RES,residential,17.23,309.31964,cents per kilowatthour,million kilowatthours
2023-10,DE,Delaware,RES,residential,17.45,324.52889,cents per kilowatthour,million kilowatthours
2023-09,DE,Delaware,RES,residential,15.83,479.38382,cents per kilowatthour,million kilowatthours
2023-08,DE,Delaware,RES,residential,15.66,536.04195,cents per kilowatthour,million kilowatthours
2023-07,DE,Delaware,RES,residential,15.1,526.01665,cents per kilowatthour,million kilowatthours
2023-06,DE,Delaware,RES,residential,16,385.08821,cents per kilowatthour,million kilowatthours
2023-05,DE,Delaware,RES,residential,16.65,278.80744,cents per kilowatthour,million kilowatthours
2023-04,DE,Delaware,RES,residential,15.49,331.41918,cents per kilowatthour,million kilowatthours
2023-03,DE,Delaware,RES,residential,15.34,425.78836,cents per kilowatthour,million kilowatthours
2023-02,DE,Delaware,RES,residential,15.03,418.8015,cents per kilowatthour,million kilowatthours
2023-01,DE,Delaware,RES,residential,14.26,478.88825,cents per kilowatthour,million kilowatthours
2022-12,DE,Delaware,RES,residential,14.61,468.30212,cents per kilowatthour,million kilowatthours
2022-11,DE,Delaware,RES,residential,16.22,314.97838,cents per kilowatthour,million kilowatthours
2022-10,DE,Delaware,RES,residential,16.36,314.93952,cents per kilowatthour,million kilowatthours
2022-09,DE,Delaware,RES,residential,14.18,464.46797,cents per kilowatthour,million kilowatthours
2022-08,DE,Delaware,RES,residential,13.32,576.1068,cents per kilowatthour,million kilowatthours
2022-07,DE,Delaware,RES,residential,13.38,530.45298,cents per kilowatthour,million kilowatthours
2022-06,DE,Delaware,RES,residential,13.34,417.58222,cents per kilowatthour,million kilowatthours
2022-05,DE,Delaware,RES,residential,14.29,339.40319,cents per kilowatthour,million kilowatthours
2022-04,DE,Delaware,RES,residential,13.32,333.51269,cents per kilowatthour,million kilowatthours
2022-03,DE,Delaware,RES,residential,13.14,429.21145,cents per kilowatthour,million kilowatthours
2022-02,DE,Delaware,RES,residential,12.21,492.81323,cents per kilowatthour,million kilowatthours
2022-01,DE,Delaware,RES,residential,12.22,528.29846,cents per kilowatthour,million kilowatthours
2021-12,DE,Delaware,RES,residential,12.57,426.62529,cents per kilowatthour,million kilowatthours
2021-11,DE,Delaware,RES,residential,13.86,332.63314,cents per kilowatthour,million kilowatthours
2021-10,DE,Delaware,RES,residential,13.64,329.43023,cents per kilowatthour,million kilowatthours
2021-09,DE,Delaware,RES,residential,13.21,455.96068,cents per kilowatthour,million kilowatthours
2021-08,DE,Delaware,RES,residential,12.14,546.46187,cents per kilowatthour,million kilowatthours
2021-07,DE,Delaware,RES,residential,11.84,558.84384,cents per kilowatthour,million kilowatthours
2021-06,DE,Delaware,RES,residential,12.4,430.56298,cents per kilowatthour,million kilowatthours
2021-05,DE,Delaware,RES,residential,13.36,325.40632,cents per kilowatthour,million kilowatthours
2021-04,DE,Delaware,RES,residential,12.69,348.84687,cents per kilowatthour,million kilowatthours
2021-03,DE,Delaware,RES,residential,12.06,439.51389,cents per kilowatthour,million kilowatthours
2021-02,DE,Delaware,RES,residential,11.95,478.67362,cents per kilowatthour,million kilowatthours
2021-01,DE,Delaware,RES,residential,11.73,497.42128,cents per kilowatthour,million kilowatthours
2024-05,CT,Connecticut,RES,residential,26.76,882.42463,cents per kilowatthour,million kilowatthours
2024-04,CT,Connecticut,RES,residential,29.58,878.38733,cents per kilowatthour,million kilowatthours
2024-03,CT,Connecticut,RES,residential,29.12,983.11665,cents per kilowatthour,million kilowatthours
2024-02,CT,Connecticut,RES,residential,29.52,1053.54408,cents per kilowatthour,million kilowatthours
2024-01,CT,Connecticut,RES,residential,27.4,1274.11719,cents per kilowatthour,million kilowatthours
2023-12,CT,Connecticut,RES,residential,26.86,1158.56311,cents per kilowatthour,million kilowatthours
2023-11,CT,Connecticut,RES,residential,26.95,974.16994,cents per kilowatthour,million kilowatthours
2023-10,CT,Connecticut,RES,residential,28.98,835.891,cents per kilowatthour,million kilowatthours
2023-09,CT,Connecticut,RES,residential,29.28,1048.7646,cents per kilowatthour,million kilowatthours
2023-08,CT,Connecticut,RES,residential,27.89,1254.2775,cents per kilowatthour,million kilowatthours
2023-07,CT,Connecticut,RES,residential,26.63,1517.12275,cents per kilowatthour,million kilowatthours
2023-06,CT,Connecticut,RES,residential,31.82,921.4455,cents per kilowatthour,million kilowatthours
2023-05,CT,Connecticut,RES,residential,31.34,824.95821,cents per kilowatthour,million kilowatthours
2023-04,CT,Connecticut,RES,residential,34.45,838.67433,cents per kilowatthour,million kilowatthours
2023-03,CT,Connecticut,RES,residential,33.02,993.76541,cents per kilowatthour,million kilowatthours
2023-02,CT,Connecticut,RES,residential,34.35,999.82341,cents per kilowatthour,million kilowatthours
2023-01,CT,Connecticut,RES,residential,30.27,1167.46261,cents per kilowatthour,million kilowatthours
2022-12,CT,Connecticut,RES,residential,23.42,1221.00945,cents per kilowatthour,million kilowatthours
2022-11,CT,Connecticut,RES,residential,23.91,923.12589,cents per kilowatthour,million kilowatthours
2022-10,CT,Connecticut,RES,residential,24.98,837.55501,cents per kilowatthour,million kilowatthours
2022-09,CT,Connecticut,RES,residential,28.67,952.80038,cents per kilowatthour,million kilowatthours
2022-08,CT,Connecticut,RES,residential,26.5,1468.1504,cents per kilowatthour,million kilowatthours
2022-07,CT,Connecticut,RES,residential,19.39,1470.26413,cents per kilowatthour,million kilowatthours
2022-06,CT,Connecticut,RES,residential,25.25,1042.16104,cents per kilowatthour,million kilowatthours
2022-05,CT,Connecticut,RES,residential,24.8,922.88105,cents per kilowatthour,million kilowatthours
2022-04,CT,Connecticut,RES,residential,27.1,849.40744,cents per kilowatthour,million kilowatthours
2022-03,CT,Connecticut,RES,residential,25.62,1021.63229,cents per kilowatthour,million kilowatthours
2022-02,CT,Connecticut,RES,residential,26.49,1105.94668,cents per kilowatthour,million kilowatthours
2022-01,CT,Connecticut,RES,residential,22.27,1375.75326,cents per kilowatthour,million kilowatthours
2021-12,CT,Connecticut,RES,residential,20.93,1176.49193,cents per kilowatthour,million kilowatthours
2021-11,CT,Connecticut,RES,residential,21.4,934.7493,cents per kilowatthour,million kilowatthours
2021-10,CT,Connecticut,RES,residential,22.93,839.86501,cents per kilowatthour,million kilowatthours
2021-09,CT,Connecticut,RES,residential,22.47,1137.78708,cents per kilowatthour,million kilowatthours
2021-08,CT,Connecticut,RES,residential,20.8,1370.41005,cents per kilowatthour,million kilowatthours
2021-07,CT,Connecticut,RES,residential,22.1,1268.73061,cents per kilowatthour,million kilowatthours
2021-06,CT,Connecticut,RES,residential,20.8,1222.93723,cents per kilowatthour,million kilowatthours
2021-05,CT,Connecticut,RES,residential,22.11,834.63948,cents per kilowatthour,million kilowatthours
2021-04,CT,Connecticut,RES,residential,23.76,839.08515,cents per kilowatthour,million kilowatthours
2021-03,CT,Connecticut,RES,residential,22.72,1044.90896,cents per kilowatthour,million kilowatthours
2021-02,CT,Connecticut,RES,residential,22.75,1144.79686,cents per kilowatthour,million kilowatthours
2021-01,CT,Connecticut,RES,residential,21.32,1277.72635,cents per kilowatthour,million kilowatthours
2024-05,CO,Colorado,RES,residential,14.74,1476.19523,cents per kilowatthour,million kilowatthours
2024-04,CO,Colorado,RES,residential,14.77,1375.82601,cents per kilowatthour,million kilowatthours
2024-03,CO,Colorado,RES,residential,14.64,1543.80512,cents per kilowatthour,million kilowatthours
2024-02,CO,Colorado,RES,residential,14.47,1621.53381,cents per kilowatthour,million kilowatthours
2024-01,CO,Colorado,RES,residential,14.26,1831.30179,cents per kilowatthour,million kilowatthours
2023-12,CO,Colorado,RES,residential,14.15,1739.45237,cents per kilowatthour,million kilowatthours
2023-11,CO,Colorado,RES,residential,14.61,1413.49032,cents per kilowatthour,million kilowatthours
2023-10,CO,Colorado,RES,residential,14.54,1449.19026,cents per kilowatthour,million kilowatthours
2023-09,CO,Colorado,RES,residential,15.03,1733.05939,cents per kilowatthour,million kilowatthours
2023-08,CO,Colorado,RES,residential,14.43,2283.88532,cents per kilowatthour,million kilowatthours
2023-07,CO,Colorado,RES,residential,14.16,2137.76101,cents per kilowatthour,million kilowatthours
2023-06,CO,Colorado,RES,residential,14.67,1553.20828,cents per kilowatthour,million kilowatthours
2023-05,CO,Colorado,RES,residential,14.37,1462.07332,cents per kilowatthour,million kilowatthours
2023-04,CO,Colorado,RES,residential,13.56,1414.86836,cents per kilowatthour,million kilowatthours
2023-03,CO,Colorado,RES,residential,13.78,1660.04488,cents per kilowatthour,million kilowatthours
2023-02,CO,Colorado,RES,residential,14.34,1575.81349,cents per kilowatthour,million kilowatthours
2023-01,CO,Colorado,RES,residential,14.2,1835.66949,cents per kilowatthour,million kilowatthours
2022-12,CO,Colorado,RES,residential,14.15,1809.86813,cents per kilowatthour,million kilowatthours
2022-11,CO,Colorado,RES,residential,14.55,1524.80178,cents per kilowatthour,million kilowatthours
2022-10,CO,Colorado,RES,residential,14.8,1403.88575,cents per kilowatthour,million kilowatthours
2022-09,CO,Colorado,RES,residential,15,1748.78515,cents per kilowatthour,million kilowatthours
2022-08,CO,Colorado,RES,residential,14.74,2253.91184,cents per kilowatthour,million kilowatthours
2022-07,CO,Colorado,RES,residential,14.42,2278.177,cents per kilowatthour,million kilowatthours
2022-06,CO,Colorado,RES,residential,14.29,1810.53292,cents per kilowatthour,million kilowatthours
2022-05,CO,Colorado,RES,residential,13.67,1458.34031,cents per kilowatthour,million kilowatthours
2022-04,CO,Colorado,RES,residential,13.71,1384.87975,cents per kilowatthour,million kilowatthours
2022-03,CO,Colorado,RES,residential,13.53,1619.53792,cents per kilowatthour,million kilowatthours
2022-02,CO,Colorado,RES,residential,13.54,1554.78289,cents per kilowatthour,million kilowatthours
2022-01,CO,Colorado,RES,residential,13.52,1746.43857,cents per kilowatthour,million kilowatthours
2021-12,CO,Colorado,RES,residential,13.51,1662.51619,cents per kilowatthour,million kilowatthours
2021-11,CO,Colorado,RES,residential,13.77,1386.60129,cents per kilowatthour,million kilowatthours
2021-10,CO,Colorado,RES,residential,13.73,1435.97372,cents per kilowatthour,million kilowatthours
2021-09,CO,Colorado,RES,residential,13.82,1803.4111,cents per kilowatthour,million kilowatthours
2021-08,CO,Colorado,RES,residential,13.5,2250.16412,cents per kilowatthour,million kilowatthours
2021-07,CO,Colorado,RES,residential,13.39,2232.66445,cents per kilowatthour,million kilowatthours
2021-06,CO,Colorado,RES,residential,13.07,1934.62557,cents per kilowatthour,million kilowatthours
2021-05,CO,Colorado,RES,residential,12.53,1489.61668,cents per kilowatthour,million kilowatthours
2021-04,CO,Colorado,RES,residential,12.46,1435.58059,cents per kilowatthour,million kilowatthours
2021-03,CO,Colorado,RES,residential,12.26,1621.17994,cents per kilowatthour,million kilowatthours
2021-02,CO,Colorado,RES,residential,12.54,1597.482,cents per kilowatthour,million kilowatthours
2021-01,CO,Colorado,RES,residential,12.07,1775.18935,cents per kilowatthour,million kilowatthours
