Capstone 3/eia_energy_data.csv
period,stateid,stateDescription,sectorid,sectorName,price,sales,price-units,sales-units
2024-05,US,U.S. Total,RES,residential,16.43,109075.79139,cents per kilowatthour,million kilowatthours
2024-04,US,U.S. Total,RES,residential,16.88,96236.19008,cents per kilowatthour,million kilowatthours
2024-03,US,U.S. Total,RES,residential,16.68,103974.48635,cents per kilowatthour,million kilowatthours
2024-02,US,U.S. Total,RES,residential,16.1,117715.59855,cents per kilowatthour,million kilowatthours
2024-01,US,U.S. Total,RES,residential,15.45,142838.92146,cents per kilowatthour,million kilowatthours
2023-12,US,U.S. Total,RES,residential,15.73,119052.47929,cents per kilowatthour,million kilowatthours
2023-11,US,U.S. Total,RES,residential,16.19,102427.52221,cents per kilowatthour,million kilowatthours
2023-10,US,U.S. Total,RES,residential,16.2,103767.45036,cents per kilowatthour,million kilowatthours
2023-09,US,U.S. Total,RES,residential,16.29,133320.40209,cents per kilowatthour,million kilowatthours
2023-08,US,U.S. Total,RES,residential,15.93,162030.76588,cents per kilowatthour,million kilowatthours
2023-07,US,U.S. Total,RES,residential,15.89,160085.137,cents per kilowatthour,million kilowatthours
2023-06,US,U.S. Total,RES,residential,16.11,121568.09923,cents per kilowatthour,million kilowatthours
2023-05,US,U.S. Total,RES,residential,16.15,100479.26974,cents per kilowatthour,million kilowatthours
2023-04,US,U.S. Total,RES,residential,16.1,96541.91949,cents per kilowatthour,million kilowatthours
2023-03,US,U.S. Total,RES,residential,15.91,110791.76211,cents per kilowatthour,million kilowatthours
2023-02,US,U.S. Total,RES,residential,15.98,112543.12501,cents per kilowatthour,million kilowatthours
2023-01,US,U.S. Total,RES,residential,15.47,132058.70313,cents per kilowatthour,million kilowatthours
2022-12,US,U.S. Total,RES,residential,14.94,131401.70248,cents per kilowatthour,million kilowatthours
2022-11,US,U.S. Total,RES,residential,15.55,103152.07773,cents per kilowatthour,million kilowatthours
2022-10,US,U.S. Total,RES,residential,15.99,99792.19117,cents per kilowatthour,million kilowatthours
2022-09,US,U.S. Total,RES,residential,16.19,129241.3183,cents per kilowatthour,million kilowatthours
2022-08,US,U.S. Total,RES,residential,15.82,160271.46691,cents per kilowatthour,million kilowatthours
2022-07,US,U.S. Total,RES,residential,15.31,164276.57789,cents per kilowatthour,million kilowatthours
2022-06,US,U.S. Total,RES,residential,15.3,136310.28781,cents per kilowatthour,million kilowatthours
2022-05,US,U.S. Total,RES,residential,14.89,110070.73408,cents per kilowatthour,million kilowatthours
2022-04,US,U.S. Total,RES,residential,14.57,97431.84407,cents per kilowatthour,million kilowatthours
2022-03,US,U.S. Total,RES,residential,14.41,111438.58992,cents per kilowatthour,million kilowatthours
2022-02,US,U.S. Total,RES,residential,13.76,125342.30282,cents per kilowatthour,million kilowatthours
2022-01,US,U.S. Total,RES,residential,13.64,140504.06917,cents per kilowatthour,million kilowatthours
2021-12,US,U.S. Total,RES,residential,13.72,117695.50509,cents per kilowatthour,million kilowatthours
2021-11,US,U.S. Total,RES,residential,14.07,100590.96639,cents per kilowatthour,million kilowatthours
2021-10,US,U.S. Total,RES,residential,14.06,103992.2144,cents per kilowatthour,million kilowatthours
2021-09,US,U.S. Total,RES,residential,14.14,131111.30373,cents per kilowatthour,million kilowatthours
2021-08,US,U.S. Total,RES,residential,13.92,157791.77207,cents per kilowatthour,million kilowatthours
2021-07,US,U.S. Total,RES,residential,13.83,154494.57173,cents per kilowatthour,million kilowatthours
2021-06,US,U.S. Total,RES,residential,13.83,132153.48565,cents per kilowatthour,million kilowatthours
2021-05,US,U.S. Total,RES,residential,13.86,101160.29411,cents per kilowatthour,million kilowatthours
2021-04,US,U.S. Total,RES,residential,13.73,93890.87998,cents per kilowatthour,million kilowatthours
2021-03,US,U.S. Total,RES,residential,13.24,114373.98006,cents per kilowatthour,million kilowatthours
2021-02,US,U.S. Total,RES,residential,13.01,126549.55737,cents per kilowatthour,million kilowatthours
2021-01,US,U.S. Total,RES,residential,12.62,136682.35148,cents per kilowatthour,million kilowatthours
2024-05,PACN,Pacific Noncontiguous,RES,residential,36.22,360.77609,cents per kilowatthour,million kilowatthours
2024-04,PACN,Pacific Noncontiguous,RES,residential,35.94,358.96716,cents per kilowatthour,million kilowatthours
2024-03,PACN,Pacific Noncontiguous,RES,residential,35.11,386.10215,cents per kilowatthour,million kilowatthours
2024-02,PACN,Pacific Noncontiguous,RES,residential,33.01,405.81678,cents per kilowatthour,million kilowatthours
2024-01,PACN,Pacific Noncontiguous,RES,residential,34.01,455.88679,cents per kilowatthour,million kilowatthours
2023-12,PACN,Pacific Noncontiguous,RES,residential,33.7,451.53174,cents per kilowatthour,million kilowatthours
2023-11,PACN,Pacific Noncontiguous,RES,residential,35.04,412.66668,cents per kilowatthour,million kilowatthours
2023-10,PACN,Pacific Noncontiguous,RES,residential,35.17,400.01123,cents per kilowatthour,million kilowatthours
2023-09,PACN,Pacific Noncontiguous,RES,residential,34.91,370.99111,cents per kilowatthour,million kilowatthours
2023-08,PACN,Pacific Noncontiguous,RES,residential,33.87,390.29408,cents per kilowatthour,million kilowatthours
2023-07,PACN,Pacific Noncontiguous,RES,residential,34.27,375.51112,cents per kilowatthour,million kilowatthours
2023-06,PACN,Pacific Noncontiguous,RES,residential,35.01,351.28376,cents per kilowatthour,million kilowatthours
2023-05,PACN,Pacific Noncontiguous,RES,residential,34.98,362.32578,cents per kilowatthour,million kilowatthours
2023-04,PACN,Pacific Noncontiguous,RES,residential,34.49,378.8442,cents per kilowatthour,million kilowatthours
2023-03,PACN,Pacific Noncontiguous,RES,residential,34.23,412.00332,cents per kilowatthour,million kilowatthours
2023-02,PACN,Pacific Noncontiguous,RES,residential,34.03,373.88408,cents per kilowatthour,million kilowatthours
2023-01,PACN,Pacific Noncontiguous,RES,residential,33.37,462.02655,cents per kilowatthour,million kilowatthours
2022-12,PACN,Pacific Noncontiguous,RES,residential,33.63,455.97543,cents per kilowatthour,million kilowatthours
2022-11,PACN,Pacific Noncontiguous,RES,residential,34.52,414.36029,cents per kilowatthour,million kilowatthours
2022-10,PACN,Pacific Noncontiguous,RES,residential,36.5,407.60391,cents per kilowatthour,million kilowatthours
2022-09,PACN,Pacific Noncontiguous,RES,residential,37.26,383.72253,cents per kilowatthour,million kilowatthours
2022-08,PACN,Pacific Noncontiguous,RES,residential,37.49,391.36964,cents per kilowatthour,million kilowatthours
2022-07,PACN,Pacific Noncontiguous,RES,residential,37.22,382.85708,cents per kilowatthour,million kilowatthours
2022-06,PACN,Pacific Noncontiguous,RES,residential,36.61,362.98627,cents per kilowatthour,million kilowatthours
2022-05,PACN,Pacific Noncontiguous,RES,residential,35.62,373.92226,cents per kilowatthour,million kilowatthours
2022-04,PACN,Pacific Noncontiguous,RES,residential,33.66,372.02741,cents per kilowatthour,million kilowatthours
2022-03,PACN,Pacific Noncontiguous,RES,residential,32.31,403.01468,cents per kilowatthour,million kilowatthours
2022-02,PACN,Pacific Noncontiguous,RES,residential,30.39,381.58584,cents per kilowatthour,million kilowatthours
2022-01,PACN,Pacific Noncontiguous,RES,residential,30.13,469.52568,cents per kilowatthour,million kilowatthours
2021-12,PACN,Pacific Noncontiguous,RES,residential,29.36,474.06514,cents per kilowatthour,million kilowatthours
2021-11,PACN,Pacific Noncontiguous,RES,residential,29.21,434.00705,cents per kilowatthour,million kilowatthours
2021-10,PACN,Pacific Noncontiguous,RES,residential,29.92,406.37966,cents per kilowatthour,million kilowatthours
2021-09,PACN,Pacific Noncontiguous,RES,residential,30.23,386.60976,cents per kilowatthour,million kilowatthours
2021-08,PACN,Pacific Noncontiguous,RES,residential,29.75,404.68172,cents per kilowatthour,million kilowatthours
2021-07,PACN,Pacific Noncontiguous,RES,residential,29.82,398.06684,cents per kilowatthour,million kilowatthours
2021-06,PACN,Pacific Noncontiguous,RES,residential,29.47,379.153,cents per kilowatthour,million kilowatthours
2021-05,PACN,Pacific Noncontiguous,RES,residential,29.07,377.66967,cents per kilowatthour,million kilowatthours
2021-04,PACN,Pacific Noncontiguous,RES,residential,28.19,376.9217,cents per kilowatthour,million kilowatthours
2021-03,PACN,Pacific Noncontiguous,RES,residential,27.82,420.49138,cents per kilowatthour,million kilowatthours
2021-02,PACN,Pacific Noncontiguous,RES,residential,27.13,399.58183,cents per kilowatthour,million kilowatthours
2021-01,PACN,Pacific Noncontiguous,RES,residential,26.44,451.36526,cents per kilowatthour,million kilowatthours
2024-05,PACC,Pacific Contiguous,RES,residential,25.07,9340.16103,cents per kilowatthour,million kilowatthours
2024-04,PACC,Pacific Contiguous,RES,residential,24.5,9902.13589,cents per kilowatthour,million kilowatthours
2024-03,PACC,Pacific Contiguous,RES,residential,22.94,11359.7233,cents per kilowatthour,million kilowatthours
2024-02,PACC,Pacific Contiguous,RES,residential,22.3,11939.63323,cents per kilowatthour,million kilowatthours
2024-01,PACC,Pacific Contiguous,RES,residential,21.11,14495.83095,cents per kilowatthour,million kilowatthours
2023-12,PACC,Pacific Contiguous,RES,residential,20.72,12531.71835,cents per kilowatthour,million kilowatthours
2023-11,PACC,Pacific Contiguous,RES,residential,21.52,11238.16741,cents per kilowatthour,million kilowatthours
2023-10,PACC,Pacific Contiguous,RES,residential,20.83,10065.31014,cents per kilowatthour,million kilowatthours
2023-09,PACC,Pacific Contiguous,RES,residential,24.29,11593.83933,cents per kilowatthour,million kilowatthours
2023-08,PACC,Pacific Contiguous,RES,residential,24.16,14397.85905,cents per kilowatthour,million kilowatthours
2023-07,PACC,Pacific Contiguous,RES,residential,23.34,12698.66275,cents per kilowatthour,million kilowatthours
2023-06,PACC,Pacific Contiguous,RES,residential,23.66,9819.83192,cents per kilowatthour,million kilowatthours
2023-05,PACC,Pacific Contiguous,RES,residential,22.12,9747.22446,cents per kilowatthour,million kilowatthours
2023-04,PACC,Pacific Contiguous,RES,residential,21.27,10647.93342,cents per kilowatthour,million kilowatthours
2023-03,PACC,Pacific Contiguous,RES,residential,19.95,12712.28118,cents per kilowatthour,million kilowatthours
2023-02,PACC,Pacific Contiguous,RES,residential,19.38,12036.39534,cents per kilowatthour,million kilowatthours
2023-01,PACC,Pacific Contiguous,RES,residential,19.48,14713.29938,cents per kilowatthour,million kilowatthours
2022-12,PACC,Pacific Contiguous,RES,residential,18.18,13721.47172,cents per kilowatthour,million kilowatthours
2022-11,PACC,Pacific Contiguous,RES,residential,18.74,11783.96068,cents per kilowatthour,million kilowatthours
2022-10,PACC,Pacific Contiguous,RES,residential,20.55,10615.24301,cents per kilowatthour,million kilowatthours
2022-09,PACC,Pacific Contiguous,RES,residential,21.91,14168.28745,cents per kilowatthour,million kilowatthours
2022-08,PACC,Pacific Contiguous,RES,residential,21.74,15478.03175,cents per kilowatthour,million kilowatthours
2022-07,PACC,Pacific Contiguous,RES,residential,21.09,13491.55758,cents per kilowatthour,million kilowatthours
2022-06,PACC,Pacific Contiguous,RES,residential,22.32,11516.10469,cents per kilowatthour,million kilowatthours
2022-05,PACC,Pacific Contiguous,RES,residential,20.52,10444.04111,cents per kilowatthour,million kilowatthours
2022-04,PACC,Pacific Contiguous,RES,residential,17.28,10441.63203,cents per kilowatthour,million kilowatthours
2022-03,PACC,Pacific Contiguous,RES,residential,18.82,11903.46964,cents per kilowatthour,million kilowatthours
2022-02,PACC,Pacific Contiguous,RES,residential,17.76,11460.31268,cents per kilowatthour,million kilowatthours
2022-01,PACC,Pacific Contiguous,RES,residential,17.25,15019.84365,cents per kilowatthour,million kilowatthours
2021-12,PACC,Pacific Contiguous,RES,residential,17.34,13871.73553,cents per kilowatthour,million kilowatthours
2021-11,PACC,Pacific Contiguous,RES,residential,17.93,10516.85749,cents per kilowatthour,million kilowatthours
2021-10,PACC,Pacific Contiguous,RES,residential,17.6,10264.26957,cents per kilowatthour,million kilowatthours
2021-09,PACC,Pacific Contiguous,RES,residential,19.81,12766.16484,cents per kilowatthour,million kilowatthours
2021-08,PACC,Pacific Contiguous,RES,residential,19.61,14679.98983,cents per kilowatthour,million kilowatthours
2021-07,PACC,Pacific Contiguous,RES,residential,19.02,15285.5145,cents per kilowatthour,million kilowatthours
2021-06,PACC,Pacific Contiguous,RES,residential,18.59,11867.49937,cents per kilowatthour,million kilowatthours
2021-05,PACC,Pacific Contiguous,RES,residential,18.24,10443.14567,cents per kilowatthour,million kilowatthours
2021-04,PACC,Pacific Contiguous,RES,residential,17.53,9773.10596,cents per kilowatthour,million kilowatthours
2021-03,PACC,Pacific Contiguous,RES,residential,16.97,13329.2166,cents per kilowatthour,million kilowatthours
2021-02,PACC,Pacific Contiguous,RES,residential,16.57,12201.55995,cents per kilowatthour,million kilowatthours
2021-01,PACC,Pacific Contiguous,RES,residential,16.44,13591.66268,cents per kilowatthour,million kilowatthours
2024-05,MTN,Mountain,RES,residential,14.44,8161.82178,cents per kilowatthour,million kilowatthours
2024-04,MTN,Mountain,RES,residential,14.19,6958.73514,cents per kilowatthour,million kilowatthours
2024-03,MTN,Mountain,RES,residential,13.86,7370.91069,cents per kilowatthour,million kilowatthours
2024-02,MTN,Mountain,RES,residential,13.63,7791.94564,cents per kilowatthour,million kilowatthours
2024-01,MTN,Mountain,RES,residential,13.33,9260.29734,cents per kilowatthour,million kilowatthours
2023-12,MTN,Mountain,RES,residential,13.46,8460.5438,cents per kilowatthour,million kilowatthours
2023-11,MTN,Mountain,RES,residential,13.89,7135.38611,cents per kilowatthour,million kilowatthours
2023-10,MTN,Mountain,RES,residential,13.9,7754.98068,cents per kilowatthour,million kilowatthours
2023-09,MTN,Mountain,RES,residential,14.39,9563.64607,cents per kilowatthour,million kilowatthours
2023-08,MTN,Mountain,RES,residential,13.94,12933.54916,cents per kilowatthour,million kilowatthours
2023-07,MTN,Mountain,RES,residential,14.05,13899.38303,cents per kilowatthour,million kilowatthours
2023-06,MTN,Mountain,RES,residential,14.21,9095.84966,cents per kilowatthour,million kilowatthours
2023-05,MTN,Mountain,RES,residential,13.93,8152.63379,cents per kilowatthour,million kilowatthours
2023-04,MTN,Mountain,RES,residential,13.42,7270.54582,cents per kilowatthour,million kilowatthours
2023-03,MTN,Mountain,RES,residential,13.06,7990.024,cents per kilowatthour,million kilowatthours
2023-02,MTN,Mountain,RES,residential,13.06,8036.00373,cents per kilowatthour,million kilowatthours
2023-01,MTN,Mountain,RES,residential,12.78,9239.15705,cents per kilowatthour,million kilowatthours
2022-12,MTN,Mountain,RES,residential,12.57,9199.72214,cents per kilowatthour,million kilowatthours
2022-11,MTN,Mountain,RES,residential,12.91,7512.58065,cents per kilowatthour,million kilowatthours
2022-10,MTN,Mountain,RES,residential,13.35,7560.71644,cents per kilowatthour,million kilowatthours
2022-09,MTN,Mountain,RES,residential,13.28,10311.6558,cents per kilowatthour,million kilowatthours
2022-08,MTN,Mountain,RES,residential,13.16,12494.57564,cents per kilowatthour,million kilowatthours
2022-07,MTN,Mountain,RES,residential,13.1,13318.79565,cents per kilowatthour,million kilowatthours
2022-06,MTN,Mountain,RES,residential,13.03,10753.67243,cents per kilowatthour,million kilowatthours
2022-05,MTN,Mountain,RES,residential,12.66,8351.4465,cents per kilowatthour,million kilowatthours
2022-04,MTN,Mountain,RES,residential,12.56,7128.98102,cents per kilowatthour,million kilowatthours
2022-03,MTN,Mountain,RES,residential,12.24,7529.947,cents per kilowatthour,million kilowatthours
2022-02,MTN,Mountain,RES,residential,12.09,7731.55702,cents per kilowatthour,million kilowatthours
2022-01,MTN,Mountain,RES,residential,11.95,8868.18674,cents per kilowatthour,million kilowatthours
2021-12,MTN,Mountain,RES,residential,12.06,8329.27186,cents per kilowatthour,million kilowatthours
2021-11,MTN,Mountain,RES,residential,12.16,6839.04848,cents per kilowatthour,million kilowatthours
2021-10,MTN,Mountain,RES,residential,12.51,7116.57295,cents per kilowatthour,million kilowatthours
2021-09,MTN,Mountain,RES,residential,12.46,9877.01559,cents per kilowatthour,million kilowatthours
2021-08,MTN,Mountain,RES,residential,12.28,12222.02249,cents per kilowatthour,million kilowatthours
2021-07,MTN,Mountain,RES,residential,12.17,13032.19106,cents per kilowatthour,million kilowatthours
2021-06,MTN,Mountain,RES,residential,12.14,11584.97902,cents per kilowatthour,million kilowatthours
2021-05,MTN,Mountain,RES,residential,12.1,8101.12365,cents per kilowatthour,million kilowatthours
2021-04,MTN,Mountain,RES,residential,11.84,7123.03907,cents per kilowatthour,million kilowatthours
2021-03,MTN,Mountain,RES,residential,11.6,7466.69744,cents per kilowatthour,million kilowatthours
2021-02,MTN,Mountain,RES,residential,11.54,7480.81144,cents per kilowatthour,million kilowatthours
2021-01,MTN,Mountain,RES,residential,11.33,8752.48799,cents per kilowatthour,million kilowatthours
