Capstone 3/eia_energy_data.csv
period,stateid,stateDescription,sectorid,sectorName,price,sales,price-units,sales-units
2024-05,WSC,West South Central,RES,residential,13.85,17928.66141,cents per kilowatthour,million kilowatthours
2024-04,WSC,West South Central,RES,residential,14.2,13932.51359,cents per kilowatthour,million kilowatthours
2024-03,WSC,West South Central,RES,residential,14.08,13922.0428,cents per kilowatthour,million kilowatthours
2024-02,WSC,West South Central,RES,residential,13.36,17215.07297,cents per kilowatthour,million kilowatthours
2024-01,WSC,West South Central,RES,residential,13.17,21589.91589,cents per kilowatthour,million kilowatthours
2023-12,WSC,West South Central,RES,residential,13.46,16343.56099,cents per kilowatthour,million kilowatthours
2023-11,WSC,West South Central,RES,residential,13.69,14732.15702,cents per kilowatthour,million kilowatthours
2023-10,WSC,West South Central,RES,residential,14.05,18453.7429,cents per kilowatthour,million kilowatthours
2023-09,WSC,West South Central,RES,residential,13.87,26628.20637,cents per kilowatthour,million kilowatthours
2023-08,WSC,West South Central,RES,residential,13.45,31374.5582,cents per kilowatthour,million kilowatthours
2023-07,WSC,West South Central,RES,residential,13.24,28933.72528,cents per kilowatthour,million kilowatthours
2023-06,WSC,West South Central,RES,residential,13.54,22384.46947,cents per kilowatthour,million kilowatthours
2023-05,WSC,West South Central,RES,residential,13.71,16229.64686,cents per kilowatthour,million kilowatthours
2023-04,WSC,West South Central,RES,residential,13.45,13780.61857,cents per kilowatthour,million kilowatthours
2023-03,WSC,West South Central,RES,residential,13.65,15257.83547,cents per kilowatthour,million kilowatthours
2023-02,WSC,West South Central,RES,residential,13.84,16964.8417,cents per kilowatthour,million kilowatthours
2023-01,WSC,West South Central,RES,residential,13.26,19327.94779,cents per kilowatthour,million kilowatthours
2022-12,WSC,West South Central,RES,residential,13.58,18819.45632,cents per kilowatthour,million kilowatthours
2022-11,WSC,West South Central,RES,residential,14.36,15016.03768,cents per kilowatthour,million kilowatthours
2022-10,WSC,West South Central,RES,residential,14.63,17139.29915,cents per kilowatthour,million kilowatthours
2022-09,WSC,West South Central,RES,residential,14.52,22782.84774,cents per kilowatthour,million kilowatthours
2022-08,WSC,West South Central,RES,residential,14.05,28104.05174,cents per kilowatthour,million kilowatthours
2022-07,WSC,West South Central,RES,residential,13.65,29833.3314,cents per kilowatthour,million kilowatthours
2022-06,WSC,West South Central,RES,residential,13.34,25052.96064,cents per kilowatthour,million kilowatthours
2022-05,WSC,West South Central,RES,residential,13.03,18913.78941,cents per kilowatthour,million kilowatthours
2022-04,WSC,West South Central,RES,residential,12.95,14501.72161,cents per kilowatthour,million kilowatthours
2022-03,WSC,West South Central,RES,residential,12.42,16979.41784,cents per kilowatthour,million kilowatthours
2022-02,WSC,West South Central,RES,residential,11.82,19728.79291,cents per kilowatthour,million kilowatthours
2022-01,WSC,West South Central,RES,residential,11.87,19899.26659,cents per kilowatthour,million kilowatthours
2021-12,WSC,West South Central,RES,residential,12.08,15350.59119,cents per kilowatthour,million kilowatthours
2021-11,WSC,West South Central,RES,residential,12.41,14062.41638,cents per kilowatthour,million kilowatthours
2021-10,WSC,West South Central,RES,residential,12.39,17464.53947,cents per kilowatthour,million kilowatthours
2021-09,WSC,West South Central,RES,residential,12.13,23637.07615,cents per kilowatthour,million kilowatthours
2021-08,WSC,West South Central,RES,residential,11.79,26289.51519,cents per kilowatthour,million kilowatthours
2021-07,WSC,West South Central,RES,residential,11.55,25106.13823,cents per kilowatthour,million kilowatthours
2021-06,WSC,West South Central,RES,residential,11.84,20875.14724,cents per kilowatthour,million kilowatthours
2021-05,WSC,West South Central,RES,residential,11.86,15212.71843,cents per kilowatthour,million kilowatthours
2021-04,WSC,West South Central,RES,residential,11.79,13476.3649,cents per kilowatthour,million kilowatthours
2021-03,WSC,West South Central,RES,residential,11.1,17855.86027,cents per kilowatthour,million kilowatthours
2021-02,WSC,West South Central,RES,residential,12.05,18416.27318,cents per kilowatthour,million kilowatthours
2021-01,WSC,West South Central,RES,residential,10.64,20400.60138,cents per kilowatthour,million kilowatthours
2024-05,ESC,East South Central,RES,residential,13.44,8769.38643,cents per kilowatthour,million kilowatthours
2024-04,ESC,East South Central,RES,residential,13.89,7535.05292,cents per kilowatthour,million kilowatthours
2024-03,ESC,East South Central,RES,residential,13.96,8228.88404,cents per kilowatthour,million kilowatthours
2024-02,ESC,East South Central,RES,residential,12.99,10729.96223,cents per kilowatthour,million kilowatthours
2024-01,ESC,East South Central,RES,residential,12.83,13073.83641,cents per kilowatthour,million kilowatthours
2023-12,ESC,East South Central,RES,residential,12.87,9877.29752,cents per kilowatthour,million kilowatthours
2023-11,ESC,East South Central,RES,residential,13.53,7984.20296,cents per kilowatthour,million kilowatthours
2023-10,ESC,East South Central,RES,residential,13.5,8179.63499,cents per kilowatthour,million kilowatthours
2023-09,ESC,East South Central,RES,residential,12.99,11352.3874,cents per kilowatthour,million kilowatthours
2023-08,ESC,East South Central,RES,residential,12.8,13255.69515,cents per kilowatthour,million kilowatthours
2023-07,ESC,East South Central,RES,residential,13.05,12651.29756,cents per kilowatthour,million kilowatthours
2023-06,ESC,East South Central,RES,residential,13.25,9903.20714,cents per kilowatthour,million kilowatthours
2023-05,ESC,East South Central,RES,residential,13.27,7881.04056,cents per kilowatthour,million kilowatthours
2023-04,ESC,East South Central,RES,residential,13.07,7624.25917,cents per kilowatthour,million kilowatthours
2023-03,ESC,East South Central,RES,residential,13.18,8398.98859,cents per kilowatthour,million kilowatthours
2023-02,ESC,East South Central,RES,residential,13.4,9625.9348,cents per kilowatthour,million kilowatthours
2023-01,ESC,East South Central,RES,residential,12.97,11243.23425,cents per kilowatthour,million kilowatthours
2022-12,ESC,East South Central,RES,residential,12.65,10545.61238,cents per kilowatthour,million kilowatthours
2022-11,ESC,East South Central,RES,residential,13.7,7924.46033,cents per kilowatthour,million kilowatthours
2022-10,ESC,East South Central,RES,residential,13.77,7690.47221,cents per kilowatthour,million kilowatthours
2022-09,ESC,East South Central,RES,residential,13.65,10398.15492,cents per kilowatthour,million kilowatthours
2022-08,ESC,East South Central,RES,residential,13.95,12625.48521,cents per kilowatthour,million kilowatthours
2022-07,ESC,East South Central,RES,residential,13.39,13545.11758,cents per kilowatthour,million kilowatthours
2022-06,ESC,East South Central,RES,residential,13.14,11165.41537,cents per kilowatthour,million kilowatthours
2022-05,ESC,East South Central,RES,residential,12.91,8548.2628,cents per kilowatthour,million kilowatthours
2022-04,ESC,East South Central,RES,residential,12.77,7632.34806,cents per kilowatthour,million kilowatthours
2022-03,ESC,East South Central,RES,residential,12.24,8901.13564,cents per kilowatthour,million kilowatthours
2022-02,ESC,East South Central,RES,residential,11.59,11423.84992,cents per kilowatthour,million kilowatthours
2022-01,ESC,East South Central,RES,residential,11.89,11885.30858,cents per kilowatthour,million kilowatthours
2021-12,ESC,East South Central,RES,residential,11.25,9290.15055,cents per kilowatthour,million kilowatthours
2021-11,ESC,East South Central,RES,residential,12.36,8222.12082,cents per kilowatthour,million kilowatthours
2021-10,ESC,East South Central,RES,residential,12.28,8205.75015,cents per kilowatthour,million kilowatthours
2021-09,ESC,East South Central,RES,residential,11.94,10728.88658,cents per kilowatthour,million kilowatthours
2021-08,ESC,East South Central,RES,residential,11.9,12604.45725,cents per kilowatthour,million kilowatthours
2021-07,ESC,East South Central,RES,residential,11.87,12082.58431,cents per kilowatthour,million kilowatthours
2021-06,ESC,East South Central,RES,residential,12.01,10027.37622,cents per kilowatthour,million kilowatthours
2021-05,ESC,East South Central,RES,residential,12.22,7660.43615,cents per kilowatthour,million kilowatthours
2021-04,ESC,East South Central,RES,residential,12.26,7414.56357,cents per kilowatthour,million kilowatthours
2021-03,ESC,East South Central,RES,residential,11.46,9397.89071,cents per kilowatthour,million kilowatthours
2021-02,ESC,East South Central,RES,residential,11.04,11643.27356,cents per kilowatthour,million kilowatthours
2021-01,ESC,East South Central,RES,residential,10.89,12152.41213,cents per kilowatthour,million kilowatthours
2024-05,SAT,South Atlantic,RES,residential,14.46,30003.20892,cents per kilowatthour,million kilowatthours
2024-04,SAT,South Atlantic,RES,residential,15,24513.13648,cents per kilowatthour,million kilowatthours
2024-03,SAT,South Atlantic,RES,residential,15.03,25995.67596,cents per kilowatthour,million kilowatthours
2024-02,SAT,South Atlantic,RES,residential,14.76,29306.87679,cents per kilowatthour,million kilowatthours
2024-01,SAT,South Atlantic,RES,residential,13.95,36285.0935,cents per kilowatthour,million kilowatthours
2023-12,SAT,South Atlantic,RES,residential,14.24,30820.68747,cents per kilowatthour,million kilowatthours
2023-11,SAT,South Atlantic,RES,residential,14.62,26622.44773,cents per kilowatthour,million kilowatthours
2023-10,SAT,South Atlantic,RES,residential,15.11,26791.30771,cents per kilowatthour,million kilowatthours
2023-09,SAT,South Atlantic,RES,residential,14.98,34660.39669,cents per kilowatthour,million kilowatthours
2023-08,SAT,South Atlantic,RES,residential,14.38,41791.03031,cents per kilowatthour,million kilowatthours
2023-07,SAT,South Atlantic,RES,residential,14.33,41431.37933,cents per kilowatthour,million kilowatthours
2023-06,SAT,South Atlantic,RES,residential,14.8,31904.85106,cents per kilowatthour,million kilowatthours
2023-05,SAT,South Atlantic,RES,residential,14.69,26511.1736,cents per kilowatthour,million kilowatthours
2023-04,SAT,South Atlantic,RES,residential,14.73,25339.10162,cents per kilowatthour,million kilowatthours
2023-03,SAT,South Atlantic,RES,residential,14.3,27569.54862,cents per kilowatthour,million kilowatthours
2023-02,SAT,South Atlantic,RES,residential,14.67,27125.14355,cents per kilowatthour,million kilowatthours
2023-01,SAT,South Atlantic,RES,residential,14.01,32472.73844,cents per kilowatthour,million kilowatthours
2022-12,SAT,South Atlantic,RES,residential,13.3,33716.73205,cents per kilowatthour,million kilowatthours
2022-11,SAT,South Atlantic,RES,residential,13.7,26497.87112,cents per kilowatthour,million kilowatthours
2022-10,SAT,South Atlantic,RES,residential,14.16,25649.63054,cents per kilowatthour,million kilowatthours
2022-09,SAT,South Atlantic,RES,residential,14.29,32403.80319,cents per kilowatthour,million kilowatthours
2022-08,SAT,South Atlantic,RES,residential,14.04,39866.8086,cents per kilowatthour,million kilowatthours
2022-07,SAT,South Atlantic,RES,residential,13.87,41472.50783,cents per kilowatthour,million kilowatthours
2022-06,SAT,South Atlantic,RES,residential,13.62,35737.46304,cents per kilowatthour,million kilowatthours
2022-05,SAT,South Atlantic,RES,residential,13.32,29262.50013,cents per kilowatthour,million kilowatthours
2022-04,SAT,South Atlantic,RES,residential,13.2,24610.65001,cents per kilowatthour,million kilowatthours
2022-03,SAT,South Atlantic,RES,residential,12.98,27366.28336,cents per kilowatthour,million kilowatthours
2022-02,SAT,South Atlantic,RES,residential,12.47,31804.0025,cents per kilowatthour,million kilowatthours
2022-01,SAT,South Atlantic,RES,residential,12.2,35378.03569,cents per kilowatthour,million kilowatthours
2021-12,SAT,South Atlantic,RES,residential,12.1,29453.35209,cents per kilowatthour,million kilowatthours
2021-11,SAT,South Atlantic,RES,residential,12.44,25928.04606,cents per kilowatthour,million kilowatthours
2021-10,SAT,South Atlantic,RES,residential,12.57,27739.34785,cents per kilowatthour,million kilowatthours
2021-09,SAT,South Atlantic,RES,residential,12.51,33449.21048,cents per kilowatthour,million kilowatthours
2021-08,SAT,South Atlantic,RES,residential,12.27,39429.42342,cents per kilowatthour,million kilowatthours
2021-07,SAT,South Atlantic,RES,residential,12.26,38533.26462,cents per kilowatthour,million kilowatthours
2021-06,SAT,South Atlantic,RES,residential,12.32,33343.31151,cents per kilowatthour,million kilowatthours
2021-05,SAT,South Atlantic,RES,residential,12.21,27294.43008,cents per kilowatthour,million kilowatthours
2021-04,SAT,South Atlantic,RES,residential,12.06,24386.52703,cents per kilowatthour,million kilowatthours
2021-03,SAT,South Atlantic,RES,residential,11.78,28170.43838,cents per kilowatthour,million kilowatthours
2021-02,SAT,South Atlantic,RES,residential,11.64,31960.97795,cents per kilowatthour,million kilowatthours
2021-01,SAT,South Atlantic,RES,residential,11.19,35057.66655,cents per kilowatthour,million kilowatthours
2024-05,WNC,West North Central,RES,residential,13.73,7305.29371,cents per kilowatthour,million kilowatthours
2024-04,WNC,West North Central,RES,residential,13.3,7139.10598,cents per kilowatthour,million kilowatthours
2024-03,WNC,West North Central,RES,residential,13.04,8038.05152,cents per kilowatthour,million kilowatthours
2024-02,WNC,West North Central,RES,residential,12.33,8921.63304,cents per kilowatthour,million kilowatthours
2024-01,WNC,West North Central,RES,residential,11.73,11854.50922,cents per kilowatthour,million kilowatthours
2023-12,WNC,West North Central,RES,residential,12.11,9405.95587,cents per kilowatthour,million kilowatthours
2023-11,WNC,West North Central,RES,residential,12.72,7697.18448,cents per kilowatthour,million kilowatthours
2023-10,WNC,West North Central,RES,residential,13.29,7140.82627,cents per kilowatthour,million kilowatthours
2023-09,WNC,West North Central,RES,residential,14.01,8887.32835,cents per kilowatthour,million kilowatthours
2023-08,WNC,West North Central,RES,residential,14.26,11057.49316,cents per kilowatthour,million kilowatthours
2023-07,WNC,West North Central,RES,residential,14.37,10840.54317,cents per kilowatthour,million kilowatthours
2023-06,WNC,West North Central,RES,residential,14.21,9423.91347,cents per kilowatthour,million kilowatthours
2023-05,WNC,West North Central,RES,residential,13.45,7367.07477,cents per kilowatthour,million kilowatthours
2023-04,WNC,West North Central,RES,residential,12.69,7331.66261,cents per kilowatthour,million kilowatthours
2023-03,WNC,West North Central,RES,residential,12.16,9128.70249,cents per kilowatthour,million kilowatthours
2023-02,WNC,West North Central,RES,residential,12.09,9145.57324,cents per kilowatthour,million kilowatthours
2023-01,WNC,West North Central,RES,residential,11.4,11125.91811,cents per kilowatthour,million kilowatthours
2022-12,WNC,West North Central,RES,residential,11.39,10900.05576,cents per kilowatthour,million kilowatthours
2022-11,WNC,West North Central,RES,residential,12.44,7897.88673,cents per kilowatthour,million kilowatthours
2022-10,WNC,West North Central,RES,residential,13.15,6775.03855,cents per kilowatthour,million kilowatthours
2022-09,WNC,West North Central,RES,residential,13.99,8518.83351,cents per kilowatthour,million kilowatthours
2022-08,WNC,West North Central,RES,residential,14.2,11101.41342,cents per kilowatthour,million kilowatthours
2022-07,WNC,West North Central,RES,residential,14.16,11616.51036,cents per kilowatthour,million kilowatthours
2022-06,WNC,West North Central,RES,residential,13.95,9561.2068,cents per kilowatthour,million kilowatthours
2022-05,WNC,West North Central,RES,residential,12.87,7634.22045,cents per kilowatthour,million kilowatthours
2022-04,WNC,West North Central,RES,residential,12.19,7391.14917,cents per kilowatthour,million kilowatthours
2022-03,WNC,West North Central,RES,residential,11.64,8869.58737,cents per kilowatthour,million kilowatthours
2022-02,WNC,West North Central,RES,residential,10.98,10124.90517,cents per kilowatthour,million kilowatthours
2022-01,WNC,West North Central,RES,residential,10.83,11487.31579,cents per kilowatthour,million kilowatthours
2021-12,WNC,West North Central,RES,residential,11.39,9235.75113,cents per kilowatthour,million kilowatthours
2021-11,WNC,West North Central,RES,residential,12.01,7486.83477,cents per kilowatthour,million kilowatthours
2021-10,WNC,West North Central,RES,residential,12.39,7090.64895,cents per kilowatthour,million kilowatthours
2021-09,WNC,West North Central,RES,residential,13.24,8713.56161,cents per kilowatthour,million kilowatthours
2021-08,WNC,West North Central,RES,residential,13.3,11082.01285,cents per kilowatthour,million kilowatthours
2021-07,WNC,West North Central,RES,residential,13.3,10963.87789,cents per kilowatthour,million kilowatthours
2021-06,WNC,West North Central,RES,residential,13.32,9710.67582,cents per kilowatthour,million kilowatthours
2021-05,WNC,West North Central,RES,residential,12.58,6869.87649,cents per kilowatthour,million kilowatthours
2021-04,WNC,West North Central,RES,residential,12.13,6900.70558,cents per kilowatthour,million kilowatthours
2021-03,WNC,West North Central,RES,residential,11.34,8499.90055,cents per kilowatthour,million kilowatthours
2021-02,WNC,West North Central,RES,residential,10.76,10690.20531,cents per kilowatthour,million kilowatthours
2021-01,WNC,West North Central,RES,residential,10.57,10516.31208,cents per kilowatthour,million kilowatthours
