Capstone 3/eia_energy_data.csv
period,stateid,stateDescription,sectorid,sectorName,price,sales,price-units,sales-units
2024-05,ENC,East North Central,RES,residential,17.07,13596.32177,cents per kilowatthour,million kilowatthours
2024-04,ENC,East North Central,RES,residential,17.02,12257.96362,cents per kilowatthour,million kilowatthours
2024-03,ENC,East North Central,RES,residential,16.48,13616.19574,cents per kilowatthour,million kilowatthours
2024-02,ENC,East North Central,RES,residential,16.06,14930.93162,cents per kilowatthour,million kilowatthours
2024-01,ENC,East North Central,RES,residential,15.65,18530.3243,cents per kilowatthour,million kilowatthours
2023-12,ENC,East North Central,RES,residential,15.95,15593.56189,cents per kilowatthour,million kilowatthours
2023-11,ENC,East North Central,RES,residential,16.2,13450.00712,cents per kilowatthour,million kilowatthours
2023-10,ENC,East North Central,RES,residential,16.55,12654.96829,cents per kilowatthour,million kilowatthours
2023-09,ENC,East North Central,RES,residential,16.02,14672.91768,cents per kilowatthour,million kilowatthours
2023-08,ENC,East North Central,RES,residential,15.76,18420.17616,cents per kilowatthour,million kilowatthours
2023-07,ENC,East North Central,RES,residential,16.13,19392.84344,cents per kilowatthour,million kilowatthours
2023-06,ENC,East North Central,RES,residential,16.38,15094.8933,cents per kilowatthour,million kilowatthours
2023-05,ENC,East North Central,RES,residential,16.85,12446.01479,cents per kilowatthour,million kilowatthours
2023-04,ENC,East North Central,RES,residential,16.55,12241.74206,cents per kilowatthour,million kilowatthours
2023-03,ENC,East North Central,RES,residential,16.43,14889.88648,cents per kilowatthour,million kilowatthours
2023-02,ENC,East North Central,RES,residential,16.25,14631.39514,cents per kilowatthour,million kilowatthours
2023-01,ENC,East North Central,RES,residential,15.78,17008.14219,cents per kilowatthour,million kilowatthours
2022-12,ENC,East North Central,RES,residential,15.5,17648.40049,cents per kilowatthour,million kilowatthours
2022-11,ENC,East North Central,RES,residential,16.16,13416.58357,cents per kilowatthour,million kilowatthours
2022-10,ENC,East North Central,RES,residential,16.57,11878.44395,cents per kilowatthour,million kilowatthours
2022-09,ENC,East North Central,RES,residential,16.2,14729.91375,cents per kilowatthour,million kilowatthours
2022-08,ENC,East North Central,RES,residential,16.07,19424.87636,cents per kilowatthour,million kilowatthours
2022-07,ENC,East North Central,RES,residential,15.82,20474.22769,cents per kilowatthour,million kilowatthours
2022-06,ENC,East North Central,RES,residential,15.8,17117.123,cents per kilowatthour,million kilowatthours
2022-05,ENC,East North Central,RES,residential,15.29,13750.35883,cents per kilowatthour,million kilowatthours
2022-04,ENC,East North Central,RES,residential,14.92,12717.49589,cents per kilowatthour,million kilowatthours
2022-03,ENC,East North Central,RES,residential,14.56,14881.57622,cents per kilowatthour,million kilowatthours
2022-02,ENC,East North Central,RES,residential,14.05,16646.10989,cents per kilowatthour,million kilowatthours
2022-01,ENC,East North Central,RES,residential,13.8,19087.69842,cents per kilowatthour,million kilowatthours
2021-12,ENC,East North Central,RES,residential,14.09,16058.04708,cents per kilowatthour,million kilowatthours
2021-11,ENC,East North Central,RES,residential,14.64,13901.08602,cents per kilowatthour,million kilowatthours
2021-10,ENC,East North Central,RES,residential,14.72,13143.31697,cents per kilowatthour,million kilowatthours
2021-09,ENC,East North Central,RES,residential,14.18,15268.62982,cents per kilowatthour,million kilowatthours
2021-08,ENC,East North Central,RES,residential,14.11,21155.96259,cents per kilowatthour,million kilowatthours
2021-07,ENC,East North Central,RES,residential,14.08,19679.47903,cents per kilowatthour,million kilowatthours
2021-06,ENC,East North Central,RES,residential,14.27,17782.26916,cents per kilowatthour,million kilowatthours
2021-05,ENC,East North Central,RES,residential,14.68,12972.64782,cents per kilowatthour,million kilowatthours
2021-04,ENC,East North Central,RES,residential,14.49,12220.63255,cents per kilowatthour,million kilowatthours
2021-03,ENC,East North Central,RES,residential,13.96,14423.60016,cents per kilowatthour,million kilowatthours
2021-02,ENC,East North Central,RES,residential,13.07,17545.62076,cents per kilowatthour,million kilowatthours
2021-01,ENC,East North Central,RES,residential,13.14,18037.08604,cents per kilowatthour,million kilowatthours
2024-05,MAT,Middle Atlantic,RES,residential,20.02,10207.89447,cents per kilowatthour,million kilowatthours
2024-04,MAT,Middle Atlantic,RES,residential,19.78,10131.72775,cents per kilowatthour,million kilowatthours
2024-03,MAT,Middle Atlantic,RES,residential,19.72,11145.46574,cents per kilowatthour,million kilowatthours
2024-02,MAT,Middle Atlantic,RES,residential,19.59,12319.78051,cents per kilowatthour,million kilowatthours
2024-01,MAT,Middle Atlantic,RES,residential,19.61,12689.83599,cents per kilowatthour,million kilowatthours
2023-12,MAT,Middle Atlantic,RES,residential,19.41,11513.21089,cents per kilowatthour,million kilowatthours
2023-11,MAT,Middle Atlantic,RES,residential,19.81,9633.82731,cents per kilowatthour,million kilowatthours
2023-10,MAT,Middle Atlantic,RES,residential,19.71,9069.14492,cents per kilowatthour,million kilowatthours
2023-09,MAT,Middle Atlantic,RES,residential,20.15,11527.60453,cents per kilowatthour,million kilowatthours
2023-08,MAT,Middle Atlantic,RES,residential,19.76,13738.13297,cents per kilowatthour,million kilowatthours
2023-07,MAT,Middle Atlantic,RES,residential,19.73,14872.73072,cents per kilowatthour,million kilowatthours
2023-06,MAT,Middle Atlantic,RES,residential,19.61,10149.93773,cents per kilowatthour,million kilowatthours
2023-05,MAT,Middle Atlantic,RES,residential,18.96,8695.56986,cents per kilowatthour,million kilowatthours
2023-04,MAT,Middle Atlantic,RES,residential,18.74,8694.6008,cents per kilowatthour,million kilowatthours
2023-03,MAT,Middle Atlantic,RES,residential,19.09,10577.43441,cents per kilowatthour,million kilowatthours
2023-02,MAT,Middle Atlantic,RES,residential,20.09,10629.1429,cents per kilowatthour,million kilowatthours
2023-01,MAT,Middle Atlantic,RES,residential,19.88,12066.07694,cents per kilowatthour,million kilowatthours
2022-12,MAT,Middle Atlantic,RES,residential,19.29,12210.67964,cents per kilowatthour,million kilowatthours
2022-11,MAT,Middle Atlantic,RES,residential,19.47,9295.70555,cents per kilowatthour,million kilowatthours
2022-10,MAT,Middle Atlantic,RES,residential,19.61,8789.60719,cents per kilowatthour,million kilowatthours
2022-09,MAT,Middle Atlantic,RES,residential,19.85,11629.27933,cents per kilowatthour,million kilowatthours
2022-08,MAT,Middle Atlantic,RES,residential,18.43,15597.41091,cents per kilowatthour,million kilowatthours
2022-07,MAT,Middle Atlantic,RES,residential,18.64,15302.24812,cents per kilowatthour,million kilowatthours
2022-06,MAT,Middle Atlantic,RES,residential,18.78,11433.85216,cents per kilowatthour,million kilowatthours
2022-05,MAT,Middle Atlantic,RES,residential,18.1,9380.27622,cents per kilowatthour,million kilowatthours
2022-04,MAT,Middle Atlantic,RES,residential,17.66,9125.58369,cents per kilowatthour,million kilowatthours
2022-03,MAT,Middle Atlantic,RES,residential,17.39,10626.4126,cents per kilowatthour,million kilowatthours
2022-02,MAT,Middle Atlantic,RES,residential,17.31,11735.78452,cents per kilowatthour,million kilowatthours
2022-01,MAT,Middle Atlantic,RES,residential,16.93,13575.98322,cents per kilowatthour,million kilowatthours
2021-12,MAT,Middle Atlantic,RES,residential,16.6,11441.42927,cents per kilowatthour,million kilowatthours
2021-11,MAT,Middle Atlantic,RES,residential,16.72,9731.66357,cents per kilowatthour,million kilowatthours
2021-10,MAT,Middle Atlantic,RES,residential,17.31,9235.52916,cents per kilowatthour,million kilowatthours
2021-09,MAT,Middle Atlantic,RES,residential,17.19,11992.8081,cents per kilowatthour,million kilowatthours
2021-08,MAT,Middle Atlantic,RES,residential,16.89,14960.86576,cents per kilowatthour,million kilowatthours
2021-07,MAT,Middle Atlantic,RES,residential,16.75,14752.80169,cents per kilowatthour,million kilowatthours
2021-06,MAT,Middle Atlantic,RES,residential,16.65,12332.02936,cents per kilowatthour,million kilowatthours
2021-05,MAT,Middle Atlantic,RES,residential,16.6,9033.84314,cents per kilowatthour,million kilowatthours
2021-04,MAT,Middle Atlantic,RES,residential,16.18,8869.65678,cents per kilowatthour,million kilowatthours
2021-03,MAT,Middle Atlantic,RES,residential,15.58,10873.97182,cents per kilowatthour,million kilowatthours
2021-02,MAT,Middle Atlantic,RES,residential,15.8,11914.68061,cents per kilowatthour,million kilowatthours
2021-01,MAT,Middle Atlantic,RES,residential,15.56,13053.14973,cents per kilowatthour,million kilowatthours
2024-05,NEW,New England,RES,residential,26.4,3402.26578,cents per kilowatthour,million kilowatthours
2024-04,NEW,New England,RES,residential,27.31,3506.85155,cents per kilowatthour,million kilowatthours
2024-03,NEW,New England,RES,residential,27.6,3911.43442,cents per kilowatthour,million kilowatthours
2024-02,NEW,New England,RES,residential,27.99,4153.94574,cents per kilowatthour,million kilowatthours
2024-01,NEW,New England,RES,residential,27.32,4603.39107,cents per kilowatthour,million kilowatthours
2023-12,NEW,New England,RES,residential,27.51,4054.41075,cents per kilowatthour,million kilowatthours
2023-11,NEW,New England,RES,residential,27.55,3521.47541,cents per kilowatthour,million kilowatthours
2023-10,NEW,New England,RES,residential,28.16,3257.52324,cents per kilowatthour,million kilowatthours
2023-09,NEW,New England,RES,residential,27.44,4063.08458,cents per kilowatthour,million kilowatthours
2023-08,NEW,New England,RES,residential,27.16,4671.97763,cents per kilowatthour,million kilowatthours
2023-07,NEW,New England,RES,residential,26.97,4989.06061,cents per kilowatthour,million kilowatthours
2023-06,NEW,New England,RES,residential,28.36,3439.86172,cents per kilowatthour,million kilowatthours
2023-05,NEW,New England,RES,residential,29.35,3086.56527,cents per kilowatthour,million kilowatthours
2023-04,NEW,New England,RES,residential,31.1,3232.61121,cents per kilowatthour,million kilowatthours
2023-03,NEW,New England,RES,residential,31.12,3855.05755,cents per kilowatthour,million kilowatthours
2023-02,NEW,New England,RES,residential,31.13,3974.81054,cents per kilowatthour,million kilowatthours
2023-01,NEW,New England,RES,residential,29.8,4400.16244,cents per kilowatthour,million kilowatthours
2022-12,NEW,New England,RES,residential,26.96,4183.59656,cents per kilowatthour,million kilowatthours
2022-11,NEW,New England,RES,residential,26.21,3392.63113,cents per kilowatthour,million kilowatthours
2022-10,NEW,New England,RES,residential,25.58,3286.13623,cents per kilowatthour,million kilowatthours
2022-09,NEW,New England,RES,residential,27.32,3914.82009,cents per kilowatthour,million kilowatthours
2022-08,NEW,New England,RES,residential,25.44,5187.44364,cents per kilowatthour,million kilowatthours
2022-07,NEW,New England,RES,residential,21.68,4839.42458,cents per kilowatthour,million kilowatthours
2022-06,NEW,New England,RES,residential,24.46,3609.50345,cents per kilowatthour,million kilowatthours
2022-05,NEW,New England,RES,residential,23.73,3411.91639,cents per kilowatthour,million kilowatthours
2022-04,NEW,New England,RES,residential,24.43,3510.25519,cents per kilowatthour,million kilowatthours
2022-03,NEW,New England,RES,residential,24.47,3977.74558,cents per kilowatthour,million kilowatthours
2022-02,NEW,New England,RES,residential,24.6,4305.40236,cents per kilowatthour,million kilowatthours
2022-01,NEW,New England,RES,residential,22.8,4832.90483,cents per kilowatthour,million kilowatthours
2021-12,NEW,New England,RES,residential,22.07,4191.11124,cents per kilowatthour,million kilowatthours
2021-11,NEW,New England,RES,residential,21.87,3468.88576,cents per kilowatthour,million kilowatthours
2021-10,NEW,New England,RES,residential,21.9,3325.85967,cents per kilowatthour,million kilowatthours
2021-09,NEW,New England,RES,residential,22.22,4291.34081,cents per kilowatthour,million kilowatthours
2021-08,NEW,New England,RES,residential,20.85,4962.84097,cents per kilowatthour,million kilowatthours
2021-07,NEW,New England,RES,residential,21.37,4660.65355,cents per kilowatthour,million kilowatthours
2021-06,NEW,New England,RES,residential,20.7,4251.04496,cents per kilowatthour,million kilowatthours
2021-05,NEW,New England,RES,residential,21.34,3194.40301,cents per kilowatthour,million kilowatthours
2021-04,NEW,New England,RES,residential,22.1,3349.36286,cents per kilowatthour,million kilowatthours
2021-03,NEW,New England,RES,residential,21.62,3935.91274,cents per kilowatthour,million kilowatthours
2021-02,NEW,New England,RES,residential,21.53,4296.57279,cents per kilowatthour,million kilowatthours
2021-01,NEW,New England,RES,residential,20.99,4669.60765,cents per kilowatthour,million kilowatthours
2024-05,WY,Wyoming,RES,residential,12.81,202.4414,cents per kilowatthour,million kilowatthours
2024-04,WY,Wyoming,RES,residential,12.2,228.84192,cents per kilowatthour,million kilowatthours
2024-03,WY,Wyoming,RES,residential,11.68,279.34079,cents per kilowatthour,million kilowatthours
2024-02,WY,Wyoming,RES,residential,11.47,293.14636,cents per kilowatthour,million kilowatthours
2024-01,WY,Wyoming,RES,residential,10.86,371.97937,cents per kilowatthour,million kilowatthours
2023-12,WY,Wyoming,RES,residential,11.21,294.12113,cents per kilowatthour,million kilowatthours
2023-11,WY,Wyoming,RES,residential,11.56,237.80279,cents per kilowatthour,million kilowatthours
2023-10,WY,Wyoming,RES,residential,12.47,197.34496,cents per kilowatthour,million kilowatthours
2023-09,WY,Wyoming,RES,residential,12.64,183.94514,cents per kilowatthour,million kilowatthours
2023-08,WY,Wyoming,RES,residential,12.44,216.85592,cents per kilowatthour,million kilowatthours
2023-07,WY,Wyoming,RES,residential,12.41,217.62561,cents per kilowatthour,million kilowatthours
2023-06,WY,Wyoming,RES,residential,12.62,184.74794,cents per kilowatthour,million kilowatthours
2023-05,WY,Wyoming,RES,residential,11.93,199.82916,cents per kilowatthour,million kilowatthours
2023-04,WY,Wyoming,RES,residential,11.21,252.92632,cents per kilowatthour,million kilowatthours
2023-03,WY,Wyoming,RES,residential,10.62,317.69766,cents per kilowatthour,million kilowatthours
2023-02,WY,Wyoming,RES,residential,10.3,313.40188,cents per kilowatthour,million kilowatthours
2023-01,WY,Wyoming,RES,residential,10.28,356.2486,cents per kilowatthour,million kilowatthours
2022-12,WY,Wyoming,RES,residential,10.38,347.86306,cents per kilowatthour,million kilowatthours
2022-11,WY,Wyoming,RES,residential,11.05,261.37769,cents per kilowatthour,million kilowatthours
2022-10,WY,Wyoming,RES,residential,12,183.94483,cents per kilowatthour,million kilowatthours
2022-09,WY,Wyoming,RES,residential,11.94,189.02502,cents per kilowatthour,million kilowatthours
2022-08,WY,Wyoming,RES,residential,11.89,228.53942,cents per kilowatthour,million kilowatthours
2022-07,WY,Wyoming,RES,residential,11.8,238.30112,cents per kilowatthour,million kilowatthours
2022-06,WY,Wyoming,RES,residential,11.74,199.90641,cents per kilowatthour,million kilowatthours
2022-05,WY,Wyoming,RES,residential,11.5,207.09626,cents per kilowatthour,million kilowatthours
2022-04,WY,Wyoming,RES,residential,11.05,236.2325,cents per kilowatthour,million kilowatthours
2022-03,WY,Wyoming,RES,residential,10.67,277.03074,cents per kilowatthour,million kilowatthours
2022-02,WY,Wyoming,RES,residential,10.31,307.56882,cents per kilowatthour,million kilowatthours
2022-01,WY,Wyoming,RES,residential,10.27,331.79415,cents per kilowatthour,million kilowatthours
2021-12,WY,Wyoming,RES,residential,10.6,298.27335,cents per kilowatthour,million kilowatthours
2021-11,WY,Wyoming,RES,residential,10.93,236.78066,cents per kilowatthour,million kilowatthours
2021-10,WY,Wyoming,RES,residential,11.66,190.625,cents per kilowatthour,million kilowatthours
2021-09,WY,Wyoming,RES,residential,12.01,183.93036,cents per kilowatthour,million kilowatthours
2021-08,WY,Wyoming,RES,residential,11.61,216.82704,cents per kilowatthour,million kilowatthours
2021-07,WY,Wyoming,RES,residential,11.69,234.91021,cents per kilowatthour,million kilowatthours
2021-06,WY,Wyoming,RES,residential,12.03,217.83346,cents per kilowatthour,million kilowatthours
2021-05,WY,Wyoming,RES,residential,11.41,193.09073,cents per kilowatthour,million kilowatthours
2021-04,WY,Wyoming,RES,residential,11.08,227.80512,cents per kilowatthour,million kilowatthours
2021-03,WY,Wyoming,RES,residential,10.76,276.98012,cents per kilowatthour,million kilowatthours
2021-02,WY,Wyoming,RES,residential,10.84,303.39144,cents per kilowatthour,million kilowatthours
2021-01,WY,Wyoming,RES,residential,10.44,317.05053,cents per kilowatthour,million kilowatthours
