Capstone 3/eia_energy_data.csv
period,stateid,stateDescription,sectorid,sectorName,price,sales,price-units,sales-units
2024-05,WI,Wisconsin,RES,residential,17.82,1534.25622,cents per kilowatthour,million kilowatthours
2024-04,WI,Wisconsin,RES,residential,17.31,1558.14975,cents per kilowatthour,million kilowatthours
2024-03,WI,Wisconsin,RES,residential,16.96,1748.39731,cents per kilowatthour,million kilowatthours
2024-02,WI,Wisconsin,RES,residential,16.93,1755.00022,cents per kilowatthour,million kilowatthours
2024-01,WI,Wisconsin,RES,residential,16.46,2202.54834,cents per kilowatthour,million kilowatthours
2023-12,WI,Wisconsin,RES,residential,16.48,1987.50049,cents per kilowatthour,million kilowatthours
2023-11,WI,Wisconsin,RES,residential,16.75,1687.54373,cents per kilowatthour,million kilowatthours
2023-10,WI,Wisconsin,RES,residential,17.05,1591.77899,cents per kilowatthour,million kilowatthours
2023-09,WI,Wisconsin,RES,residential,17.32,1728.50363,cents per kilowatthour,million kilowatthours
2023-08,WI,Wisconsin,RES,residential,17.1,2205.53465,cents per kilowatthour,million kilowatthours
2023-07,WI,Wisconsin,RES,residential,16.94,2254.82716,cents per kilowatthour,million kilowatthours
2023-06,WI,Wisconsin,RES,residential,17.06,1893.89007,cents per kilowatthour,million kilowatthours
2023-05,WI,Wisconsin,RES,residential,17.33,1535.03322,cents per kilowatthour,million kilowatthours
2023-04,WI,Wisconsin,RES,residential,16.87,1626.20989,cents per kilowatthour,million kilowatthours
2023-03,WI,Wisconsin,RES,residential,16.34,1904.75831,cents per kilowatthour,million kilowatthours
2023-02,WI,Wisconsin,RES,residential,16.21,1869.92816,cents per kilowatthour,million kilowatthours
2023-01,WI,Wisconsin,RES,residential,16.05,2110.89556,cents per kilowatthour,million kilowatthours
2022-12,WI,Wisconsin,RES,residential,15.01,2202.26837,cents per kilowatthour,million kilowatthours
2022-11,WI,Wisconsin,RES,residential,15.72,1703.614,cents per kilowatthour,million kilowatthours
2022-10,WI,Wisconsin,RES,residential,16.24,1510.33004,cents per kilowatthour,million kilowatthours
2022-09,WI,Wisconsin,RES,residential,16.42,1732.58959,cents per kilowatthour,million kilowatthours
2022-08,WI,Wisconsin,RES,residential,15.72,2142.45592,cents per kilowatthour,million kilowatthours
2022-07,WI,Wisconsin,RES,residential,15.66,2267.7518,cents per kilowatthour,million kilowatthours
2022-06,WI,Wisconsin,RES,residential,16.2,1938.92423,cents per kilowatthour,million kilowatthours
2022-05,WI,Wisconsin,RES,residential,16.13,1648.67712,cents per kilowatthour,million kilowatthours
2022-04,WI,Wisconsin,RES,residential,15.51,1641.92289,cents per kilowatthour,million kilowatthours
2022-03,WI,Wisconsin,RES,residential,15.32,1856.23322,cents per kilowatthour,million kilowatthours
2022-02,WI,Wisconsin,RES,residential,15.1,1950.82252,cents per kilowatthour,million kilowatthours
2022-01,WI,Wisconsin,RES,residential,14.95,2292.33836,cents per kilowatthour,million kilowatthours
2021-12,WI,Wisconsin,RES,residential,14.2,2031.7394,cents per kilowatthour,million kilowatthours
2021-11,WI,Wisconsin,RES,residential,14.7,1692.85361,cents per kilowatthour,million kilowatthours
2021-10,WI,Wisconsin,RES,residential,14.92,1606.31103,cents per kilowatthour,million kilowatthours
2021-09,WI,Wisconsin,RES,residential,14.99,1697.739,cents per kilowatthour,million kilowatthours
2021-08,WI,Wisconsin,RES,residential,14.44,2333.12605,cents per kilowatthour,million kilowatthours
2021-07,WI,Wisconsin,RES,residential,14.54,2315.6941,cents per kilowatthour,million kilowatthours
2021-06,WI,Wisconsin,RES,residential,14.68,2114.67504,cents per kilowatthour,million kilowatthours
2021-05,WI,Wisconsin,RES,residential,15.29,1573.75209,cents per kilowatthour,million kilowatthours
2021-04,WI,Wisconsin,RES,residential,14.59,1542.58223,cents per kilowatthour,million kilowatthours
2021-03,WI,Wisconsin,RES,residential,14.32,1800.94462,cents per kilowatthour,million kilowatthours
2021-02,WI,Wisconsin,RES,residential,13.96,2000.41716,cents per kilowatthour,million kilowatthours
2021-01,WI,Wisconsin,RES,residential,14.03,2154.21267,cents per kilowatthour,million kilowatthours
2024-05,WV,West Virginia,RES,residential,15.98,683.87592,cents per kilowatthour,million kilowatthours
2024-04,WV,West Virginia,RES,residential,15.56,679.63232,cents per kilowatthour,million kilowatthours
2024-03,WV,West Virginia,RES,residential,15.31,864.87591,cents per kilowatthour,million kilowatthours
2024-02,WV,West Virginia,RES,residential,13.98,1007.33126,cents per kilowatthour,million kilowatthours
2024-01,WV,West Virginia,RES,residential,13.64,1301.739,cents per kilowatthour,million kilowatthours
2023-12,WV,West Virginia,RES,residential,13.37,1114.99961,cents per kilowatthour,million kilowatthours
2023-11,WV,West Virginia,RES,residential,14.44,851.36127,cents per kilowatthour,million kilowatthours
2023-10,WV,West Virginia,RES,residential,15.07,658.11956,cents per kilowatthour,million kilowatthours
2023-09,WV,West Virginia,RES,residential,14.38,706.72806,cents per kilowatthour,million kilowatthours
2023-08,WV,West Virginia,RES,residential,14.23,917.67053,cents per kilowatthour,million kilowatthours
2023-07,WV,West Virginia,RES,residential,14.1,932.31918,cents per kilowatthour,million kilowatthours
2023-06,WV,West Virginia,RES,residential,14.47,667.74399,cents per kilowatthour,million kilowatthours
2023-05,WV,West Virginia,RES,residential,14.63,665.79433,cents per kilowatthour,million kilowatthours
2023-04,WV,West Virginia,RES,residential,14.41,690.57678,cents per kilowatthour,million kilowatthours
2023-03,WV,West Virginia,RES,residential,14.25,958.36758,cents per kilowatthour,million kilowatthours
2023-02,WV,West Virginia,RES,residential,13.57,933.82954,cents per kilowatthour,million kilowatthours
2023-01,WV,West Virginia,RES,residential,13.09,1139.16993,cents per kilowatthour,million kilowatthours
2022-12,WV,West Virginia,RES,residential,12.75,1269.90954,cents per kilowatthour,million kilowatthours
2022-11,WV,West Virginia,RES,residential,13.83,861.93562,cents per kilowatthour,million kilowatthours
2022-10,WV,West Virginia,RES,residential,14.38,693.75457,cents per kilowatthour,million kilowatthours
2022-09,WV,West Virginia,RES,residential,14.03,699.85896,cents per kilowatthour,million kilowatthours
2022-08,WV,West Virginia,RES,residential,13.83,951.77036,cents per kilowatthour,million kilowatthours
2022-07,WV,West Virginia,RES,residential,13.74,953.00238,cents per kilowatthour,million kilowatthours
2022-06,WV,West Virginia,RES,residential,13.73,812.67283,cents per kilowatthour,million kilowatthours
2022-05,WV,West Virginia,RES,residential,13.96,700.52061,cents per kilowatthour,million kilowatthours
2022-04,WV,West Virginia,RES,residential,13.22,733.17876,cents per kilowatthour,million kilowatthours
2022-03,WV,West Virginia,RES,residential,13.32,928.09819,cents per kilowatthour,million kilowatthours
2022-02,WV,West Virginia,RES,residential,11.9,1139.28548,cents per kilowatthour,million kilowatthours
2022-01,WV,West Virginia,RES,residential,11.93,1392.98271,cents per kilowatthour,million kilowatthours
2021-12,WV,West Virginia,RES,residential,11.82,1065.04357,cents per kilowatthour,million kilowatthours
2021-11,WV,West Virginia,RES,residential,12.89,904.50657,cents per kilowatthour,million kilowatthours
2021-10,WV,West Virginia,RES,residential,13.66,661.77129,cents per kilowatthour,million kilowatthours
2021-09,WV,West Virginia,RES,residential,12.7,754.54513,cents per kilowatthour,million kilowatthours
2021-08,WV,West Virginia,RES,residential,12.21,963.80918,cents per kilowatthour,million kilowatthours
2021-07,WV,West Virginia,RES,residential,12.1,977.59959,cents per kilowatthour,million kilowatthours
2021-06,WV,West Virginia,RES,residential,12.21,814.2853,cents per kilowatthour,million kilowatthours
2021-05,WV,West Virginia,RES,residential,12.56,711.47879,cents per kilowatthour,million kilowatthours
2021-04,WV,West Virginia,RES,residential,12.42,693.61459,cents per kilowatthour,million kilowatthours
2021-03,WV,West Virginia,RES,residential,12.49,960.88851,cents per kilowatthour,million kilowatthours
2021-02,WV,West Virginia,RES,residential,11.1,1196.8028,cents per kilowatthour,million kilowatthours
2021-01,WV,West Virginia,RES,residential,11.19,1346.3597,cents per kilowatthour,million kilowatthours
2024-05,WA,Washington,RES,residential,12.16,2717.95922,cents per kilowatthour,million kilowatthours
2024-04,WA,Washington,RES,residential,11.84,3039.77756,cents per kilowatthour,million kilowatthours
2024-03,WA,Washington,RES,residential,11.72,3665.23787,cents per kilowatthour,million kilowatthours
2024-02,WA,Washington,RES,residential,11.4,3807.3812,cents per kilowatthour,million kilowatthours
2024-01,WA,Washington,RES,residential,11.09,4673.01713,cents per kilowatthour,million kilowatthours
2023-12,WA,Washington,RES,residential,11,3970.38325,cents per kilowatthour,million kilowatthours
2023-11,WA,Washington,RES,residential,11.08,3295.59543,cents per kilowatthour,million kilowatthours
2023-10,WA,Washington,RES,residential,11.34,2645.44713,cents per kilowatthour,million kilowatthours
2023-09,WA,Washington,RES,residential,11.38,2386.98612,cents per kilowatthour,million kilowatthours
2023-08,WA,Washington,RES,residential,11.14,2840.54994,cents per kilowatthour,million kilowatthours
2023-07,WA,Washington,RES,residential,11.16,2704.19013,cents per kilowatthour,million kilowatthours
2023-06,WA,Washington,RES,residential,11.21,2477.31596,cents per kilowatthour,million kilowatthours
2023-05,WA,Washington,RES,residential,11.17,2748.13019,cents per kilowatthour,million kilowatthours
2023-04,WA,Washington,RES,residential,10.95,3251.99882,cents per kilowatthour,million kilowatthours
2023-03,WA,Washington,RES,residential,10.78,4109.21849,cents per kilowatthour,million kilowatthours
2023-02,WA,Washington,RES,residential,10.7,3908.649,cents per kilowatthour,million kilowatthours
2023-01,WA,Washington,RES,residential,10.48,4448.54331,cents per kilowatthour,million kilowatthours
2022-12,WA,Washington,RES,residential,10.04,4556.40671,cents per kilowatthour,million kilowatthours
2022-11,WA,Washington,RES,residential,10.34,3499.07139,cents per kilowatthour,million kilowatthours
2022-10,WA,Washington,RES,residential,10.62,2446.59776,cents per kilowatthour,million kilowatthours
2022-09,WA,Washington,RES,residential,10.6,2498.62526,cents per kilowatthour,million kilowatthours
2022-08,WA,Washington,RES,residential,10.41,2987.80951,cents per kilowatthour,million kilowatthours
2022-07,WA,Washington,RES,residential,10.45,2820.20053,cents per kilowatthour,million kilowatthours
2022-06,WA,Washington,RES,residential,10.52,2560.68366,cents per kilowatthour,million kilowatthours
2022-05,WA,Washington,RES,residential,10.37,2826.1028,cents per kilowatthour,million kilowatthours
2022-04,WA,Washington,RES,residential,10.14,3286.47131,cents per kilowatthour,million kilowatthours
2022-03,WA,Washington,RES,residential,10.14,3842.13643,cents per kilowatthour,million kilowatthours
2022-02,WA,Washington,RES,residential,10.04,3880.36589,cents per kilowatthour,million kilowatthours
2022-01,WA,Washington,RES,residential,9.94,4571.37776,cents per kilowatthour,million kilowatthours
2021-12,WA,Washington,RES,residential,10.09,4254.51644,cents per kilowatthour,million kilowatthours
2021-11,WA,Washington,RES,residential,10.22,3083.41241,cents per kilowatthour,million kilowatthours
2021-10,WA,Washington,RES,residential,10.39,2642.2177,cents per kilowatthour,million kilowatthours
2021-09,WA,Washington,RES,residential,10.41,2395.71725,cents per kilowatthour,million kilowatthours
2021-08,WA,Washington,RES,residential,10.29,2750.15139,cents per kilowatthour,million kilowatthours
2021-07,WA,Washington,RES,residential,10.26,2813.08805,cents per kilowatthour,million kilowatthours
2021-06,WA,Washington,RES,residential,10.15,2717.3035,cents per kilowatthour,million kilowatthours
2021-05,WA,Washington,RES,residential,10.21,2554.68246,cents per kilowatthour,million kilowatthours
2021-04,WA,Washington,RES,residential,10.14,2980.9267,cents per kilowatthour,million kilowatthours
2021-03,WA,Washington,RES,residential,9.97,3902.32671,cents per kilowatthour,million kilowatthours
2021-02,WA,Washington,RES,residential,9.81,3940.53561,cents per kilowatthour,million kilowatthours
2021-01,WA,Washington,RES,residential,9.77,3986.35478,cents per kilowatthour,million kilowatthours
2024-05,VA,Virginia,RES,residential,15.02,3108.71274,cents per kilowatthour,million kilowatthours
2024-04,VA,Virginia,RES,residential,14.99,2781.59753,cents per kilowatthour,million kilowatthours
2024-03,VA,Virginia,RES,residential,14.72,3379.00753,cents per kilowatthour,million kilowatthours
2024-02,VA,Virginia,RES,residential,13.97,4026.30662,cents per kilowatthour,million kilowatthours
2024-01,VA,Virginia,RES,residential,13.5,5063.59759,cents per kilowatthour,million kilowatthours
2023-12,VA,Virginia,RES,residential,13.61,4237.24476,cents per kilowatthour,million kilowatthours
2023-11,VA,Virginia,RES,residential,13.99,3426.23105,cents per kilowatthour,million kilowatthours
2023-10,VA,Virginia,RES,residential,14.27,2836.65108,cents per kilowatthour,million kilowatthours
2023-09,VA,Virginia,RES,residential,14.79,3579.6868,cents per kilowatthour,million kilowatthours
2023-08,VA,Virginia,RES,residential,13.95,4683.15165,cents per kilowatthour,million kilowatthours
2023-07,VA,Virginia,RES,residential,13.97,4470.18,cents per kilowatthour,million kilowatthours
2023-06,VA,Virginia,RES,residential,15.21,3384.34909,cents per kilowatthour,million kilowatthours
2023-05,VA,Virginia,RES,residential,15.27,2619.69184,cents per kilowatthour,million kilowatthours
2023-04,VA,Virginia,RES,residential,14.65,2896.22319,cents per kilowatthour,million kilowatthours
2023-03,VA,Virginia,RES,residential,14.74,3488.2625,cents per kilowatthour,million kilowatthours
2023-02,VA,Virginia,RES,residential,14.4,3611.19506,cents per kilowatthour,million kilowatthours
2023-01,VA,Virginia,RES,residential,14.03,4491.90335,cents per kilowatthour,million kilowatthours
2022-12,VA,Virginia,RES,residential,13.81,4875.5359,cents per kilowatthour,million kilowatthours
2022-11,VA,Virginia,RES,residential,14.32,3246.40451,cents per kilowatthour,million kilowatthours
2022-10,VA,Virginia,RES,residential,14.41,2792.05804,cents per kilowatthour,million kilowatthours
2022-09,VA,Virginia,RES,residential,14.58,3422.42732,cents per kilowatthour,million kilowatthours
2022-08,VA,Virginia,RES,residential,14.14,4510.41723,cents per kilowatthour,million kilowatthours
2022-07,VA,Virginia,RES,residential,14.23,4873.58351,cents per kilowatthour,million kilowatthours
2022-06,VA,Virginia,RES,residential,13.32,3856.94486,cents per kilowatthour,million kilowatthours
2022-05,VA,Virginia,RES,residential,12.82,3118.69741,cents per kilowatthour,million kilowatthours
2022-04,VA,Virginia,RES,residential,12.66,2845.04817,cents per kilowatthour,million kilowatthours
2022-03,VA,Virginia,RES,residential,12.37,3452.69808,cents per kilowatthour,million kilowatthours
2022-02,VA,Virginia,RES,residential,11.93,4617.31016,cents per kilowatthour,million kilowatthours
2022-01,VA,Virginia,RES,residential,11.97,5106.42182,cents per kilowatthour,million kilowatthours
2021-12,VA,Virginia,RES,residential,11.71,4186.47973,cents per kilowatthour,million kilowatthours
2021-11,VA,Virginia,RES,residential,11.81,3363.39905,cents per kilowatthour,million kilowatthours
2021-10,VA,Virginia,RES,residential,12.37,2960.91216,cents per kilowatthour,million kilowatthours
2021-09,VA,Virginia,RES,residential,12.33,3716.74034,cents per kilowatthour,million kilowatthours
2021-08,VA,Virginia,RES,residential,12.71,4528.89398,cents per kilowatthour,million kilowatthours
2021-07,VA,Virginia,RES,residential,12.53,4744.16672,cents per kilowatthour,million kilowatthours
2021-06,VA,Virginia,RES,residential,12.41,3925.04399,cents per kilowatthour,million kilowatthours
2021-05,VA,Virginia,RES,residential,12.06,2955.6173,cents per kilowatthour,million kilowatthours
2021-04,VA,Virginia,RES,residential,12.66,2438.39774,cents per kilowatthour,million kilowatthours
2021-03,VA,Virginia,RES,residential,11.55,3835.62371,cents per kilowatthour,million kilowatthours
2021-02,VA,Virginia,RES,residential,11.24,4729.66487,cents per kilowatthour,million kilowatthours
2021-01,VA,Virginia,RES,residential,10.89,5249.47142,cents per kilowatthour,million kilowatthours
