Capstone 3/eia_energy_data.csv
period,stateid,stateDescription,sectorid,sectorName,price,sales,price-units,sales-units
2024-05,VT,Vermont,RES,residential,22.3,151.17024,cents per kilowatthour,million kilowatthours
2024-04,VT,Vermont,RES,residential,21.85,162.15358,cents per kilowatthour,million kilowatthours
2024-03,VT,Vermont,RES,residential,21.72,188.21425,cents per kilowatthour,million kilowatthours
2024-02,VT,Vermont,RES,residential,21.22,202.41257,cents per kilowatthour,million kilowatthours
2024-01,VT,Vermont,RES,residential,20.98,229.32242,cents per kilowatthour,million kilowatthours
2023-12,VT,Vermont,RES,residential,21.09,209.34637,cents per kilowatthour,million kilowatthours
2023-11,VT,Vermont,RES,residential,21.57,182.4061,cents per kilowatthour,million kilowatthours
2023-10,VT,Vermont,RES,residential,22.11,158.58517,cents per kilowatthour,million kilowatthours
2023-09,VT,Vermont,RES,residential,21.21,166.75222,cents per kilowatthour,million kilowatthours
2023-08,VT,Vermont,RES,residential,20.45,180.20515,cents per kilowatthour,million kilowatthours
2023-07,VT,Vermont,RES,residential,20.44,203.81391,cents per kilowatthour,million kilowatthours
2023-06,VT,Vermont,RES,residential,21,157.98187,cents per kilowatthour,million kilowatthours
2023-05,VT,Vermont,RES,residential,21.03,147.38638,cents per kilowatthour,million kilowatthours
2023-04,VT,Vermont,RES,residential,20.74,157.57083,cents per kilowatthour,million kilowatthours
2023-03,VT,Vermont,RES,residential,20.38,189.53842,cents per kilowatthour,million kilowatthours
2023-02,VT,Vermont,RES,residential,20.27,198.88139,cents per kilowatthour,million kilowatthours
2023-01,VT,Vermont,RES,residential,19.95,214.27621,cents per kilowatthour,million kilowatthours
2022-12,VT,Vermont,RES,residential,19.94,211.11645,cents per kilowatthour,million kilowatthours
2022-11,VT,Vermont,RES,residential,20.74,166.57736,cents per kilowatthour,million kilowatthours
2022-10,VT,Vermont,RES,residential,20.91,153.52891,cents per kilowatthour,million kilowatthours
2022-09,VT,Vermont,RES,residential,20.42,158.29764,cents per kilowatthour,million kilowatthours
2022-08,VT,Vermont,RES,residential,19.85,200.63292,cents per kilowatthour,million kilowatthours
2022-07,VT,Vermont,RES,residential,19.89,193.53785,cents per kilowatthour,million kilowatthours
2022-06,VT,Vermont,RES,residential,20.16,157.79696,cents per kilowatthour,million kilowatthours
2022-05,VT,Vermont,RES,residential,20.25,153.20268,cents per kilowatthour,million kilowatthours
2022-04,VT,Vermont,RES,residential,20.02,158.81874,cents per kilowatthour,million kilowatthours
2022-03,VT,Vermont,RES,residential,19.61,188.08916,cents per kilowatthour,million kilowatthours
2022-02,VT,Vermont,RES,residential,19,206.56574,cents per kilowatthour,million kilowatthours
2022-01,VT,Vermont,RES,residential,19.17,238.5026,cents per kilowatthour,million kilowatthours
2021-12,VT,Vermont,RES,residential,19.58,204.7857,cents per kilowatthour,million kilowatthours
2021-11,VT,Vermont,RES,residential,20.13,171.57618,cents per kilowatthour,million kilowatthours
2021-10,VT,Vermont,RES,residential,20.55,154.54062,cents per kilowatthour,million kilowatthours
2021-09,VT,Vermont,RES,residential,19.54,159.87374,cents per kilowatthour,million kilowatthours
2021-08,VT,Vermont,RES,residential,19.1,202.20421,cents per kilowatthour,million kilowatthours
2021-07,VT,Vermont,RES,residential,18.97,182.24032,cents per kilowatthour,million kilowatthours
2021-06,VT,Vermont,RES,residential,19.34,177.83717,cents per kilowatthour,million kilowatthours
2021-05,VT,Vermont,RES,residential,19.57,150.31239,cents per kilowatthour,million kilowatthours
2021-04,VT,Vermont,RES,residential,19.46,154.69721,cents per kilowatthour,million kilowatthours
2021-03,VT,Vermont,RES,residential,18.71,188.03541,cents per kilowatthour,million kilowatthours
2021-02,VT,Vermont,RES,residential,18.39,205.78224,cents per kilowatthour,million kilowatthours
2021-01,VT,Vermont,RES,residential,18.39,222.60383,cents per kilowatthour,million kilowatthours
2024-05,UT,Utah,RES,residential,11.01,769.59233,cents per kilowatthour,million kilowatthours
2024-04,UT,Utah,RES,residential,11.07,705.84619,cents per kilowatthour,million kilowatthours
2024-03,UT,Utah,RES,residential,11,806.24424,cents per kilowatthour,million kilowatthours
2024-02,UT,Utah,RES,residential,10.99,835.44919,cents per kilowatthour,million kilowatthours
2024-01,UT,Utah,RES,residential,10.85,956.94621,cents per kilowatthour,million kilowatthours
2023-12,UT,Utah,RES,residential,10.86,937.12168,cents per kilowatthour,million kilowatthours
2023-11,UT,Utah,RES,residential,11.03,794.93578,cents per kilowatthour,million kilowatthours
2023-10,UT,Utah,RES,residential,11.22,746.83283,cents per kilowatthour,million kilowatthours
2023-09,UT,Utah,RES,residential,11.85,906.81593,cents per kilowatthour,million kilowatthours
2023-08,UT,Utah,RES,residential,11.67,1262.37331,cents per kilowatthour,million kilowatthours
2023-07,UT,Utah,RES,residential,11.73,1391.04652,cents per kilowatthour,million kilowatthours
2023-06,UT,Utah,RES,residential,11.45,867.38778,cents per kilowatthour,million kilowatthours
2023-05,UT,Utah,RES,residential,10.84,796.02756,cents per kilowatthour,million kilowatthours
2023-04,UT,Utah,RES,residential,10.84,756.21556,cents per kilowatthour,million kilowatthours
2023-03,UT,Utah,RES,residential,10.86,872.06645,cents per kilowatthour,million kilowatthours
2023-02,UT,Utah,RES,residential,10.78,860.19219,cents per kilowatthour,million kilowatthours
2023-01,UT,Utah,RES,residential,10.65,951.88539,cents per kilowatthour,million kilowatthours
2022-12,UT,Utah,RES,residential,10.47,983.35606,cents per kilowatthour,million kilowatthours
2022-11,UT,Utah,RES,residential,10.59,841.64321,cents per kilowatthour,million kilowatthours
2022-10,UT,Utah,RES,residential,10.87,740.20671,cents per kilowatthour,million kilowatthours
2022-09,UT,Utah,RES,residential,11.38,1047.90276,cents per kilowatthour,million kilowatthours
2022-08,UT,Utah,RES,residential,11.33,1294.93514,cents per kilowatthour,million kilowatthours
2022-07,UT,Utah,RES,residential,11.4,1454.0277,cents per kilowatthour,million kilowatthours
2022-06,UT,Utah,RES,residential,11.09,1024.1927,cents per kilowatthour,million kilowatthours
2022-05,UT,Utah,RES,residential,10.48,765.7922,cents per kilowatthour,million kilowatthours
2022-04,UT,Utah,RES,residential,10.52,687.52716,cents per kilowatthour,million kilowatthours
2022-03,UT,Utah,RES,residential,10.45,781.59928,cents per kilowatthour,million kilowatthours
2022-02,UT,Utah,RES,residential,10.49,806.38253,cents per kilowatthour,million kilowatthours
2022-01,UT,Utah,RES,residential,10.21,916.69954,cents per kilowatthour,million kilowatthours
2021-12,UT,Utah,RES,residential,10.15,914.26687,cents per kilowatthour,million kilowatthours
2021-11,UT,Utah,RES,residential,10.21,756.35394,cents per kilowatthour,million kilowatthours
2021-10,UT,Utah,RES,residential,10.46,720.90872,cents per kilowatthour,million kilowatthours
2021-09,UT,Utah,RES,residential,10.9,921.7221,cents per kilowatthour,million kilowatthours
2021-08,UT,Utah,RES,residential,10.94,1173.06844,cents per kilowatthour,million kilowatthours
2021-07,UT,Utah,RES,residential,10.93,1385.67851,cents per kilowatthour,million kilowatthours
2021-06,UT,Utah,RES,residential,10.76,1206.22026,cents per kilowatthour,million kilowatthours
2021-05,UT,Utah,RES,residential,10.03,741.22744,cents per kilowatthour,million kilowatthours
2021-04,UT,Utah,RES,residential,9.99,686.2811,cents per kilowatthour,million kilowatthours
2021-03,UT,Utah,RES,residential,9.98,764.22137,cents per kilowatthour,million kilowatthours
2021-02,UT,Utah,RES,residential,9.98,771.75516,cents per kilowatthour,million kilowatthours
2021-01,UT,Utah,RES,residential,9.98,908.71112,cents per kilowatthour,million kilowatthours
2024-05,TX,Texas,RES,residential,14.74,12605.55786,cents per kilowatthour,million kilowatthours
2024-04,TX,Texas,RES,residential,15.02,9668.77528,cents per kilowatthour,million kilowatthours
2024-03,TX,Texas,RES,residential,14.92,9391.61599,cents per kilowatthour,million kilowatthours
2024-02,TX,Texas,RES,residential,14.31,11457.93792,cents per kilowatthour,million kilowatthours
2024-01,TX,Texas,RES,residential,14.25,14319.33943,cents per kilowatthour,million kilowatthours
2023-12,TX,Texas,RES,residential,14.58,10743.56375,cents per kilowatthour,million kilowatthours
2023-11,TX,Texas,RES,residential,14.6,10014.84718,cents per kilowatthour,million kilowatthours
2023-10,TX,Texas,RES,residential,14.69,13069.21306,cents per kilowatthour,million kilowatthours
2023-09,TX,Texas,RES,residential,14.55,18808.84972,cents per kilowatthour,million kilowatthours
2023-08,TX,Texas,RES,residential,14.01,22180.48784,cents per kilowatthour,million kilowatthours
2023-07,TX,Texas,RES,residential,13.8,20218.44032,cents per kilowatthour,million kilowatthours
2023-06,TX,Texas,RES,residential,14.22,15681.56469,cents per kilowatthour,million kilowatthours
2023-05,TX,Texas,RES,residential,14.51,11277.06317,cents per kilowatthour,million kilowatthours
2023-04,TX,Texas,RES,residential,14.19,9393.1235,cents per kilowatthour,million kilowatthours
2023-03,TX,Texas,RES,residential,14.45,10343.26568,cents per kilowatthour,million kilowatthours
2023-02,TX,Texas,RES,residential,14.64,11440.52254,cents per kilowatthour,million kilowatthours
2023-01,TX,Texas,RES,residential,14.19,12746.24637,cents per kilowatthour,million kilowatthours
2022-12,TX,Texas,RES,residential,14.49,12631.77294,cents per kilowatthour,million kilowatthours
2022-11,TX,Texas,RES,residential,15.01,10252.12475,cents per kilowatthour,million kilowatthours
2022-10,TX,Texas,RES,residential,14.94,12038.37318,cents per kilowatthour,million kilowatthours
2022-09,TX,Texas,RES,residential,14.75,15999.69242,cents per kilowatthour,million kilowatthours
2022-08,TX,Texas,RES,residential,14.12,19798.8313,cents per kilowatthour,million kilowatthours
2022-07,TX,Texas,RES,residential,13.71,20742.40778,cents per kilowatthour,million kilowatthours
2022-06,TX,Texas,RES,residential,13.49,17653.23722,cents per kilowatthour,million kilowatthours
2022-05,TX,Texas,RES,residential,13.34,13439.90599,cents per kilowatthour,million kilowatthours
2022-04,TX,Texas,RES,residential,13.29,10133.09082,cents per kilowatthour,million kilowatthours
2022-03,TX,Texas,RES,residential,13.01,11516.68818,cents per kilowatthour,million kilowatthours
2022-02,TX,Texas,RES,residential,12.48,13162.48579,cents per kilowatthour,million kilowatthours
2022-01,TX,Texas,RES,residential,12.45,13227.84966,cents per kilowatthour,million kilowatthours
2021-12,TX,Texas,RES,residential,12.56,10235.02762,cents per kilowatthour,million kilowatthours
2021-11,TX,Texas,RES,residential,12.78,9391.56967,cents per kilowatthour,million kilowatthours
2021-10,TX,Texas,RES,residential,12.54,12235.32234,cents per kilowatthour,million kilowatthours
2021-09,TX,Texas,RES,residential,12.26,16581.73689,cents per kilowatthour,million kilowatthours
2021-08,TX,Texas,RES,residential,11.94,18079.31742,cents per kilowatthour,million kilowatthours
2021-07,TX,Texas,RES,residential,11.73,17237.46788,cents per kilowatthour,million kilowatthours
2021-06,TX,Texas,RES,residential,12.04,14379.21688,cents per kilowatthour,million kilowatthours
2021-05,TX,Texas,RES,residential,12.09,10486.28058,cents per kilowatthour,million kilowatthours
2021-04,TX,Texas,RES,residential,12.08,9225.57474,cents per kilowatthour,million kilowatthours
2021-03,TX,Texas,RES,residential,11.7,12105.31328,cents per kilowatthour,million kilowatthours
2021-02,TX,Texas,RES,residential,12.69,11722.6453,cents per kilowatthour,million kilowatthours
2021-01,TX,Texas,RES,residential,11.35,13395.66338,cents per kilowatthour,million kilowatthours
2024-05,TN,Tennessee,RES,residential,12.46,2950.79861,cents per kilowatthour,million kilowatthours
2024-04,TN,Tennessee,RES,residential,12.76,2798.68536,cents per kilowatthour,million kilowatthours
2024-03,TN,Tennessee,RES,residential,13.17,3068.39674,cents per kilowatthour,million kilowatthours
2024-02,TN,Tennessee,RES,residential,11.98,4234.49645,cents per kilowatthour,million kilowatthours
2024-01,TN,Tennessee,RES,residential,12.05,4664.3975,cents per kilowatthour,million kilowatthours
2023-12,TN,Tennessee,RES,residential,12.18,3502.20545,cents per kilowatthour,million kilowatthours
2023-11,TN,Tennessee,RES,residential,12.68,2790.22489,cents per kilowatthour,million kilowatthours
2023-10,TN,Tennessee,RES,residential,12.57,2911.61563,cents per kilowatthour,million kilowatthours
2023-09,TN,Tennessee,RES,residential,11.85,4065.45825,cents per kilowatthour,million kilowatthours
2023-08,TN,Tennessee,RES,residential,11.99,4494.21208,cents per kilowatthour,million kilowatthours
2023-07,TN,Tennessee,RES,residential,12.31,4206.65552,cents per kilowatthour,million kilowatthours
2023-06,TN,Tennessee,RES,residential,12.42,3339.05042,cents per kilowatthour,million kilowatthours
2023-05,TN,Tennessee,RES,residential,12.34,2695.76653,cents per kilowatthour,million kilowatthours
2023-04,TN,Tennessee,RES,residential,11.93,2840.07275,cents per kilowatthour,million kilowatthours
2023-03,TN,Tennessee,RES,residential,12.47,2993.52286,cents per kilowatthour,million kilowatthours
2023-02,TN,Tennessee,RES,residential,12.61,3741.92262,cents per kilowatthour,million kilowatthours
2023-01,TN,Tennessee,RES,residential,12.11,4205.43975,cents per kilowatthour,million kilowatthours
2022-12,TN,Tennessee,RES,residential,12.16,3672.66209,cents per kilowatthour,million kilowatthours
2022-11,TN,Tennessee,RES,residential,12.81,2754.93254,cents per kilowatthour,million kilowatthours
2022-10,TN,Tennessee,RES,residential,12.94,2730.14459,cents per kilowatthour,million kilowatthours
2022-09,TN,Tennessee,RES,residential,12.69,3826.82364,cents per kilowatthour,million kilowatthours
2022-08,TN,Tennessee,RES,residential,13.81,4536.61273,cents per kilowatthour,million kilowatthours
2022-07,TN,Tennessee,RES,residential,12.93,4814.39684,cents per kilowatthour,million kilowatthours
2022-06,TN,Tennessee,RES,residential,12.2,3742.43474,cents per kilowatthour,million kilowatthours
2022-05,TN,Tennessee,RES,residential,11.89,2872.45197,cents per kilowatthour,million kilowatthours
2022-04,TN,Tennessee,RES,residential,11.81,2813.59456,cents per kilowatthour,million kilowatthours
2022-03,TN,Tennessee,RES,residential,11.37,3286.48229,cents per kilowatthour,million kilowatthours
2022-02,TN,Tennessee,RES,residential,10.79,4463.76327,cents per kilowatthour,million kilowatthours
2022-01,TN,Tennessee,RES,residential,11.4,4089.68775,cents per kilowatthour,million kilowatthours
2021-12,TN,Tennessee,RES,residential,11.56,3430.08897,cents per kilowatthour,million kilowatthours
2021-11,TN,Tennessee,RES,residential,11.61,2869.66657,cents per kilowatthour,million kilowatthours
2021-10,TN,Tennessee,RES,residential,11.43,2882.82067,cents per kilowatthour,million kilowatthours
2021-09,TN,Tennessee,RES,residential,11.16,3934.24667,cents per kilowatthour,million kilowatthours
2021-08,TN,Tennessee,RES,residential,11.14,4452.48599,cents per kilowatthour,million kilowatthours
2021-07,TN,Tennessee,RES,residential,11.17,4255.77672,cents per kilowatthour,million kilowatthours
2021-06,TN,Tennessee,RES,residential,11.36,3437.0626,cents per kilowatthour,million kilowatthours
2021-05,TN,Tennessee,RES,residential,11.43,2589.16899,cents per kilowatthour,million kilowatthours
2021-04,TN,Tennessee,RES,residential,11.51,2693.12318,cents per kilowatthour,million kilowatthours
2021-03,TN,Tennessee,RES,residential,10.63,3522.22169,cents per kilowatthour,million kilowatthours
2021-02,TN,Tennessee,RES,residential,10.23,4373.7892,cents per kilowatthour,million kilowatthours
2021-01,TN,Tennessee,RES,residential,10.31,4399.99074,cents per kilowatthour,million kilowatthours
