Capstone 3/eia_energy_data.csv
period,stateid,stateDescription,sectorid,sectorName,price,sales,price-units,sales-units
2024-05,SD,South Dakota,RES,residential,13.63,337.73466,cents per kilowatthour,million kilowatthours
2024-04,SD,South Dakota,RES,residential,12.84,391.25667,cents per kilowatthour,million kilowatthours
2024-03,SD,South Dakota,RES,residential,12.31,445.89165,cents per kilowatthour,million kilowatthours
2024-02,SD,South Dakota,RES,residential,11.79,490.95538,cents per kilowatthour,million kilowatthours
2024-01,SD,South Dakota,RES,residential,11.18,578.52579,cents per kilowatthour,million kilowatthours
2023-12,SD,South Dakota,RES,residential,11.69,470.09274,cents per kilowatthour,million kilowatthours
2023-11,SD,South Dakota,RES,residential,12.12,393.64546,cents per kilowatthour,million kilowatthours
2023-10,SD,South Dakota,RES,residential,12.99,342.63461,cents per kilowatthour,million kilowatthours
2023-09,SD,South Dakota,RES,residential,13.05,395.06169,cents per kilowatthour,million kilowatthours
2023-08,SD,South Dakota,RES,residential,12.99,463.27411,cents per kilowatthour,million kilowatthours
2023-07,SD,South Dakota,RES,residential,13.23,414.26487,cents per kilowatthour,million kilowatthours
2023-06,SD,South Dakota,RES,residential,13.19,401.221,cents per kilowatthour,million kilowatthours
2023-05,SD,South Dakota,RES,residential,12.99,352.4436,cents per kilowatthour,million kilowatthours
2023-04,SD,South Dakota,RES,residential,11.79,430.91065,cents per kilowatthour,million kilowatthours
2023-03,SD,South Dakota,RES,residential,11.31,519.73985,cents per kilowatthour,million kilowatthours
2023-02,SD,South Dakota,RES,residential,11.51,517.09061,cents per kilowatthour,million kilowatthours
2023-01,SD,South Dakota,RES,residential,11.25,585.01896,cents per kilowatthour,million kilowatthours
2022-12,SD,South Dakota,RES,residential,11.22,563.42354,cents per kilowatthour,million kilowatthours
2022-11,SD,South Dakota,RES,residential,11.98,405.34547,cents per kilowatthour,million kilowatthours
2022-10,SD,South Dakota,RES,residential,13.18,328.67784,cents per kilowatthour,million kilowatthours
2022-09,SD,South Dakota,RES,residential,12.97,381.78209,cents per kilowatthour,million kilowatthours
2022-08,SD,South Dakota,RES,residential,12.98,462.13325,cents per kilowatthour,million kilowatthours
2022-07,SD,South Dakota,RES,residential,13,467.44511,cents per kilowatthour,million kilowatthours
2022-06,SD,South Dakota,RES,residential,13.25,372.6362,cents per kilowatthour,million kilowatthours
2022-05,SD,South Dakota,RES,residential,12.56,354.64847,cents per kilowatthour,million kilowatthours
2022-04,SD,South Dakota,RES,residential,11.96,406.99042,cents per kilowatthour,million kilowatthours
2022-03,SD,South Dakota,RES,residential,11.25,485.5414,cents per kilowatthour,million kilowatthours
2022-02,SD,South Dakota,RES,residential,11.2,520.87713,cents per kilowatthour,million kilowatthours
2022-01,SD,South Dakota,RES,residential,10.96,573.40509,cents per kilowatthour,million kilowatthours
2021-12,SD,South Dakota,RES,residential,11.5,482.72644,cents per kilowatthour,million kilowatthours
2021-11,SD,South Dakota,RES,residential,11.94,371.7023,cents per kilowatthour,million kilowatthours
2021-10,SD,South Dakota,RES,residential,12.67,331.46049,cents per kilowatthour,million kilowatthours
2021-09,SD,South Dakota,RES,residential,13.14,365.48216,cents per kilowatthour,million kilowatthours
2021-08,SD,South Dakota,RES,residential,12.8,457.46862,cents per kilowatthour,million kilowatthours
2021-07,SD,South Dakota,RES,residential,12.83,452.85964,cents per kilowatthour,million kilowatthours
2021-06,SD,South Dakota,RES,residential,12.91,405.24106,cents per kilowatthour,million kilowatthours
2021-05,SD,South Dakota,RES,residential,13.09,328.158,cents per kilowatthour,million kilowatthours
2021-04,SD,South Dakota,RES,residential,11.93,368.77466,cents per kilowatthour,million kilowatthours
2021-03,SD,South Dakota,RES,residential,11.27,450.23868,cents per kilowatthour,million kilowatthours
2021-02,SD,South Dakota,RES,residential,12.29,527.38756,cents per kilowatthour,million kilowatthours
2021-01,SD,South Dakota,RES,residential,10.96,502.4644,cents per kilowatthour,million kilowatthours
2024-05,SC,South Carolina,RES,residential,14.07,2475.55994,cents per kilowatthour,million kilowatthours
2024-04,SC,South Carolina,RES,residential,14.9,1986.00377,cents per kilowatthour,million kilowatthours
2024-03,SC,South Carolina,RES,residential,14.88,2052.51504,cents per kilowatthour,million kilowatthours
2024-02,SC,South Carolina,RES,residential,14.21,2525.81448,cents per kilowatthour,million kilowatthours
2024-01,SC,South Carolina,RES,residential,13.54,3332.35248,cents per kilowatthour,million kilowatthours
2023-12,SC,South Carolina,RES,residential,13.61,2762.47753,cents per kilowatthour,million kilowatthours
2023-11,SC,South Carolina,RES,residential,14.11,2188.80349,cents per kilowatthour,million kilowatthours
2023-10,SC,South Carolina,RES,residential,14.47,2096.50548,cents per kilowatthour,million kilowatthours
2023-09,SC,South Carolina,RES,residential,14.52,2862.0465,cents per kilowatthour,million kilowatthours
2023-08,SC,South Carolina,RES,residential,13.82,3745.06769,cents per kilowatthour,million kilowatthours
2023-07,SC,South Carolina,RES,residential,13.61,3744.81024,cents per kilowatthour,million kilowatthours
2023-06,SC,South Carolina,RES,residential,14.17,2658.42116,cents per kilowatthour,million kilowatthours
2023-05,SC,South Carolina,RES,residential,14.38,2188.34252,cents per kilowatthour,million kilowatthours
2023-04,SC,South Carolina,RES,residential,14.3,2022.34327,cents per kilowatthour,million kilowatthours
2023-03,SC,South Carolina,RES,residential,14.25,2164.28261,cents per kilowatthour,million kilowatthours
2023-02,SC,South Carolina,RES,residential,14.51,2244.4013,cents per kilowatthour,million kilowatthours
2023-01,SC,South Carolina,RES,residential,13.99,2797.17983,cents per kilowatthour,million kilowatthours
2022-12,SC,South Carolina,RES,residential,13.86,2882.64064,cents per kilowatthour,million kilowatthours
2022-11,SC,South Carolina,RES,residential,13.82,2181.56701,cents per kilowatthour,million kilowatthours
2022-10,SC,South Carolina,RES,residential,14.07,1992.28221,cents per kilowatthour,million kilowatthours
2022-09,SC,South Carolina,RES,residential,14.5,2707.58411,cents per kilowatthour,million kilowatthours
2022-08,SC,South Carolina,RES,residential,14.27,3364.72315,cents per kilowatthour,million kilowatthours
2022-07,SC,South Carolina,RES,residential,13.7,3661.56189,cents per kilowatthour,million kilowatthours
2022-06,SC,South Carolina,RES,residential,13.67,3142.33263,cents per kilowatthour,million kilowatthours
2022-05,SC,South Carolina,RES,residential,13.46,2486.58534,cents per kilowatthour,million kilowatthours
2022-04,SC,South Carolina,RES,residential,13.48,1903.33352,cents per kilowatthour,million kilowatthours
2022-03,SC,South Carolina,RES,residential,13.38,2154.02727,cents per kilowatthour,million kilowatthours
2022-02,SC,South Carolina,RES,residential,12.6,2721.86983,cents per kilowatthour,million kilowatthours
2022-01,SC,South Carolina,RES,residential,12.3,3088.56741,cents per kilowatthour,million kilowatthours
2021-12,SC,South Carolina,RES,residential,12.8,2459.23655,cents per kilowatthour,million kilowatthours
2021-11,SC,South Carolina,RES,residential,13.78,2112.81964,cents per kilowatthour,million kilowatthours
2021-10,SC,South Carolina,RES,residential,13.49,2259.29285,cents per kilowatthour,million kilowatthours
2021-09,SC,South Carolina,RES,residential,13.4,2763.77692,cents per kilowatthour,million kilowatthours
2021-08,SC,South Carolina,RES,residential,12.83,3449.80751,cents per kilowatthour,million kilowatthours
2021-07,SC,South Carolina,RES,residential,12.6,3340.10517,cents per kilowatthour,million kilowatthours
2021-06,SC,South Carolina,RES,residential,12.94,2766.9166,cents per kilowatthour,million kilowatthours
2021-05,SC,South Carolina,RES,residential,12.89,2202.3009,cents per kilowatthour,million kilowatthours
2021-04,SC,South Carolina,RES,residential,12.99,2018.27983,cents per kilowatthour,million kilowatthours
2021-03,SC,South Carolina,RES,residential,12.96,2282.38125,cents per kilowatthour,million kilowatthours
2021-02,SC,South Carolina,RES,residential,12.61,2686.52754,cents per kilowatthour,million kilowatthours
2021-01,SC,South Carolina,RES,residential,11.65,3044.35123,cents per kilowatthour,million kilowatthours
2024-05,RI,Rhode Island,RES,residential,28.09,209.02336,cents per kilowatthour,million kilowatthours
2024-04,RI,Rhode Island,RES,residential,27.93,211.09353,cents per kilowatthour,million kilowatthours
2024-03,RI,Rhode Island,RES,residential,30.26,230.49498,cents per kilowatthour,million kilowatthours
2024-02,RI,Rhode Island,RES,residential,30.97,247.67043,cents per kilowatthour,million kilowatthours
2024-01,RI,Rhode Island,RES,residential,31.22,288.58919,cents per kilowatthour,million kilowatthours
2023-12,RI,Rhode Island,RES,residential,30.88,238.1583,cents per kilowatthour,million kilowatthours
2023-11,RI,Rhode Island,RES,residential,31.23,221.77587,cents per kilowatthour,million kilowatthours
2023-10,RI,Rhode Island,RES,residential,31.74,218.6917,cents per kilowatthour,million kilowatthours
2023-09,RI,Rhode Island,RES,residential,26.9,291.76345,cents per kilowatthour,million kilowatthours
2023-08,RI,Rhode Island,RES,residential,27.58,316.66188,cents per kilowatthour,million kilowatthours
2023-07,RI,Rhode Island,RES,residential,25.79,370.43929,cents per kilowatthour,million kilowatthours
2023-06,RI,Rhode Island,RES,residential,25.97,232.05042,cents per kilowatthour,million kilowatthours
2023-05,RI,Rhode Island,RES,residential,26.9,175.97323,cents per kilowatthour,million kilowatthours
2023-04,RI,Rhode Island,RES,residential,23.57,190.69107,cents per kilowatthour,million kilowatthours
2023-03,RI,Rhode Island,RES,residential,27.93,235.5134,cents per kilowatthour,million kilowatthours
2023-02,RI,Rhode Island,RES,residential,29.1,232.8847,cents per kilowatthour,million kilowatthours
2023-01,RI,Rhode Island,RES,residential,28.96,270.38966,cents per kilowatthour,million kilowatthours
2022-12,RI,Rhode Island,RES,residential,27.52,257.3095,cents per kilowatthour,million kilowatthours
2022-11,RI,Rhode Island,RES,residential,28.62,212.52607,cents per kilowatthour,million kilowatthours
2022-10,RI,Rhode Island,RES,residential,24.6,201.5044,cents per kilowatthour,million kilowatthours
2022-09,RI,Rhode Island,RES,residential,24.39,262.11683,cents per kilowatthour,million kilowatthours
2022-08,RI,Rhode Island,RES,residential,21.45,383.40439,cents per kilowatthour,million kilowatthours
2022-07,RI,Rhode Island,RES,residential,19.4,375.06287,cents per kilowatthour,million kilowatthours
2022-06,RI,Rhode Island,RES,residential,23.52,195.27368,cents per kilowatthour,million kilowatthours
2022-05,RI,Rhode Island,RES,residential,19.93,234.28575,cents per kilowatthour,million kilowatthours
2022-04,RI,Rhode Island,RES,residential,20.27,274.77302,cents per kilowatthour,million kilowatthours
2022-03,RI,Rhode Island,RES,residential,23.48,244.48791,cents per kilowatthour,million kilowatthours
2022-02,RI,Rhode Island,RES,residential,25.7,243.77856,cents per kilowatthour,million kilowatthours
2022-01,RI,Rhode Island,RES,residential,23.56,283.81601,cents per kilowatthour,million kilowatthours
2021-12,RI,Rhode Island,RES,residential,25.17,232.55563,cents per kilowatthour,million kilowatthours
2021-11,RI,Rhode Island,RES,residential,22.84,213.1157,cents per kilowatthour,million kilowatthours
2021-10,RI,Rhode Island,RES,residential,22.39,230.72246,cents per kilowatthour,million kilowatthours
2021-09,RI,Rhode Island,RES,residential,23.35,271.40854,cents per kilowatthour,million kilowatthours
2021-08,RI,Rhode Island,RES,residential,20.35,366.51108,cents per kilowatthour,million kilowatthours
2021-07,RI,Rhode Island,RES,residential,20.51,323.38469,cents per kilowatthour,million kilowatthours
2021-06,RI,Rhode Island,RES,residential,19.74,294.81777,cents per kilowatthour,million kilowatthours
2021-05,RI,Rhode Island,RES,residential,20.8,210.67709,cents per kilowatthour,million kilowatthours
2021-04,RI,Rhode Island,RES,residential,23.54,203.28745,cents per kilowatthour,million kilowatthours
2021-03,RI,Rhode Island,RES,residential,23.34,242.01599,cents per kilowatthour,million kilowatthours
2021-02,RI,Rhode Island,RES,residential,24.09,255.38637,cents per kilowatthour,million kilowatthours
2021-01,RI,Rhode Island,RES,residential,23.41,287.65025,cents per kilowatthour,million kilowatthours
2024-05,PA,Pennsylvania,RES,residential,18.1,4692.61735,cents per kilowatthour,million kilowatthours
2024-04,PA,Pennsylvania,RES,residential,17.95,4778.20614,cents per kilowatthour,million kilowatthours
2024-03,PA,Pennsylvania,RES,residential,17.6,5543.72485,cents per kilowatthour,million kilowatthours
2024-02,PA,Pennsylvania,RES,residential,17.02,5972.39333,cents per kilowatthour,million kilowatthours
2024-01,PA,Pennsylvania,RES,residential,17.39,5691.81745,cents per kilowatthour,million kilowatthours
2023-12,PA,Pennsylvania,RES,residential,17.53,4924.75363,cents per kilowatthour,million kilowatthours
2023-11,PA,Pennsylvania,RES,residential,18.12,4066.58407,cents per kilowatthour,million kilowatthours
2023-10,PA,Pennsylvania,RES,residential,18.44,3534.22557,cents per kilowatthour,million kilowatthours
2023-09,PA,Pennsylvania,RES,residential,18.02,4305.99372,cents per kilowatthour,million kilowatthours
2023-08,PA,Pennsylvania,RES,residential,17.88,5102.88544,cents per kilowatthour,million kilowatthours
2023-07,PA,Pennsylvania,RES,residential,17.94,5327.86595,cents per kilowatthour,million kilowatthours
2023-06,PA,Pennsylvania,RES,residential,18.39,3739.36849,cents per kilowatthour,million kilowatthours
2023-05,PA,Pennsylvania,RES,residential,18.45,3447.62212,cents per kilowatthour,million kilowatthours
2023-04,PA,Pennsylvania,RES,residential,18.36,3617.53159,cents per kilowatthour,million kilowatthours
2023-03,PA,Pennsylvania,RES,residential,18.12,4544.85934,cents per kilowatthour,million kilowatthours
2023-02,PA,Pennsylvania,RES,residential,18.32,4527.9727,cents per kilowatthour,million kilowatthours
2023-01,PA,Pennsylvania,RES,residential,18.01,5297.19127,cents per kilowatthour,million kilowatthours
2022-12,PA,Pennsylvania,RES,residential,17.77,5519.85208,cents per kilowatthour,million kilowatthours
2022-11,PA,Pennsylvania,RES,residential,17.38,3994.70802,cents per kilowatthour,million kilowatthours
2022-10,PA,Pennsylvania,RES,residential,17.51,3604.82471,cents per kilowatthour,million kilowatthours
2022-09,PA,Pennsylvania,RES,residential,17.06,4340.24771,cents per kilowatthour,million kilowatthours
2022-08,PA,Pennsylvania,RES,residential,16.34,5626.34281,cents per kilowatthour,million kilowatthours
2022-07,PA,Pennsylvania,RES,residential,16.48,5492.33218,cents per kilowatthour,million kilowatthours
2022-06,PA,Pennsylvania,RES,residential,16.36,4383.46812,cents per kilowatthour,million kilowatthours
2022-05,PA,Pennsylvania,RES,residential,15.07,3623.73992,cents per kilowatthour,million kilowatthours
2022-04,PA,Pennsylvania,RES,residential,14.83,3826.91222,cents per kilowatthour,million kilowatthours
2022-03,PA,Pennsylvania,RES,residential,14.59,4571.00544,cents per kilowatthour,million kilowatthours
2022-02,PA,Pennsylvania,RES,residential,14.38,5263.83395,cents per kilowatthour,million kilowatthours
2022-01,PA,Pennsylvania,RES,residential,14.09,6165.95102,cents per kilowatthour,million kilowatthours
2021-12,PA,Pennsylvania,RES,residential,14.37,4975.0871,cents per kilowatthour,million kilowatthours
2021-11,PA,Pennsylvania,RES,residential,14.13,4234.89449,cents per kilowatthour,million kilowatthours
2021-10,PA,Pennsylvania,RES,residential,14.49,3659.6542,cents per kilowatthour,million kilowatthours
2021-09,PA,Pennsylvania,RES,residential,14.06,4464.62991,cents per kilowatthour,million kilowatthours
2021-08,PA,Pennsylvania,RES,residential,13.86,5554.68836,cents per kilowatthour,million kilowatthours
2021-07,PA,Pennsylvania,RES,residential,13.7,5470.86706,cents per kilowatthour,million kilowatthours
2021-06,PA,Pennsylvania,RES,residential,13.99,4654.39005,cents per kilowatthour,million kilowatthours
2021-05,PA,Pennsylvania,RES,residential,13.85,3625.92031,cents per kilowatthour,million kilowatthours
2021-04,PA,Pennsylvania,RES,residential,13.73,3598.85455,cents per kilowatthour,million kilowatthours
2021-03,PA,Pennsylvania,RES,residential,13.22,4615.72183,cents per kilowatthour,million kilowatthours
2021-02,PA,Pennsylvania,RES,residential,13.06,5311.78221,cents per kilowatthour,million kilowatthours
2021-01,PA,Pennsylvania,RES,residential,13.07,5778.68592,cents per kilowatthour,million kilowatthours
