Capstone 3/eia_energy_data.csv
period,stateid,stateDescription,sectorid,sectorName,price,sales,price-units,sales-units
2024-05,OR,Oregon,RES,residential,15.03,1351.7101,cents per kilowatthour,million kilowatthours
2024-04,OR,Oregon,RES,residential,14.6,1447.77457,cents per kilowatthour,million kilowatthours
2024-03,OR,Oregon,RES,residential,14.32,1776.25403,cents per kilowatthour,million kilowatthours
2024-02,OR,Oregon,RES,residential,14.23,1827.20925,cents per kilowatthour,million kilowatthours
2024-01,OR,Oregon,RES,residential,13.84,2265.57987,cents per kilowatthour,million kilowatthours
2023-12,OR,Oregon,RES,residential,12.56,2006.71573,cents per kilowatthour,million kilowatthours
2023-11,OR,Oregon,RES,residential,12.94,1718.21498,cents per kilowatthour,million kilowatthours
2023-10,OR,Oregon,RES,residential,13.24,1382.74002,cents per kilowatthour,million kilowatthours
2023-09,OR,Oregon,RES,residential,13.13,1282.95714,cents per kilowatthour,million kilowatthours
2023-08,OR,Oregon,RES,residential,12.97,1699.0894,cents per kilowatthour,million kilowatthours
2023-07,OR,Oregon,RES,residential,13.12,1685.66374,cents per kilowatthour,million kilowatthours
2023-06,OR,Oregon,RES,residential,13.08,1370.0678,cents per kilowatthour,million kilowatthours
2023-05,OR,Oregon,RES,residential,12.95,1402.43714,cents per kilowatthour,million kilowatthours
2023-04,OR,Oregon,RES,residential,12.5,1625.7155,cents per kilowatthour,million kilowatthours
2023-03,OR,Oregon,RES,residential,12.17,2044.22511,cents per kilowatthour,million kilowatthours
2023-02,OR,Oregon,RES,residential,12.2,1999.88604,cents per kilowatthour,million kilowatthours
2023-01,OR,Oregon,RES,residential,12.04,2199.5249,cents per kilowatthour,million kilowatthours
2022-12,OR,Oregon,RES,residential,11.13,2347.38685,cents per kilowatthour,million kilowatthours
2022-11,OR,Oregon,RES,residential,11.51,1914.50474,cents per kilowatthour,million kilowatthours
2022-10,OR,Oregon,RES,residential,11.99,1327.91328,cents per kilowatthour,million kilowatthours
2022-09,OR,Oregon,RES,residential,11.78,1345.16416,cents per kilowatthour,million kilowatthours
2022-08,OR,Oregon,RES,residential,11.69,1721.75449,cents per kilowatthour,million kilowatthours
2022-07,OR,Oregon,RES,residential,11.82,1698.37183,cents per kilowatthour,million kilowatthours
2022-06,OR,Oregon,RES,residential,11.88,1354.85731,cents per kilowatthour,million kilowatthours
2022-05,OR,Oregon,RES,residential,11.65,1430.98275,cents per kilowatthour,million kilowatthours
2022-04,OR,Oregon,RES,residential,11.29,1623.76293,cents per kilowatthour,million kilowatthours
2022-03,OR,Oregon,RES,residential,11.07,1796.39214,cents per kilowatthour,million kilowatthours
2022-02,OR,Oregon,RES,residential,11,1913.31725,cents per kilowatthour,million kilowatthours
2022-01,OR,Oregon,RES,residential,10.93,2251.49126,cents per kilowatthour,million kilowatthours
2021-12,OR,Oregon,RES,residential,11.2,2234.45173,cents per kilowatthour,million kilowatthours
2021-11,OR,Oregon,RES,residential,11.43,1637.82714,cents per kilowatthour,million kilowatthours
2021-10,OR,Oregon,RES,residential,11.77,1428.37027,cents per kilowatthour,million kilowatthours
2021-09,OR,Oregon,RES,residential,11.71,1332.22184,cents per kilowatthour,million kilowatthours
2021-08,OR,Oregon,RES,residential,11.57,1650.68907,cents per kilowatthour,million kilowatthours
2021-07,OR,Oregon,RES,residential,11.53,1699.31095,cents per kilowatthour,million kilowatthours
2021-06,OR,Oregon,RES,residential,11.51,1601.08088,cents per kilowatthour,million kilowatthours
2021-05,OR,Oregon,RES,residential,11.63,1345.18465,cents per kilowatthour,million kilowatthours
2021-04,OR,Oregon,RES,residential,11.37,1468.01012,cents per kilowatthour,million kilowatthours
2021-03,OR,Oregon,RES,residential,11.14,1882.68996,cents per kilowatthour,million kilowatthours
2021-02,OR,Oregon,RES,residential,10.99,1940.37268,cents per kilowatthour,million kilowatthours
2021-01,OR,Oregon,RES,residential,11.04,2065.13671,cents per kilowatthour,million kilowatthours
2024-05,OK,Oklahoma,RES,residential,11.7,1762.62862,cents per kilowatthour,million kilowatthours
2024-04,OK,Oklahoma,RES,residential,12.46,1378.12656,cents per kilowatthour,million kilowatthours
2024-03,OK,Oklahoma,RES,residential,11.83,1499.25875,cents per kilowatthour,million kilowatthours
2024-02,OK,Oklahoma,RES,residential,11.3,1738.94517,cents per kilowatthour,million kilowatthours
2024-01,OK,Oklahoma,RES,residential,11.16,2316.54633,cents per kilowatthour,million kilowatthours
2023-12,OK,Oklahoma,RES,residential,10.99,1883.32974,cents per kilowatthour,million kilowatthours
2023-11,OK,Oklahoma,RES,residential,12.08,1493.51245,cents per kilowatthour,million kilowatthours
2023-10,OK,Oklahoma,RES,residential,13.27,1603.84742,cents per kilowatthour,million kilowatthours
2023-09,OK,Oklahoma,RES,residential,13.25,2332.53841,cents per kilowatthour,million kilowatthours
2023-08,OK,Oklahoma,RES,residential,13.29,2935.23834,cents per kilowatthour,million kilowatthours
2023-07,OK,Oklahoma,RES,residential,12.46,2935.36012,cents per kilowatthour,million kilowatthours
2023-06,OK,Oklahoma,RES,residential,12.63,2202.05539,cents per kilowatthour,million kilowatthours
2023-05,OK,Oklahoma,RES,residential,11.83,1638.87728,cents per kilowatthour,million kilowatthours
2023-04,OK,Oklahoma,RES,residential,12.39,1366.88374,cents per kilowatthour,million kilowatthours
2023-03,OK,Oklahoma,RES,residential,11.92,1624.43793,cents per kilowatthour,million kilowatthours
2023-02,OK,Oklahoma,RES,residential,11.56,1786.45563,cents per kilowatthour,million kilowatthours
2023-01,OK,Oklahoma,RES,residential,10.96,2132.04008,cents per kilowatthour,million kilowatthours
2022-12,OK,Oklahoma,RES,residential,11.11,2151.64214,cents per kilowatthour,million kilowatthours
2022-11,OK,Oklahoma,RES,residential,12.34,1595.66232,cents per kilowatthour,million kilowatthours
2022-10,OK,Oklahoma,RES,residential,14.27,1515.89324,cents per kilowatthour,million kilowatthours
2022-09,OK,Oklahoma,RES,residential,14.2,2191.69105,cents per kilowatthour,million kilowatthours
2022-08,OK,Oklahoma,RES,residential,14.31,2915.84806,cents per kilowatthour,million kilowatthours
2022-07,OK,Oklahoma,RES,residential,13.22,3233.82691,cents per kilowatthour,million kilowatthours
2022-06,OK,Oklahoma,RES,residential,13.02,2499.42823,cents per kilowatthour,million kilowatthours
2022-05,OK,Oklahoma,RES,residential,12.28,1838.17412,cents per kilowatthour,million kilowatthours
2022-04,OK,Oklahoma,RES,residential,12.24,1389.70892,cents per kilowatthour,million kilowatthours
2022-03,OK,Oklahoma,RES,residential,11.08,1748.80859,cents per kilowatthour,million kilowatthours
2022-02,OK,Oklahoma,RES,residential,10.28,2111.62751,cents per kilowatthour,million kilowatthours
2022-01,OK,Oklahoma,RES,residential,10.04,2286.83294,cents per kilowatthour,million kilowatthours
2021-12,OK,Oklahoma,RES,residential,10.7,1682.73287,cents per kilowatthour,million kilowatthours
2021-11,OK,Oklahoma,RES,residential,11.65,1455.17811,cents per kilowatthour,million kilowatthours
2021-10,OK,Oklahoma,RES,residential,12.91,1588.29797,cents per kilowatthour,million kilowatthours
2021-09,OK,Oklahoma,RES,residential,12.03,2347.8324,cents per kilowatthour,million kilowatthours
2021-08,OK,Oklahoma,RES,residential,11.37,2784.736,cents per kilowatthour,million kilowatthours
2021-07,OK,Oklahoma,RES,residential,11.19,2674.02458,cents per kilowatthour,million kilowatthours
2021-06,OK,Oklahoma,RES,residential,11.29,2201.52217,cents per kilowatthour,million kilowatthours
2021-05,OK,Oklahoma,RES,residential,10.88,1504.3543,cents per kilowatthour,million kilowatthours
2021-04,OK,Oklahoma,RES,residential,11.41,1338.10629,cents per kilowatthour,million kilowatthours
2021-03,OK,Oklahoma,RES,residential,8.85,1618.43768,cents per kilowatthour,million kilowatthours
2021-02,OK,Oklahoma,RES,residential,10.97,2317.68443,cents per kilowatthour,million kilowatthours
2021-01,OK,Oklahoma,RES,residential,8.83,2232.96022,cents per kilowatthour,million kilowatthours
2024-05,OH,Ohio,RES,residential,16.65,3652.10256,cents per kilowatthour,million kilowatthours
2024-04,OH,Ohio,RES,residential,16.75,3502.81451,cents per kilowatthour,million kilowatthours
2024-03,OH,Ohio,RES,residential,16.28,3818.35256,cents per kilowatthour,million kilowatthours
2024-02,OH,Ohio,RES,residential,15.77,4373.51938,cents per kilowatthour,million kilowatthours
2024-01,OH,Ohio,RES,residential,15.58,5373.8,cents per kilowatthour,million kilowatthours
2023-12,OH,Ohio,RES,residential,15.69,4382.83161,cents per kilowatthour,million kilowatthours
2023-11,OH,Ohio,RES,residential,15.76,3701.46252,cents per kilowatthour,million kilowatthours
2023-10,OH,Ohio,RES,residential,16.03,3503.24398,cents per kilowatthour,million kilowatthours
2023-09,OH,Ohio,RES,residential,15.7,4060.87905,cents per kilowatthour,million kilowatthours
2023-08,OH,Ohio,RES,residential,15.74,5022.78168,cents per kilowatthour,million kilowatthours
2023-07,OH,Ohio,RES,residential,15.85,5251.40772,cents per kilowatthour,million kilowatthours
2023-06,OH,Ohio,RES,residential,16.35,3862.02517,cents per kilowatthour,million kilowatthours
2023-05,OH,Ohio,RES,residential,15.66,3434.90447,cents per kilowatthour,million kilowatthours
2023-04,OH,Ohio,RES,residential,15.03,3383.50853,cents per kilowatthour,million kilowatthours
2023-03,OH,Ohio,RES,residential,14.9,4355.50227,cents per kilowatthour,million kilowatthours
2023-02,OH,Ohio,RES,residential,14.61,4048.97946,cents per kilowatthour,million kilowatthours
2023-01,OH,Ohio,RES,residential,14.32,4903.30094,cents per kilowatthour,million kilowatthours
2022-12,OH,Ohio,RES,residential,13.97,4970.83025,cents per kilowatthour,million kilowatthours
2022-11,OH,Ohio,RES,residential,14.63,3762.4709,cents per kilowatthour,million kilowatthours
2022-10,OH,Ohio,RES,residential,15.08,3300.51906,cents per kilowatthour,million kilowatthours
2022-09,OH,Ohio,RES,residential,14.94,3992.805,cents per kilowatthour,million kilowatthours
2022-08,OH,Ohio,RES,residential,14.87,5284.98534,cents per kilowatthour,million kilowatthours
2022-07,OH,Ohio,RES,residential,14.66,5632.20432,cents per kilowatthour,million kilowatthours
2022-06,OH,Ohio,RES,residential,14.15,4678.33579,cents per kilowatthour,million kilowatthours
2022-05,OH,Ohio,RES,residential,13.54,3624.03756,cents per kilowatthour,million kilowatthours
2022-04,OH,Ohio,RES,residential,13.01,3529.99811,cents per kilowatthour,million kilowatthours
2022-03,OH,Ohio,RES,residential,12.72,4270.12149,cents per kilowatthour,million kilowatthours
2022-02,OH,Ohio,RES,residential,12.52,4800.49727,cents per kilowatthour,million kilowatthours
2022-01,OH,Ohio,RES,residential,12.4,5465.41092,cents per kilowatthour,million kilowatthours
2021-12,OH,Ohio,RES,residential,12.81,4477.891,cents per kilowatthour,million kilowatthours
2021-11,OH,Ohio,RES,residential,13.06,3869.87038,cents per kilowatthour,million kilowatthours
2021-10,OH,Ohio,RES,residential,13.28,3605.38141,cents per kilowatthour,million kilowatthours
2021-09,OH,Ohio,RES,residential,13.14,4263.11201,cents per kilowatthour,million kilowatthours
2021-08,OH,Ohio,RES,residential,13.03,5654.16228,cents per kilowatthour,million kilowatthours
2021-07,OH,Ohio,RES,residential,13.08,5301.08258,cents per kilowatthour,million kilowatthours
2021-06,OH,Ohio,RES,residential,13.31,4634.21349,cents per kilowatthour,million kilowatthours
2021-05,OH,Ohio,RES,residential,12.99,3556.957,cents per kilowatthour,million kilowatthours
2021-04,OH,Ohio,RES,residential,13.11,3421.18931,cents per kilowatthour,million kilowatthours
2021-03,OH,Ohio,RES,residential,12.38,4102.8248,cents per kilowatthour,million kilowatthours
2021-02,OH,Ohio,RES,residential,11.64,5062.77565,cents per kilowatthour,million kilowatthours
2021-01,OH,Ohio,RES,residential,11.81,5221.73307,cents per kilowatthour,million kilowatthours
2024-05,ND,North Dakota,RES,residential,13.04,304.47722,cents per kilowatthour,million kilowatthours
2024-04,ND,North Dakota,RES,residential,11.33,363.054,cents per kilowatthour,million kilowatthours
2024-03,ND,North Dakota,RES,residential,10.44,480.59204,cents per kilowatthour,million kilowatthours
2024-02,ND,North Dakota,RES,residential,10.5,469.35052,cents per kilowatthour,million kilowatthours
2024-01,ND,North Dakota,RES,residential,9.88,618.55992,cents per kilowatthour,million kilowatthours
2023-12,ND,North Dakota,RES,residential,10.23,502.76437,cents per kilowatthour,million kilowatthours
2023-11,ND,North Dakota,RES,residential,10.73,451.8545,cents per kilowatthour,million kilowatthours
2023-10,ND,North Dakota,RES,residential,11.66,340.21099,cents per kilowatthour,million kilowatthours
2023-09,ND,North Dakota,RES,residential,12.77,310.17074,cents per kilowatthour,million kilowatthours
2023-08,ND,North Dakota,RES,residential,12.5,368.08272,cents per kilowatthour,million kilowatthours
2023-07,ND,North Dakota,RES,residential,12.57,348.58761,cents per kilowatthour,million kilowatthours
2023-06,ND,North Dakota,RES,residential,12.3,357.74687,cents per kilowatthour,million kilowatthours
2023-05,ND,North Dakota,RES,residential,11.7,317.48273,cents per kilowatthour,million kilowatthours
2023-04,ND,North Dakota,RES,residential,10.24,411.28162,cents per kilowatthour,million kilowatthours
2023-03,ND,North Dakota,RES,residential,9.72,555.2677,cents per kilowatthour,million kilowatthours
2023-02,ND,North Dakota,RES,residential,9.97,524.11351,cents per kilowatthour,million kilowatthours
2023-01,ND,North Dakota,RES,residential,9.91,610.83061,cents per kilowatthour,million kilowatthours
2022-12,ND,North Dakota,RES,residential,9.63,633.90324,cents per kilowatthour,million kilowatthours
2022-11,ND,North Dakota,RES,residential,10.58,461.36858,cents per kilowatthour,million kilowatthours
2022-10,ND,North Dakota,RES,residential,11.75,330.07773,cents per kilowatthour,million kilowatthours
2022-09,ND,North Dakota,RES,residential,13.06,310.5769,cents per kilowatthour,million kilowatthours
2022-08,ND,North Dakota,RES,residential,12.76,367.53903,cents per kilowatthour,million kilowatthours
2022-07,ND,North Dakota,RES,residential,12.56,378.41688,cents per kilowatthour,million kilowatthours
2022-06,ND,North Dakota,RES,residential,13.14,321.92757,cents per kilowatthour,million kilowatthours
2022-05,ND,North Dakota,RES,residential,11.92,326.52791,cents per kilowatthour,million kilowatthours
2022-04,ND,North Dakota,RES,residential,10.5,406.55066,cents per kilowatthour,million kilowatthours
2022-03,ND,North Dakota,RES,residential,10.03,503.03223,cents per kilowatthour,million kilowatthours
2022-02,ND,North Dakota,RES,residential,9.66,574.13315,cents per kilowatthour,million kilowatthours
2022-01,ND,North Dakota,RES,residential,9.45,657.85012,cents per kilowatthour,million kilowatthours
2021-12,ND,North Dakota,RES,residential,9.36,563.25495,cents per kilowatthour,million kilowatthours
2021-11,ND,North Dakota,RES,residential,10.91,404.71651,cents per kilowatthour,million kilowatthours
2021-10,ND,North Dakota,RES,residential,11.63,304.82556,cents per kilowatthour,million kilowatthours
2021-09,ND,North Dakota,RES,residential,12.83,293.52715,cents per kilowatthour,million kilowatthours
2021-08,ND,North Dakota,RES,residential,11.99,384.18182,cents per kilowatthour,million kilowatthours
2021-07,ND,North Dakota,RES,residential,12.25,398.20829,cents per kilowatthour,million kilowatthours
2021-06,ND,North Dakota,RES,residential,12.23,348.10803,cents per kilowatthour,million kilowatthours
2021-05,ND,North Dakota,RES,residential,11.96,299.62205,cents per kilowatthour,million kilowatthours
2021-04,ND,North Dakota,RES,residential,10.82,352.3832,cents per kilowatthour,million kilowatthours
2021-03,ND,North Dakota,RES,residential,10.2,430.25717,cents per kilowatthour,million kilowatthours
2021-02,ND,North Dakota,RES,residential,9.47,571.10134,cents per kilowatthour,million kilowatthours
2021-01,ND,North Dakota,RES,residential,9.47,538.21493,cents per kilowatthour,million kilowatthours
