Capstone 3/eia_energy_data.csv
period,stateid,stateDescription,sectorid,sectorName,price,sales,price-units,sales-units
2024-05,NC,North Carolina,RES,residential,14.18,4567.11132,cents per kilowatthour,million kilowatthours
2024-04,NC,North Carolina,RES,residential,14.98,3851.08634,cents per kilowatthour,million kilowatthours
2024-03,NC,North Carolina,RES,residential,15.6,4084.99863,cents per kilowatthour,million kilowatthours
2024-02,NC,North Carolina,RES,residential,15.1,5042.033,cents per kilowatthour,million kilowatthours
2024-01,NC,North Carolina,RES,residential,13.07,6696.5605,cents per kilowatthour,million kilowatthours
2023-12,NC,North Carolina,RES,residential,13.22,5583.15607,cents per kilowatthour,million kilowatthours
2023-11,NC,North Carolina,RES,residential,13.63,4446.30857,cents per kilowatthour,million kilowatthours
2023-10,NC,North Carolina,RES,residential,14.75,3872.72976,cents per kilowatthour,million kilowatthours
2023-09,NC,North Carolina,RES,residential,14.09,5174.04957,cents per kilowatthour,million kilowatthours
2023-08,NC,North Carolina,RES,residential,13.04,6507.4,cents per kilowatthour,million kilowatthours
2023-07,NC,North Carolina,RES,residential,12.7,6712.56659,cents per kilowatthour,million kilowatthours
2023-06,NC,North Carolina,RES,residential,12.9,4946.612,cents per kilowatthour,million kilowatthours
2023-05,NC,North Carolina,RES,residential,13.22,3932.9245,cents per kilowatthour,million kilowatthours
2023-04,NC,North Carolina,RES,residential,13.21,3796.31651,cents per kilowatthour,million kilowatthours
2023-03,NC,North Carolina,RES,residential,12.96,4497.80889,cents per kilowatthour,million kilowatthours
2023-02,NC,North Carolina,RES,residential,13.08,4540.00459,cents per kilowatthour,million kilowatthours
2023-01,NC,North Carolina,RES,residential,12.67,5505.55937,cents per kilowatthour,million kilowatthours
2022-12,NC,North Carolina,RES,residential,11.48,6080.67506,cents per kilowatthour,million kilowatthours
2022-11,NC,North Carolina,RES,residential,11.89,4312.11413,cents per kilowatthour,million kilowatthours
2022-10,NC,North Carolina,RES,residential,12.97,3728.81417,cents per kilowatthour,million kilowatthours
2022-09,NC,North Carolina,RES,residential,12.64,4817.81107,cents per kilowatthour,million kilowatthours
2022-08,NC,North Carolina,RES,residential,11.87,6309.15834,cents per kilowatthour,million kilowatthours
2022-07,NC,North Carolina,RES,residential,11.52,6681.09049,cents per kilowatthour,million kilowatthours
2022-06,NC,North Carolina,RES,residential,11.33,5720.5855,cents per kilowatthour,million kilowatthours
2022-05,NC,North Carolina,RES,residential,11.68,4626.27705,cents per kilowatthour,million kilowatthours
2022-04,NC,North Carolina,RES,residential,11.8,3743.02233,cents per kilowatthour,million kilowatthours
2022-03,NC,North Carolina,RES,residential,11.79,4370.82784,cents per kilowatthour,million kilowatthours
2022-02,NC,North Carolina,RES,residential,10.83,5812.36009,cents per kilowatthour,million kilowatthours
2022-01,NC,North Carolina,RES,residential,10.52,6241.21694,cents per kilowatthour,million kilowatthours
2021-12,NC,North Carolina,RES,residential,11.14,5043.47269,cents per kilowatthour,million kilowatthours
2021-11,NC,North Carolina,RES,residential,11.44,4168.04944,cents per kilowatthour,million kilowatthours
2021-10,NC,North Carolina,RES,residential,12.1,4070.15324,cents per kilowatthour,million kilowatthours
2021-09,NC,North Carolina,RES,residential,11.83,5253.37082,cents per kilowatthour,million kilowatthours
2021-08,NC,North Carolina,RES,residential,11.33,6442.3243,cents per kilowatthour,million kilowatthours
2021-07,NC,North Carolina,RES,residential,11.38,6132.80975,cents per kilowatthour,million kilowatthours
2021-06,NC,North Carolina,RES,residential,11.34,5181.29142,cents per kilowatthour,million kilowatthours
2021-05,NC,North Carolina,RES,residential,11.65,4024.05822,cents per kilowatthour,million kilowatthours
2021-04,NC,North Carolina,RES,residential,11.51,4113.25199,cents per kilowatthour,million kilowatthours
2021-03,NC,North Carolina,RES,residential,11.28,4605.51477,cents per kilowatthour,million kilowatthours
2021-02,NC,North Carolina,RES,residential,10.98,5653.02683,cents per kilowatthour,million kilowatthours
2021-01,NC,North Carolina,RES,residential,10.39,6227.36053,cents per kilowatthour,million kilowatthours
2024-05,NY,New York,RES,residential,23.6,3370.65074,cents per kilowatthour,million kilowatthours
2024-04,NY,New York,RES,residential,22.97,3513.043,cents per kilowatthour,million kilowatthours
2024-03,NY,New York,RES,residential,23.64,3775.82088,cents per kilowatthour,million kilowatthours
2024-02,NY,New York,RES,residential,24.23,4196.89239,cents per kilowatthour,million kilowatthours
2024-01,NY,New York,RES,residential,23.44,4437.97031,cents per kilowatthour,million kilowatthours
2023-12,NY,New York,RES,residential,22.52,4300.17142,cents per kilowatthour,million kilowatthours
2023-11,NY,New York,RES,residential,22.95,3614.03277,cents per kilowatthour,million kilowatthours
2023-10,NY,New York,RES,residential,22.06,3656.21194,cents per kilowatthour,million kilowatthours
2023-09,NY,New York,RES,residential,23.33,4629.23183,cents per kilowatthour,million kilowatthours
2023-08,NY,New York,RES,residential,22.33,5356.91661,cents per kilowatthour,million kilowatthours
2023-07,NY,New York,RES,residential,22.33,5575.63888,cents per kilowatthour,million kilowatthours
2023-06,NY,New York,RES,residential,21.71,3855.22953,cents per kilowatthour,million kilowatthours
2023-05,NY,New York,RES,residential,20.47,3385.85892,cents per kilowatthour,million kilowatthours
2023-04,NY,New York,RES,residential,19.81,3401.31479,cents per kilowatthour,million kilowatthours
2023-03,NY,New York,RES,residential,21.2,3983.46028,cents per kilowatthour,million kilowatthours
2023-02,NY,New York,RES,residential,23.63,4059.98257,cents per kilowatthour,million kilowatthours
2023-01,NY,New York,RES,residential,23.6,4483.86155,cents per kilowatthour,million kilowatthours
2022-12,NY,New York,RES,residential,22.78,4234.46457,cents per kilowatthour,million kilowatthours
2022-11,NY,New York,RES,residential,23.66,3448.43457,cents per kilowatthour,million kilowatthours
2022-10,NY,New York,RES,residential,23.26,3550.87459,cents per kilowatthour,million kilowatthours
2022-09,NY,New York,RES,residential,23.95,4871.89367,cents per kilowatthour,million kilowatthours
2022-08,NY,New York,RES,residential,21.2,5944.88409,cents per kilowatthour,million kilowatthours
2022-07,NY,New York,RES,residential,21.88,5637.79053,cents per kilowatthour,million kilowatthours
2022-06,NY,New York,RES,residential,22.36,4263.37621,cents per kilowatthour,million kilowatthours
2022-05,NY,New York,RES,residential,21.86,3604.33317,cents per kilowatthour,million kilowatthours
2022-04,NY,New York,RES,residential,21.06,3536.87642,cents per kilowatthour,million kilowatthours
2022-03,NY,New York,RES,residential,20.75,4116.51871,cents per kilowatthour,million kilowatthours
2022-02,NY,New York,RES,residential,21.64,4343.20588,cents per kilowatthour,million kilowatthours
2022-01,NY,New York,RES,residential,21.05,4674.76058,cents per kilowatthour,million kilowatthours
2021-12,NY,New York,RES,residential,19.56,4223.90204,cents per kilowatthour,million kilowatthours
2021-11,NY,New York,RES,residential,20.09,3577.61279,cents per kilowatthour,million kilowatthours
2021-10,NY,New York,RES,residential,20.66,3707.8363,cents per kilowatthour,million kilowatthours
2021-09,NY,New York,RES,residential,20.5,4932.4376,cents per kilowatthour,million kilowatthours
2021-08,NY,New York,RES,residential,19.97,5659.41623,cents per kilowatthour,million kilowatthours
2021-07,NY,New York,RES,residential,19.64,5512.32175,cents per kilowatthour,million kilowatthours
2021-06,NY,New York,RES,residential,19.6,4502.46344,cents per kilowatthour,million kilowatthours
2021-05,NY,New York,RES,residential,19.93,3391.47299,cents per kilowatthour,million kilowatthours
2021-04,NY,New York,RES,residential,18.55,3495.21726,cents per kilowatthour,million kilowatthours
2021-03,NY,New York,RES,residential,18.04,4114.99515,cents per kilowatthour,million kilowatthours
2021-02,NY,New York,RES,residential,18.83,4377.57766,cents per kilowatthour,million kilowatthours
2021-01,NY,New York,RES,residential,18.31,4661.62879,cents per kilowatthour,million kilowatthours
2024-05,NM,New Mexico,RES,residential,13.84,520.531,cents per kilowatthour,million kilowatthours
2024-04,NM,New Mexico,RES,residential,14.29,455.62615,cents per kilowatthour,million kilowatthours
2024-03,NM,New Mexico,RES,residential,14.49,480.69293,cents per kilowatthour,million kilowatthours
2024-02,NM,New Mexico,RES,residential,14.14,561.54759,cents per kilowatthour,million kilowatthours
2024-01,NM,New Mexico,RES,residential,13.76,654.53289,cents per kilowatthour,million kilowatthours
2023-12,NM,New Mexico,RES,residential,13.65,602.37844,cents per kilowatthour,million kilowatthours
2023-11,NM,New Mexico,RES,residential,14.52,503.5874,cents per kilowatthour,million kilowatthours
2023-10,NM,New Mexico,RES,residential,14.5,511.31765,cents per kilowatthour,million kilowatthours
2023-09,NM,New Mexico,RES,residential,15.25,650.93051,cents per kilowatthour,million kilowatthours
2023-08,NM,New Mexico,RES,residential,14.71,849.02287,cents per kilowatthour,million kilowatthours
2023-07,NM,New Mexico,RES,residential,14.69,886.11152,cents per kilowatthour,million kilowatthours
2023-06,NM,New Mexico,RES,residential,13.89,622.09173,cents per kilowatthour,million kilowatthours
2023-05,NM,New Mexico,RES,residential,13.3,508.22217,cents per kilowatthour,million kilowatthours
2023-04,NM,New Mexico,RES,residential,13.79,458.82554,cents per kilowatthour,million kilowatthours
2023-03,NM,New Mexico,RES,residential,13.35,533.03169,cents per kilowatthour,million kilowatthours
2023-02,NM,New Mexico,RES,residential,14.03,580.03902,cents per kilowatthour,million kilowatthours
2023-01,NM,New Mexico,RES,residential,13.53,648.41755,cents per kilowatthour,million kilowatthours
2022-12,NM,New Mexico,RES,residential,13.34,636.89485,cents per kilowatthour,million kilowatthours
2022-11,NM,New Mexico,RES,residential,13.85,536.00585,cents per kilowatthour,million kilowatthours
2022-10,NM,New Mexico,RES,residential,14.36,499.65566,cents per kilowatthour,million kilowatthours
2022-09,NM,New Mexico,RES,residential,14.98,610.83349,cents per kilowatthour,million kilowatthours
2022-08,NM,New Mexico,RES,residential,14.81,777.40614,cents per kilowatthour,million kilowatthours
2022-07,NM,New Mexico,RES,residential,14.84,819.06867,cents per kilowatthour,million kilowatthours
2022-06,NM,New Mexico,RES,residential,13.87,710.19131,cents per kilowatthour,million kilowatthours
2022-05,NM,New Mexico,RES,residential,12.64,530.32623,cents per kilowatthour,million kilowatthours
2022-04,NM,New Mexico,RES,residential,13.43,431.15805,cents per kilowatthour,million kilowatthours
2022-03,NM,New Mexico,RES,residential,13.22,530.74012,cents per kilowatthour,million kilowatthours
2022-02,NM,New Mexico,RES,residential,13.02,576.05133,cents per kilowatthour,million kilowatthours
2022-01,NM,New Mexico,RES,residential,12.9,624.30432,cents per kilowatthour,million kilowatthours
2021-12,NM,New Mexico,RES,residential,13.03,582.35956,cents per kilowatthour,million kilowatthours
2021-11,NM,New Mexico,RES,residential,13.52,468.7846,cents per kilowatthour,million kilowatthours
2021-10,NM,New Mexico,RES,residential,13.62,496.79134,cents per kilowatthour,million kilowatthours
2021-09,NM,New Mexico,RES,residential,14.53,618.83299,cents per kilowatthour,million kilowatthours
2021-08,NM,New Mexico,RES,residential,14.42,767.69745,cents per kilowatthour,million kilowatthours
2021-07,NM,New Mexico,RES,residential,14.39,768.87014,cents per kilowatthour,million kilowatthours
2021-06,NM,New Mexico,RES,residential,13.88,681.35021,cents per kilowatthour,million kilowatthours
2021-05,NM,New Mexico,RES,residential,13.17,487.18768,cents per kilowatthour,million kilowatthours
2021-04,NM,New Mexico,RES,residential,12.96,454.1432,cents per kilowatthour,million kilowatthours
2021-03,NM,New Mexico,RES,residential,12.61,536.72354,cents per kilowatthour,million kilowatthours
2021-02,NM,New Mexico,RES,residential,12.83,560.57965,cents per kilowatthour,million kilowatthours
2021-01,NM,New Mexico,RES,residential,12.44,665.03765,cents per kilowatthour,million kilowatthours
2024-05,NJ,New Jersey,RES,residential,18.58,2144.62638,cents per kilowatthour,million kilowatthours
2024-04,NJ,New Jersey,RES,residential,18.45,1840.4786,cents per kilowatthour,million kilowatthours
2024-03,NJ,New Jersey,RES,residential,18.04,1825.92001,cents per kilowatthour,million kilowatthours
2024-02,NJ,New Jersey,RES,residential,17.69,2150.4948,cents per kilowatthour,million kilowatthours
2024-01,NJ,New Jersey,RES,residential,17.9,2560.04823,cents per kilowatthour,million kilowatthours
2023-12,NJ,New Jersey,RES,residential,17.59,2288.28584,cents per kilowatthour,million kilowatthours
2023-11,NJ,New Jersey,RES,residential,17.53,1953.21047,cents per kilowatthour,million kilowatthours
2023-10,NJ,New Jersey,RES,residential,17.5,1878.70741,cents per kilowatthour,million kilowatthours
2023-09,NJ,New Jersey,RES,residential,18.01,2592.37898,cents per kilowatthour,million kilowatthours
2023-08,NJ,New Jersey,RES,residential,18.5,3278.33092,cents per kilowatthour,million kilowatthours
2023-07,NJ,New Jersey,RES,residential,18.47,3969.22588,cents per kilowatthour,million kilowatthours
2023-06,NJ,New Jersey,RES,residential,18.23,2555.33971,cents per kilowatthour,million kilowatthours
2023-05,NJ,New Jersey,RES,residential,17.17,1862.08882,cents per kilowatthour,million kilowatthours
2023-04,NJ,New Jersey,RES,residential,17.39,1675.75443,cents per kilowatthour,million kilowatthours
2023-03,NJ,New Jersey,RES,residential,17.13,2049.11479,cents per kilowatthour,million kilowatthours
2023-02,NJ,New Jersey,RES,residential,16.99,2041.18763,cents per kilowatthour,million kilowatthours
2023-01,NJ,New Jersey,RES,residential,16.91,2285.02413,cents per kilowatthour,million kilowatthours
2022-12,NJ,New Jersey,RES,residential,16.68,2456.36299,cents per kilowatthour,million kilowatthours
2022-11,NJ,New Jersey,RES,residential,16.19,1852.56297,cents per kilowatthour,million kilowatthours
2022-10,NJ,New Jersey,RES,residential,16.32,1633.9079,cents per kilowatthour,million kilowatthours
2022-09,NJ,New Jersey,RES,residential,16.59,2417.13795,cents per kilowatthour,million kilowatthours
2022-08,NJ,New Jersey,RES,residential,17.24,4026.18402,cents per kilowatthour,million kilowatthours
2022-07,NJ,New Jersey,RES,residential,17.1,4172.12541,cents per kilowatthour,million kilowatthours
2022-06,NJ,New Jersey,RES,residential,17.13,2787.00783,cents per kilowatthour,million kilowatthours
2022-05,NJ,New Jersey,RES,residential,16.93,2152.20312,cents per kilowatthour,million kilowatthours
2022-04,NJ,New Jersey,RES,residential,16.97,1761.79505,cents per kilowatthour,million kilowatthours
2022-03,NJ,New Jersey,RES,residential,16.86,1938.88845,cents per kilowatthour,million kilowatthours
2022-02,NJ,New Jersey,RES,residential,15.7,2128.74468,cents per kilowatthour,million kilowatthours
2022-01,NJ,New Jersey,RES,residential,16.27,2735.27162,cents per kilowatthour,million kilowatthours
2021-12,NJ,New Jersey,RES,residential,15.97,2242.44014,cents per kilowatthour,million kilowatthours
2021-11,NJ,New Jersey,RES,residential,16.13,1919.15629,cents per kilowatthour,million kilowatthours
2021-10,NJ,New Jersey,RES,residential,16.18,1868.03866,cents per kilowatthour,million kilowatthours
2021-09,NJ,New Jersey,RES,residential,16.29,2595.7406,cents per kilowatthour,million kilowatthours
2021-08,NJ,New Jersey,RES,residential,16.75,3746.76116,cents per kilowatthour,million kilowatthours
2021-07,NJ,New Jersey,RES,residential,16.94,3769.61288,cents per kilowatthour,million kilowatthours
2021-06,NJ,New Jersey,RES,residential,16.38,3175.17587,cents per kilowatthour,million kilowatthours
2021-05,NJ,New Jersey,RES,residential,15.95,2016.44984,cents per kilowatthour,million kilowatthours
2021-04,NJ,New Jersey,RES,residential,16.5,1775.58497,cents per kilowatthour,million kilowatthours
2021-03,NJ,New Jersey,RES,residential,15.95,2143.25484,cents per kilowatthour,million kilowatthours
2021-02,NJ,New Jersey,RES,residential,16.36,2225.32074,cents per kilowatthour,million kilowatthours
2021-01,NJ,New Jersey,RES,residential,16.14,2612.83501,cents per kilowatthour,million kilowatthours
