Capstone 3/eia_energy_data.csv
period,stateid,stateDescription,sectorid,sectorName,price,sales,price-units,sales-units
2024-05,NH,New Hampshire,RES,residential,23.01,326.2355,cents per kilowatthour,million kilowatthours
2024-04,NH,New Hampshire,RES,residential,23,342.76926,cents per kilowatthour,million kilowatthours
2024-03,NH,New Hampshire,RES,residential,22.43,382.81703,cents per kilowatthour,million kilowatthours
2024-02,NH,New Hampshire,RES,residential,23.76,417.05482,cents per kilowatthour,million kilowatthours
2024-01,NH,New Hampshire,RES,residential,25.07,448.15759,cents per kilowatthour,million kilowatthours
2023-12,NH,New Hampshire,RES,residential,24.98,425.73034,cents per kilowatthour,million kilowatthours
2023-11,NH,New Hampshire,RES,residential,25.85,349.36235,cents per kilowatthour,million kilowatthours
2023-10,NH,New Hampshire,RES,residential,25.77,317.51615,cents per kilowatthour,million kilowatthours
2023-09,NH,New Hampshire,RES,residential,23.31,386.73603,cents per kilowatthour,million kilowatthours
2023-08,NH,New Hampshire,RES,residential,26.18,438.40049,cents per kilowatthour,million kilowatthours
2023-07,NH,New Hampshire,RES,residential,29.26,477.05414,cents per kilowatthour,million kilowatthours
2023-06,NH,New Hampshire,RES,residential,29.78,341.19857,cents per kilowatthour,million kilowatthours
2023-05,NH,New Hampshire,RES,residential,30.67,312.70691,cents per kilowatthour,million kilowatthours
2023-04,NH,New Hampshire,RES,residential,30.87,324.91573,cents per kilowatthour,million kilowatthours
2023-03,NH,New Hampshire,RES,residential,30.31,395.53425,cents per kilowatthour,million kilowatthours
2023-02,NH,New Hampshire,RES,residential,31.06,402.59769,cents per kilowatthour,million kilowatthours
2023-01,NH,New Hampshire,RES,residential,31.74,447.06189,cents per kilowatthour,million kilowatthours
2022-12,NH,New Hampshire,RES,residential,30.88,420.31987,cents per kilowatthour,million kilowatthours
2022-11,NH,New Hampshire,RES,residential,30.61,335.06866,cents per kilowatthour,million kilowatthours
2022-10,NH,New Hampshire,RES,residential,30.43,306.3912,cents per kilowatthour,million kilowatthours
2022-09,NH,New Hampshire,RES,residential,32.26,360.78181,cents per kilowatthour,million kilowatthours
2022-08,NH,New Hampshire,RES,residential,27.42,518.88639,cents per kilowatthour,million kilowatthours
2022-07,NH,New Hampshire,RES,residential,21.77,482.44593,cents per kilowatthour,million kilowatthours
2022-06,NH,New Hampshire,RES,residential,22.67,365.22265,cents per kilowatthour,million kilowatthours
2022-05,NH,New Hampshire,RES,residential,23.02,339.22025,cents per kilowatthour,million kilowatthours
2022-04,NH,New Hampshire,RES,residential,23.13,337.93277,cents per kilowatthour,million kilowatthours
2022-03,NH,New Hampshire,RES,residential,22.94,403.51057,cents per kilowatthour,million kilowatthours
2022-02,NH,New Hampshire,RES,residential,22.11,437.79082,cents per kilowatthour,million kilowatthours
2022-01,NH,New Hampshire,RES,residential,21.23,500.75109,cents per kilowatthour,million kilowatthours
2021-12,NH,New Hampshire,RES,residential,21.02,450.49458,cents per kilowatthour,million kilowatthours
2021-11,NH,New Hampshire,RES,residential,21.16,341.229,cents per kilowatthour,million kilowatthours
2021-10,NH,New Hampshire,RES,residential,21.06,314.49724,cents per kilowatthour,million kilowatthours
2021-09,NH,New Hampshire,RES,residential,20.66,402.22601,cents per kilowatthour,million kilowatthours
2021-08,NH,New Hampshire,RES,residential,19.58,474.48636,cents per kilowatthour,million kilowatthours
2021-07,NH,New Hampshire,RES,residential,19.05,459.21883,cents per kilowatthour,million kilowatthours
2021-06,NH,New Hampshire,RES,residential,19.27,422.83033,cents per kilowatthour,million kilowatthours
2021-05,NH,New Hampshire,RES,residential,19.95,322.8356,cents per kilowatthour,million kilowatthours
2021-04,NH,New Hampshire,RES,residential,19.81,331.63003,cents per kilowatthour,million kilowatthours
2021-03,NH,New Hampshire,RES,residential,19.22,411.83617,cents per kilowatthour,million kilowatthours
2021-02,NH,New Hampshire,RES,residential,19.27,428.77985,cents per kilowatthour,million kilowatthours
2021-01,NH,New Hampshire,RES,residential,18.93,471.84702,cents per kilowatthour,million kilowatthours
2024-05,NV,Nevada,RES,residential,16.18,1070.86919,cents per kilowatthour,million kilowatthours
2024-04,NV,Nevada,RES,residential,16.59,801.73656,cents per kilowatthour,million kilowatthours
2024-03,NV,Nevada,RES,residential,16.82,768.95715,cents per kilowatthour,million kilowatthours
2024-02,NV,Nevada,RES,residential,16.69,801.15038,cents per kilowatthour,million kilowatthours
2024-01,NV,Nevada,RES,residential,16.38,940.73186,cents per kilowatthour,million kilowatthours
2023-12,NV,Nevada,RES,residential,15.55,902.75515,cents per kilowatthour,million kilowatthours
2023-11,NV,Nevada,RES,residential,17.11,805.15981,cents per kilowatthour,million kilowatthours
2023-10,NV,Nevada,RES,residential,14.63,887.10736,cents per kilowatthour,million kilowatthours
2023-09,NV,Nevada,RES,residential,16.94,1215.0378,cents per kilowatthour,million kilowatthours
2023-08,NV,Nevada,RES,residential,16.47,1739.97836,cents per kilowatthour,million kilowatthours
2023-07,NV,Nevada,RES,residential,16.32,2153.32859,cents per kilowatthour,million kilowatthours
2023-06,NV,Nevada,RES,residential,17.39,1222.16745,cents per kilowatthour,million kilowatthours
2023-05,NV,Nevada,RES,residential,17.43,1077.86831,cents per kilowatthour,million kilowatthours
2023-04,NV,Nevada,RES,residential,17.59,818.31912,cents per kilowatthour,million kilowatthours
2023-03,NV,Nevada,RES,residential,17.11,847.61448,cents per kilowatthour,million kilowatthours
2023-02,NV,Nevada,RES,residential,17.04,861.32554,cents per kilowatthour,million kilowatthours
2023-01,NV,Nevada,RES,residential,16.81,985.70751,cents per kilowatthour,million kilowatthours
2022-12,NV,Nevada,RES,residential,14.96,984.62109,cents per kilowatthour,million kilowatthours
2022-11,NV,Nevada,RES,residential,15.23,848.20654,cents per kilowatthour,million kilowatthours
2022-10,NV,Nevada,RES,residential,15.19,1008.61006,cents per kilowatthour,million kilowatthours
2022-09,NV,Nevada,RES,residential,13.77,1527.72291,cents per kilowatthour,million kilowatthours
2022-08,NV,Nevada,RES,residential,13.56,1866.73668,cents per kilowatthour,million kilowatthours
2022-07,NV,Nevada,RES,residential,13.48,2034.00755,cents per kilowatthour,million kilowatthours
2022-06,NV,Nevada,RES,residential,13.16,1581.21929,cents per kilowatthour,million kilowatthours
2022-05,NV,Nevada,RES,residential,13.55,1091.79924,cents per kilowatthour,million kilowatthours
2022-04,NV,Nevada,RES,residential,13.88,811.84648,cents per kilowatthour,million kilowatthours
2022-03,NV,Nevada,RES,residential,13.38,788.96384,cents per kilowatthour,million kilowatthours
2022-02,NV,Nevada,RES,residential,13.17,809.46054,cents per kilowatthour,million kilowatthours
2022-01,NV,Nevada,RES,residential,12.93,953.33478,cents per kilowatthour,million kilowatthours
2021-12,NV,Nevada,RES,residential,12.18,966.45814,cents per kilowatthour,million kilowatthours
2021-11,NV,Nevada,RES,residential,12.67,768.40106,cents per kilowatthour,million kilowatthours
2021-10,NV,Nevada,RES,residential,12.58,837.65526,cents per kilowatthour,million kilowatthours
2021-09,NV,Nevada,RES,residential,11.21,1474.44336,cents per kilowatthour,million kilowatthours
2021-08,NV,Nevada,RES,residential,10.98,1923.75765,cents per kilowatthour,million kilowatthours
2021-07,NV,Nevada,RES,residential,10.85,2133.77741,cents per kilowatthour,million kilowatthours
2021-06,NV,Nevada,RES,residential,11.22,1791.6159,cents per kilowatthour,million kilowatthours
2021-05,NV,Nevada,RES,residential,11.12,1108.94889,cents per kilowatthour,million kilowatthours
2021-04,NV,Nevada,RES,residential,12.16,821.14498,cents per kilowatthour,million kilowatthours
2021-03,NV,Nevada,RES,residential,11.94,813.51617,cents per kilowatthour,million kilowatthours
2021-02,NV,Nevada,RES,residential,11.82,781.84689,cents per kilowatthour,million kilowatthours
2021-01,NV,Nevada,RES,residential,11.52,951.7913,cents per kilowatthour,million kilowatthours
2024-05,NE,Nebraska,RES,residential,12.22,678.39184,cents per kilowatthour,million kilowatthours
2024-04,NE,Nebraska,RES,residential,11.85,688.94906,cents per kilowatthour,million kilowatthours
2024-03,NE,Nebraska,RES,residential,11.61,787.86145,cents per kilowatthour,million kilowatthours
2024-02,NE,Nebraska,RES,residential,10.72,852.49527,cents per kilowatthour,million kilowatthours
2024-01,NE,Nebraska,RES,residential,9.85,1246.14243,cents per kilowatthour,million kilowatthours
2023-12,NE,Nebraska,RES,residential,10.58,956.61627,cents per kilowatthour,million kilowatthours
2023-11,NE,Nebraska,RES,residential,11.36,727.58273,cents per kilowatthour,million kilowatthours
2023-10,NE,Nebraska,RES,residential,11.77,690.63396,cents per kilowatthour,million kilowatthours
2023-09,NE,Nebraska,RES,residential,12.4,874.03602,cents per kilowatthour,million kilowatthours
2023-08,NE,Nebraska,RES,residential,12.26,1042.47962,cents per kilowatthour,million kilowatthours
2023-07,NE,Nebraska,RES,residential,12.43,1018.00709,cents per kilowatthour,million kilowatthours
2023-06,NE,Nebraska,RES,residential,12.06,893.19659,cents per kilowatthour,million kilowatthours
2023-05,NE,Nebraska,RES,residential,11.88,696.29396,cents per kilowatthour,million kilowatthours
2023-04,NE,Nebraska,RES,residential,11.3,719.12059,cents per kilowatthour,million kilowatthours
2023-03,NE,Nebraska,RES,residential,10.57,949.03196,cents per kilowatthour,million kilowatthours
2023-02,NE,Nebraska,RES,residential,10.25,926.3078,cents per kilowatthour,million kilowatthours
2023-01,NE,Nebraska,RES,residential,9.35,1181.15144,cents per kilowatthour,million kilowatthours
2022-12,NE,Nebraska,RES,residential,9.7,1130.474,cents per kilowatthour,million kilowatthours
2022-11,NE,Nebraska,RES,residential,10.58,765.69622,cents per kilowatthour,million kilowatthours
2022-10,NE,Nebraska,RES,residential,11.86,649.47069,cents per kilowatthour,million kilowatthours
2022-09,NE,Nebraska,RES,residential,12.02,851.36451,cents per kilowatthour,million kilowatthours
2022-08,NE,Nebraska,RES,residential,11.62,1111.43005,cents per kilowatthour,million kilowatthours
2022-07,NE,Nebraska,RES,residential,11.9,1114.99287,cents per kilowatthour,million kilowatthours
2022-06,NE,Nebraska,RES,residential,11.46,902.82641,cents per kilowatthour,million kilowatthours
2022-05,NE,Nebraska,RES,residential,11.12,719.36309,cents per kilowatthour,million kilowatthours
2022-04,NE,Nebraska,RES,residential,10.93,703.65326,cents per kilowatthour,million kilowatthours
2022-03,NE,Nebraska,RES,residential,10.18,919.41869,cents per kilowatthour,million kilowatthours
2022-02,NE,Nebraska,RES,residential,9.63,979.2373,cents per kilowatthour,million kilowatthours
2022-01,NE,Nebraska,RES,residential,9.29,1135.72193,cents per kilowatthour,million kilowatthours
2021-12,NE,Nebraska,RES,residential,10.11,936.42077,cents per kilowatthour,million kilowatthours
2021-11,NE,Nebraska,RES,residential,10.83,722.17797,cents per kilowatthour,million kilowatthours
2021-10,NE,Nebraska,RES,residential,11.35,677.89255,cents per kilowatthour,million kilowatthours
2021-09,NE,Nebraska,RES,residential,11.69,869.06231,cents per kilowatthour,million kilowatthours
2021-08,NE,Nebraska,RES,residential,11.55,1027.97141,cents per kilowatthour,million kilowatthours
2021-07,NE,Nebraska,RES,residential,11.54,1086.82057,cents per kilowatthour,million kilowatthours
2021-06,NE,Nebraska,RES,residential,11.25,905.57912,cents per kilowatthour,million kilowatthours
2021-05,NE,Nebraska,RES,residential,11.26,652.90146,cents per kilowatthour,million kilowatthours
2021-04,NE,Nebraska,RES,residential,11.48,644.52333,cents per kilowatthour,million kilowatthours
2021-03,NE,Nebraska,RES,residential,10.03,901.06441,cents per kilowatthour,million kilowatthours
2021-02,NE,Nebraska,RES,residential,9.32,1059.95244,cents per kilowatthour,million kilowatthours
2021-01,NE,Nebraska,RES,residential,9.31,1008.00268,cents per kilowatthour,million kilowatthours
2024-05,MT,Montana,RES,residential,13.26,395.944,cents per kilowatthour,million kilowatthours
2024-04,MT,Montana,RES,residential,12.52,437.87161,cents per kilowatthour,million kilowatthours
2024-03,MT,Montana,RES,residential,12.22,522.29996,cents per kilowatthour,million kilowatthours
2024-02,MT,Montana,RES,residential,11.96,612.08019,cents per kilowatthour,million kilowatthours
2024-01,MT,Montana,RES,residential,11.98,676.10302,cents per kilowatthour,million kilowatthours
2023-12,MT,Montana,RES,residential,12.61,582.39971,cents per kilowatthour,million kilowatthours
2023-11,MT,Montana,RES,residential,12.61,461.29639,cents per kilowatthour,million kilowatthours
2023-10,MT,Montana,RES,residential,12.96,365.9779,cents per kilowatthour,million kilowatthours
2023-09,MT,Montana,RES,residential,13.18,385.30203,cents per kilowatthour,million kilowatthours
2023-08,MT,Montana,RES,residential,12.96,481.27271,cents per kilowatthour,million kilowatthours
2023-07,MT,Montana,RES,residential,13.1,422.17256,cents per kilowatthour,million kilowatthours
2023-06,MT,Montana,RES,residential,13.19,358.28027,cents per kilowatthour,million kilowatthours
2023-05,MT,Montana,RES,residential,12.82,383.75843,cents per kilowatthour,million kilowatthours
2023-04,MT,Montana,RES,residential,12.28,472.41808,cents per kilowatthour,million kilowatthours
2023-03,MT,Montana,RES,residential,12.14,599.59142,cents per kilowatthour,million kilowatthours
2023-02,MT,Montana,RES,residential,11.98,571.85043,cents per kilowatthour,million kilowatthours
2023-01,MT,Montana,RES,residential,10.73,674.93528,cents per kilowatthour,million kilowatthours
2022-12,MT,Montana,RES,residential,11.77,689.13572,cents per kilowatthour,million kilowatthours
2022-11,MT,Montana,RES,residential,12.23,476.21897,cents per kilowatthour,million kilowatthours
2022-10,MT,Montana,RES,residential,12.42,348.14831,cents per kilowatthour,million kilowatthours
2022-09,MT,Montana,RES,residential,11.7,415.78378,cents per kilowatthour,million kilowatthours
2022-08,MT,Montana,RES,residential,11.53,511.32837,cents per kilowatthour,million kilowatthours
2022-07,MT,Montana,RES,residential,11.66,423.31064,cents per kilowatthour,million kilowatthours
2022-06,MT,Montana,RES,residential,11.56,367.88429,cents per kilowatthour,million kilowatthours
2022-05,MT,Montana,RES,residential,11.17,418.27518,cents per kilowatthour,million kilowatthours
2022-04,MT,Montana,RES,residential,10.96,457.02648,cents per kilowatthour,million kilowatthours
2022-03,MT,Montana,RES,residential,10.71,541.3962,cents per kilowatthour,million kilowatthours
2022-02,MT,Montana,RES,residential,10.38,579.66119,cents per kilowatthour,million kilowatthours
2022-01,MT,Montana,RES,residential,10.63,666.32987,cents per kilowatthour,million kilowatthours
2021-12,MT,Montana,RES,residential,11.12,558.7827,cents per kilowatthour,million kilowatthours
2021-11,MT,Montana,RES,residential,11.38,435.18068,cents per kilowatthour,million kilowatthours
2021-10,MT,Montana,RES,residential,11.71,346.688,cents per kilowatthour,million kilowatthours
2021-09,MT,Montana,RES,residential,11.82,361.90508,cents per kilowatthour,million kilowatthours
2021-08,MT,Montana,RES,residential,11.61,471.12818,cents per kilowatthour,million kilowatthours
2021-07,MT,Montana,RES,residential,11.54,496.1239,cents per kilowatthour,million kilowatthours
2021-06,MT,Montana,RES,residential,11.5,394.25127,cents per kilowatthour,million kilowatthours
2021-05,MT,Montana,RES,residential,11.28,374.96255,cents per kilowatthour,million kilowatthours
2021-04,MT,Montana,RES,residential,11.06,424.37798,cents per kilowatthour,million kilowatthours
2021-03,MT,Montana,RES,residential,10.91,542.82397,cents per kilowatthour,million kilowatthours
2021-02,MT,Montana,RES,residential,10.66,577.91969,cents per kilowatthour,million kilowatthours
2021-01,MT,Montana,RES,residential,10.7,575.30201,cents per kilowatthour,million kilowatthours
