Capstone 3/eia_energy_data.csv
period,stateid,stateDescription,sectorid,sectorName,price,sales,price-units,sales-units
2024-05,MO,Missouri,RES,residential,12.62,2430.86948,cents per kilowatthour,million kilowatthours
2024-04,MO,Missouri,RES,residential,12.52,2210.81413,cents per kilowatthour,million kilowatthours
2024-03,MO,Missouri,RES,residential,12.56,2451.33754,cents per kilowatthour,million kilowatthours
2024-02,MO,Missouri,RES,residential,11.43,2947.98046,cents per kilowatthour,million kilowatthours
2024-01,MO,Missouri,RES,residential,10.82,4043.86866,cents per kilowatthour,million kilowatthours
2023-12,MO,Missouri,RES,residential,11.52,2982.5336,cents per kilowatthour,million kilowatthours
2023-11,MO,Missouri,RES,residential,12.19,2436.37095,cents per kilowatthour,million kilowatthours
2023-10,MO,Missouri,RES,residential,12.41,2267.82575,cents per kilowatthour,million kilowatthours
2023-09,MO,Missouri,RES,residential,14.23,2993.31082,cents per kilowatthour,million kilowatthours
2023-08,MO,Missouri,RES,residential,14.43,3716.84184,cents per kilowatthour,million kilowatthours
2023-07,MO,Missouri,RES,residential,14.63,3824.79751,cents per kilowatthour,million kilowatthours
2023-06,MO,Missouri,RES,residential,14.28,3108.99616,cents per kilowatthour,million kilowatthours
2023-05,MO,Missouri,RES,residential,12.46,2380.97164,cents per kilowatthour,million kilowatthours
2023-04,MO,Missouri,RES,residential,12,2203.09155,cents per kilowatthour,million kilowatthours
2023-03,MO,Missouri,RES,residential,11.65,2739.80758,cents per kilowatthour,million kilowatthours
2023-02,MO,Missouri,RES,residential,11.57,2881.24554,cents per kilowatthour,million kilowatthours
2023-01,MO,Missouri,RES,residential,10.73,3552.46531,cents per kilowatthour,million kilowatthours
2022-12,MO,Missouri,RES,residential,10.54,3500.5791,cents per kilowatthour,million kilowatthours
2022-11,MO,Missouri,RES,residential,11.41,2537.57617,cents per kilowatthour,million kilowatthours
2022-10,MO,Missouri,RES,residential,11.58,2179.23749,cents per kilowatthour,million kilowatthours
2022-09,MO,Missouri,RES,residential,13.47,2864.86221,cents per kilowatthour,million kilowatthours
2022-08,MO,Missouri,RES,residential,13.96,3883.3094,cents per kilowatthour,million kilowatthours
2022-07,MO,Missouri,RES,residential,13.62,4131.86826,cents per kilowatthour,million kilowatthours
2022-06,MO,Missouri,RES,residential,13.52,3328.5802,cents per kilowatthour,million kilowatthours
2022-05,MO,Missouri,RES,residential,11.4,2498.08803,cents per kilowatthour,million kilowatthours
2022-04,MO,Missouri,RES,residential,10.98,2299.88624,cents per kilowatthour,million kilowatthours
2022-03,MO,Missouri,RES,residential,10.53,2752.87487,cents per kilowatthour,million kilowatthours
2022-02,MO,Missouri,RES,residential,9.51,3496.77644,cents per kilowatthour,million kilowatthours
2022-01,MO,Missouri,RES,residential,9.62,3771.33162,cents per kilowatthour,million kilowatthours
2021-12,MO,Missouri,RES,residential,10.54,2822.8017,cents per kilowatthour,million kilowatthours
2021-11,MO,Missouri,RES,residential,10.92,2442.5079,cents per kilowatthour,million kilowatthours
2021-10,MO,Missouri,RES,residential,11.2,2274.63481,cents per kilowatthour,million kilowatthours
2021-09,MO,Missouri,RES,residential,13.06,3046.69158,cents per kilowatthour,million kilowatthours
2021-08,MO,Missouri,RES,residential,13.16,3833.22446,cents per kilowatthour,million kilowatthours
2021-07,MO,Missouri,RES,residential,13.15,3673.70747,cents per kilowatthour,million kilowatthours
2021-06,MO,Missouri,RES,residential,13.22,3162.30066,cents per kilowatthour,million kilowatthours
2021-05,MO,Missouri,RES,residential,11.38,2187.55631,cents per kilowatthour,million kilowatthours
2021-04,MO,Missouri,RES,residential,11.08,2168.28259,cents per kilowatthour,million kilowatthours
2021-03,MO,Missouri,RES,residential,10.26,2648.68484,cents per kilowatthour,million kilowatthours
2021-02,MO,Missouri,RES,residential,9.28,3797.99796,cents per kilowatthour,million kilowatthours
2021-01,MO,Missouri,RES,residential,9.3,3610.01874,cents per kilowatthour,million kilowatthours
2024-05,MS,Mississippi,RES,residential,13.86,1390.78406,cents per kilowatthour,million kilowatthours
2024-04,MS,Mississippi,RES,residential,14.64,1101.41601,cents per kilowatthour,million kilowatthours
2024-03,MS,Mississippi,RES,residential,14.24,1181.06963,cents per kilowatthour,million kilowatthours
2024-02,MS,Mississippi,RES,residential,13.19,1592.51219,cents per kilowatthour,million kilowatthours
2024-01,MS,Mississippi,RES,residential,12.72,1915.81842,cents per kilowatthour,million kilowatthours
2023-12,MS,Mississippi,RES,residential,13.25,1421.9767,cents per kilowatthour,million kilowatthours
2023-11,MS,Mississippi,RES,residential,13.65,1206.1899,cents per kilowatthour,million kilowatthours
2023-10,MS,Mississippi,RES,residential,13.67,1430.79372,cents per kilowatthour,million kilowatthours
2023-09,MS,Mississippi,RES,residential,13.05,2093.31018,cents per kilowatthour,million kilowatthours
2023-08,MS,Mississippi,RES,residential,12.9,2347.8311,cents per kilowatthour,million kilowatthours
2023-07,MS,Mississippi,RES,residential,13.02,2145.08252,cents per kilowatthour,million kilowatthours
2023-06,MS,Mississippi,RES,residential,13.46,1687.56743,cents per kilowatthour,million kilowatthours
2023-05,MS,Mississippi,RES,residential,14.09,1228.0999,cents per kilowatthour,million kilowatthours
2023-04,MS,Mississippi,RES,residential,14.08,1154.30558,cents per kilowatthour,million kilowatthours
2023-03,MS,Mississippi,RES,residential,13.99,1240.94282,cents per kilowatthour,million kilowatthours
2023-02,MS,Mississippi,RES,residential,13.77,1432.90824,cents per kilowatthour,million kilowatthours
2023-01,MS,Mississippi,RES,residential,13.18,1680.78163,cents per kilowatthour,million kilowatthours
2022-12,MS,Mississippi,RES,residential,12.33,1493.93267,cents per kilowatthour,million kilowatthours
2022-11,MS,Mississippi,RES,residential,13.39,1169.08219,cents per kilowatthour,million kilowatthours
2022-10,MS,Mississippi,RES,residential,13.2,1322.22914,cents per kilowatthour,million kilowatthours
2022-09,MS,Mississippi,RES,residential,13.02,1737.28016,cents per kilowatthour,million kilowatthours
2022-08,MS,Mississippi,RES,residential,12.33,2034.51023,cents per kilowatthour,million kilowatthours
2022-07,MS,Mississippi,RES,residential,12.08,2157.94989,cents per kilowatthour,million kilowatthours
2022-06,MS,Mississippi,RES,residential,12.39,1831.79691,cents per kilowatthour,million kilowatthours
2022-05,MS,Mississippi,RES,residential,12.87,1338.02728,cents per kilowatthour,million kilowatthours
2022-04,MS,Mississippi,RES,residential,12.92,1130.03453,cents per kilowatthour,million kilowatthours
2022-03,MS,Mississippi,RES,residential,12.44,1350.68795,cents per kilowatthour,million kilowatthours
2022-02,MS,Mississippi,RES,residential,11.55,1670.95224,cents per kilowatthour,million kilowatthours
2022-01,MS,Mississippi,RES,residential,11.27,1681.39383,cents per kilowatthour,million kilowatthours
2021-12,MS,Mississippi,RES,residential,11.82,1319.64249,cents per kilowatthour,million kilowatthours
2021-11,MS,Mississippi,RES,residential,12.23,1212.2234,cents per kilowatthour,million kilowatthours
2021-10,MS,Mississippi,RES,residential,11.8,1397.98053,cents per kilowatthour,million kilowatthours
2021-09,MS,Mississippi,RES,residential,11.44,1848.54262,cents per kilowatthour,million kilowatthours
2021-08,MS,Mississippi,RES,residential,11.46,2012.40178,cents per kilowatthour,million kilowatthours
2021-07,MS,Mississippi,RES,residential,11.48,1920.79605,cents per kilowatthour,million kilowatthours
2021-06,MS,Mississippi,RES,residential,11.77,1583.02264,cents per kilowatthour,million kilowatthours
2021-05,MS,Mississippi,RES,residential,12.25,1191.25062,cents per kilowatthour,million kilowatthours
2021-04,MS,Mississippi,RES,residential,11.96,1129.65355,cents per kilowatthour,million kilowatthours
2021-03,MS,Mississippi,RES,residential,11.36,1505.61897,cents per kilowatthour,million kilowatthours
2021-02,MS,Mississippi,RES,residential,11.17,1649.75751,cents per kilowatthour,million kilowatthours
2021-01,MS,Mississippi,RES,residential,10.65,1799.04583,cents per kilowatthour,million kilowatthours
2024-05,CA,California,RES,residential,34.31,5270.49171,cents per kilowatthour,million kilowatthours
2024-04,CA,California,RES,residential,34.26,5414.58377,cents per kilowatthour,million kilowatthours
2024-03,CA,California,RES,residential,32.47,5918.23139,cents per kilowatthour,million kilowatthours
2024-02,CA,California,RES,residential,31.23,6305.04278,cents per kilowatthour,million kilowatthours
2024-01,CA,California,RES,residential,29.49,7557.23395,cents per kilowatthour,million kilowatthours
2023-12,CA,California,RES,residential,29.11,6554.61937,cents per kilowatthour,million kilowatthours
2023-11,CA,California,RES,residential,29.41,6224.357,cents per kilowatthour,million kilowatthours
2023-10,CA,California,RES,residential,26.73,6037.123,cents per kilowatthour,million kilowatthours
2023-09,CA,California,RES,residential,29.99,7923.89607,cents per kilowatthour,million kilowatthours
2023-08,CA,California,RES,residential,29.84,9858.21971,cents per kilowatthour,million kilowatthours
2023-07,CA,California,RES,residential,29.38,8308.80889,cents per kilowatthour,million kilowatthours
2023-06,CA,California,RES,residential,31.25,5972.44815,cents per kilowatthour,million kilowatthours
2023-05,CA,California,RES,residential,29.8,5596.65714,cents per kilowatthour,million kilowatthours
2023-04,CA,California,RES,residential,29.56,5770.21911,cents per kilowatthour,million kilowatthours
2023-03,CA,California,RES,residential,28.12,6558.83759,cents per kilowatthour,million kilowatthours
2023-02,CA,California,RES,residential,27.26,6127.8603,cents per kilowatthour,million kilowatthours
2023-01,CA,California,RES,residential,26.48,8065.23117,cents per kilowatthour,million kilowatthours
2022-12,CA,California,RES,residential,26.04,6817.67816,cents per kilowatthour,million kilowatthours
2022-11,CA,California,RES,residential,25.52,6370.38455,cents per kilowatthour,million kilowatthours
2022-10,CA,California,RES,residential,25.76,6840.73197,cents per kilowatthour,million kilowatthours
2022-09,CA,California,RES,residential,25.96,10324.49803,cents per kilowatthour,million kilowatthours
2022-08,CA,California,RES,residential,26.49,10768.46775,cents per kilowatthour,million kilowatthours
2022-07,CA,California,RES,residential,26.18,8972.98522,cents per kilowatthour,million kilowatthours
2022-06,CA,California,RES,residential,28.16,7600.56372,cents per kilowatthour,million kilowatthours
2022-05,CA,California,RES,residential,27.21,6186.95556,cents per kilowatthour,million kilowatthours
2022-04,CA,California,RES,residential,23.28,5531.39779,cents per kilowatthour,million kilowatthours
2022-03,CA,California,RES,residential,26.37,6264.94106,cents per kilowatthour,million kilowatthours
2022-02,CA,California,RES,residential,25.34,5666.62954,cents per kilowatthour,million kilowatthours
2022-01,CA,California,RES,residential,23.07,8196.97462,cents per kilowatthour,million kilowatthours
2021-12,CA,California,RES,residential,23.38,7382.76737,cents per kilowatthour,million kilowatthours
2021-11,CA,California,RES,residential,23.87,5795.61794,cents per kilowatthour,million kilowatthours
2021-10,CA,California,RES,residential,22.02,6193.68161,cents per kilowatthour,million kilowatthours
2021-09,CA,California,RES,residential,23.49,9038.22576,cents per kilowatthour,million kilowatthours
2021-08,CA,California,RES,residential,23.39,10279.14937,cents per kilowatthour,million kilowatthours
2021-07,CA,California,RES,residential,22.49,10773.1155,cents per kilowatthour,million kilowatthours
2021-06,CA,California,RES,residential,23.13,7549.11498,cents per kilowatthour,million kilowatthours
2021-05,CA,California,RES,residential,22.74,6543.27856,cents per kilowatthour,million kilowatthours
2021-04,CA,California,RES,residential,23.37,5324.16915,cents per kilowatthour,million kilowatthours
2021-03,CA,California,RES,residential,22.04,7544.19993,cents per kilowatthour,million kilowatthours
2021-02,CA,California,RES,residential,22.5,6320.65165,cents per kilowatthour,million kilowatthours
2021-01,CA,California,RES,residential,21.45,7540.17118,cents per kilowatthour,million kilowatthours
2024-05,AR,Arkansas,RES,residential,12.27,1234.88068,cents per kilowatthour,million kilowatthours
2024-04,AR,Arkansas,RES,residential,12.6,1092.82679,cents per kilowatthour,million kilowatthours
2024-03,AR,Arkansas,RES,residential,12.88,1205.04663,cents per kilowatthour,million kilowatthours
2024-02,AR,Arkansas,RES,residential,11.89,1686.97167,cents per kilowatthour,million kilowatthours
2024-01,AR,Arkansas,RES,residential,11.24,2092.56172,cents per kilowatthour,million kilowatthours
2023-12,AR,Arkansas,RES,residential,11.61,1498.6969,cents per kilowatthour,million kilowatthours
2023-11,AR,Arkansas,RES,residential,12.11,1210.23514,cents per kilowatthour,million kilowatthours
2023-10,AR,Arkansas,RES,residential,12.71,1306.09624,cents per kilowatthour,million kilowatthours
2023-09,AR,Arkansas,RES,residential,12.67,1878.41122,cents per kilowatthour,million kilowatthours
2023-08,AR,Arkansas,RES,residential,12.45,2195.24807,cents per kilowatthour,million kilowatthours
2023-07,AR,Arkansas,RES,residential,12.51,2005.60358,cents per kilowatthour,million kilowatthours
2023-06,AR,Arkansas,RES,residential,12.44,1546.95717,cents per kilowatthour,million kilowatthours
2023-05,AR,Arkansas,RES,residential,12.31,1169.58242,cents per kilowatthour,million kilowatthours
2023-04,AR,Arkansas,RES,residential,12.34,1117.35428,cents per kilowatthour,million kilowatthours
2023-03,AR,Arkansas,RES,residential,12.2,1292.58013,cents per kilowatthour,million kilowatthours
2023-02,AR,Arkansas,RES,residential,11.99,1582.54207,cents per kilowatthour,million kilowatthours
2023-01,AR,Arkansas,RES,residential,11.42,1829.99451,cents per kilowatthour,million kilowatthours
2022-12,AR,Arkansas,RES,residential,11.35,1640.50086,cents per kilowatthour,million kilowatthours
2022-11,AR,Arkansas,RES,residential,12.41,1198.9508,cents per kilowatthour,million kilowatthours
2022-10,AR,Arkansas,RES,residential,12.8,1265.27899,cents per kilowatthour,million kilowatthours
2022-09,AR,Arkansas,RES,residential,13.21,1685.21873,cents per kilowatthour,million kilowatthours
2022-08,AR,Arkansas,RES,residential,12.83,2086.53886,cents per kilowatthour,million kilowatthours
2022-07,AR,Arkansas,RES,residential,12.93,2211.67897,cents per kilowatthour,million kilowatthours
2022-06,AR,Arkansas,RES,residential,12.78,1667.65074,cents per kilowatthour,million kilowatthours
2022-05,AR,Arkansas,RES,residential,12.4,1246.56997,cents per kilowatthour,million kilowatthours
2022-04,AR,Arkansas,RES,residential,11.95,1155.10178,cents per kilowatthour,million kilowatthours
2022-03,AR,Arkansas,RES,residential,11.06,1531.27306,cents per kilowatthour,million kilowatthours
2022-02,AR,Arkansas,RES,residential,10.39,1796.17757,cents per kilowatthour,million kilowatthours
2022-01,AR,Arkansas,RES,residential,10.5,1765.72067,cents per kilowatthour,million kilowatthours
2021-12,AR,Arkansas,RES,residential,10.99,1390.34158,cents per kilowatthour,million kilowatthours
2021-11,AR,Arkansas,RES,residential,11.68,1208.29766,cents per kilowatthour,million kilowatthours
2021-10,AR,Arkansas,RES,residential,11.62,1329.23148,cents per kilowatthour,million kilowatthours
2021-09,AR,Arkansas,RES,residential,11.8,1858.87965,cents per kilowatthour,million kilowatthours
2021-08,AR,Arkansas,RES,residential,11.6,2021.69289,cents per kilowatthour,million kilowatthours
2021-07,AR,Arkansas,RES,residential,11.55,1931.76751,cents per kilowatthour,million kilowatthours
2021-06,AR,Arkansas,RES,residential,11.64,1508.72658,cents per kilowatthour,million kilowatthours
2021-05,AR,Arkansas,RES,residential,11.34,1137.04156,cents per kilowatthour,million kilowatthours
2021-04,AR,Arkansas,RES,residential,11.09,1099.63337,cents per kilowatthour,million kilowatthours
2021-03,AR,Arkansas,RES,residential,10.39,1667.48454,cents per kilowatthour,million kilowatthours
2021-02,AR,Arkansas,RES,residential,12.17,1851.47773,cents per kilowatthour,million kilowatthours
2021-01,AR,Arkansas,RES,residential,9.48,1913.44046,cents per kilowatthour,million kilowatthours
