Capstone 3/eia_energy_data.csv
period,stateid,stateDescription,sectorid,sectorName,price,sales,price-units,sales-units
2024-05,AZ,Arizona,RES,residential,15.5,3091.31775,cents per kilowatthour,million kilowatthours
2024-04,AZ,Arizona,RES,residential,15.24,2290.18959,cents per kilowatthour,million kilowatthours
2024-03,AZ,Arizona,RES,residential,14.95,2136.6935,cents per kilowatthour,million kilowatthours
2024-02,AZ,Arizona,RES,residential,14.46,2194.99493,cents per kilowatthour,million kilowatthours
2024-01,AZ,Arizona,RES,residential,14.11,2736.43727,cents per kilowatthour,million kilowatthours
2023-12,AZ,Arizona,RES,residential,14.41,2403.65969,cents per kilowatthour,million kilowatthours
2023-11,AZ,Arizona,RES,residential,14.53,2105.80603,cents per kilowatthour,million kilowatthours
2023-10,AZ,Arizona,RES,residential,14.52,2979.15832,cents per kilowatthour,million kilowatthours
2023-09,AZ,Arizona,RES,residential,14.39,3878.04506,cents per kilowatthour,million kilowatthours
2023-08,AZ,Arizona,RES,residential,13.82,5281.54649,cents per kilowatthour,million kilowatthours
2023-07,AZ,Arizona,RES,residential,14.12,5786.96033,cents per kilowatthour,million kilowatthours
2023-06,AZ,Arizona,RES,residential,14.28,3651.0965,cents per kilowatthour,million kilowatthours
2023-05,AZ,Arizona,RES,residential,14.3,3098.22325,cents per kilowatthour,million kilowatthours
2023-04,AZ,Arizona,RES,residential,14.11,2363.34988,cents per kilowatthour,million kilowatthours
2023-03,AZ,Arizona,RES,residential,13.61,2234.46717,cents per kilowatthour,million kilowatthours
2023-02,AZ,Arizona,RES,residential,13.1,2323.35996,cents per kilowatthour,million kilowatthours
2023-01,AZ,Arizona,RES,residential,12.62,2727.19544,cents per kilowatthour,million kilowatthours
2022-12,AZ,Arizona,RES,residential,12.57,2618.35822,cents per kilowatthour,million kilowatthours
2022-11,AZ,Arizona,RES,residential,13.11,2113.33354,cents per kilowatthour,million kilowatthours
2022-10,AZ,Arizona,RES,residential,13.11,2775.69218,cents per kilowatthour,million kilowatthours
2022-09,AZ,Arizona,RES,residential,13.27,4121.31293,cents per kilowatthour,million kilowatthours
2022-08,AZ,Arizona,RES,residential,13.18,4654.72002,cents per kilowatthour,million kilowatthours
2022-07,AZ,Arizona,RES,residential,13.08,5160.66421,cents per kilowatthour,million kilowatthours
2022-06,AZ,Arizona,RES,residential,13.21,4415.54445,cents per kilowatthour,million kilowatthours
2022-05,AZ,Arizona,RES,residential,13.15,3244.68055,cents per kilowatthour,million kilowatthours
2022-04,AZ,Arizona,RES,residential,13.14,2403.24429,cents per kilowatthour,million kilowatthours
2022-03,AZ,Arizona,RES,residential,12.66,2180.205,cents per kilowatthour,million kilowatthours
2022-02,AZ,Arizona,RES,residential,12.73,2155.65282,cents per kilowatthour,million kilowatthours
2022-01,AZ,Arizona,RES,residential,12.39,2524.2248,cents per kilowatthour,million kilowatthours
2021-12,AZ,Arizona,RES,residential,12.62,2361.33773,cents per kilowatthour,million kilowatthours
2021-11,AZ,Arizona,RES,residential,12.31,2032.86089,cents per kilowatthour,million kilowatthours
2021-10,AZ,Arizona,RES,residential,12.82,2476.57369,cents per kilowatthour,million kilowatthours
2021-09,AZ,Arizona,RES,residential,12.74,3928.23684,cents per kilowatthour,million kilowatthours
2021-08,AZ,Arizona,RES,residential,12.58,4656.9282,cents per kilowatthour,million kilowatthours
2021-07,AZ,Arizona,RES,residential,12.64,4829.93474,cents per kilowatthour,million kilowatthours
2021-06,AZ,Arizona,RES,residential,12.66,4572.96877,cents per kilowatthour,million kilowatthours
2021-05,AZ,Arizona,RES,residential,13.04,3115.25334,cents per kilowatthour,million kilowatthours
2021-04,AZ,Arizona,RES,residential,12.52,2399.8726,cents per kilowatthour,million kilowatthours
2021-03,AZ,Arizona,RES,residential,12.15,2150.05255,cents per kilowatthour,million kilowatthours
2021-02,AZ,Arizona,RES,residential,12.08,2015.27102,cents per kilowatthour,million kilowatthours
2021-01,AZ,Arizona,RES,residential,11.69,2591.04863,cents per kilowatthour,million kilowatthours
2024-05,AK,Alaska,RES,residential,25.02,149.48886,cents per kilowatthour,million kilowatthours
2024-04,AK,Alaska,RES,residential,24.89,163.52872,cents per kilowatthour,million kilowatthours
2024-03,AK,Alaska,RES,residential,24.71,190.61423,cents per kilowatthour,million kilowatthours
2024-02,AK,Alaska,RES,residential,22.88,210.49844,cents per kilowatthour,million kilowatthours
2024-01,AK,Alaska,RES,residential,23.78,228.44932,cents per kilowatthour,million kilowatthours
2023-12,AK,Alaska,RES,residential,24.7,211.10897,cents per kilowatthour,million kilowatthours
2023-11,AK,Alaska,RES,residential,24.08,180.01457,cents per kilowatthour,million kilowatthours
2023-10,AK,Alaska,RES,residential,23.98,160.71812,cents per kilowatthour,million kilowatthours
2023-09,AK,Alaska,RES,residential,24.5,144.22655,cents per kilowatthour,million kilowatthours
2023-08,AK,Alaska,RES,residential,25.07,146.59448,cents per kilowatthour,million kilowatthours
2023-07,AK,Alaska,RES,residential,24.88,142.09251,cents per kilowatthour,million kilowatthours
2023-06,AK,Alaska,RES,residential,24.72,138.98528,cents per kilowatthour,million kilowatthours
2023-05,AK,Alaska,RES,residential,24.86,151.61983,cents per kilowatthour,million kilowatthours
2023-04,AK,Alaska,RES,residential,23.38,166.35649,cents per kilowatthour,million kilowatthours
2023-03,AK,Alaska,RES,residential,23.39,195.86915,cents per kilowatthour,million kilowatthours
2023-02,AK,Alaska,RES,residential,22.86,178.53785,cents per kilowatthour,million kilowatthours
2023-01,AK,Alaska,RES,residential,21.68,230.05733,cents per kilowatthour,million kilowatthours
2022-12,AK,Alaska,RES,residential,22.2,225.21832,cents per kilowatthour,million kilowatthours
2022-11,AK,Alaska,RES,residential,23.14,186.2134,cents per kilowatthour,million kilowatthours
2022-10,AK,Alaska,RES,residential,23.66,159.02724,cents per kilowatthour,million kilowatthours
2022-09,AK,Alaska,RES,residential,23.18,142.61841,cents per kilowatthour,million kilowatthours
2022-08,AK,Alaska,RES,residential,23.86,145.49966,cents per kilowatthour,million kilowatthours
2022-07,AK,Alaska,RES,residential,24.36,145.53851,cents per kilowatthour,million kilowatthours
2022-06,AK,Alaska,RES,residential,24.11,138.42254,cents per kilowatthour,million kilowatthours
2022-05,AK,Alaska,RES,residential,24.13,150.02935,cents per kilowatthour,million kilowatthours
2022-04,AK,Alaska,RES,residential,22.83,159.84067,cents per kilowatthour,million kilowatthours
2022-03,AK,Alaska,RES,residential,22.89,183.64111,cents per kilowatthour,million kilowatthours
2022-02,AK,Alaska,RES,residential,22.08,186.9077,cents per kilowatthour,million kilowatthours
2022-01,AK,Alaska,RES,residential,22.17,227.5151,cents per kilowatthour,million kilowatthours
2021-12,AK,Alaska,RES,residential,22.14,224.38219,cents per kilowatthour,million kilowatthours
2021-11,AK,Alaska,RES,residential,22.56,197.20131,cents per kilowatthour,million kilowatthours
2021-10,AK,Alaska,RES,residential,23.19,164.26006,cents per kilowatthour,million kilowatthours
2021-09,AK,Alaska,RES,residential,23.18,147.33182,cents per kilowatthour,million kilowatthours
2021-08,AK,Alaska,RES,residential,23.27,145.04409,cents per kilowatthour,million kilowatthours
2021-07,AK,Alaska,RES,residential,23.39,144.28665,cents per kilowatthour,million kilowatthours
2021-06,AK,Alaska,RES,residential,23.58,141.02809,cents per kilowatthour,million kilowatthours
2021-05,AK,Alaska,RES,residential,23.02,148.41751,cents per kilowatthour,million kilowatthours
2021-04,AK,Alaska,RES,residential,22.27,167.3332,cents per kilowatthour,million kilowatthours
2021-03,AK,Alaska,RES,residential,22,199.32626,cents per kilowatthour,million kilowatthours
2021-02,AK,Alaska,RES,residential,21.73,199.02012,cents per kilowatthour,million kilowatthours
2021-01,AK,Alaska,RES,residential,21.42,206.27972,cents per kilowatthour,million kilowatthours
